01000000 2 01100000
01000004 2 01100000
01000008 1 0100000c
010000b8 15 01000000
010000bc 15 01000128
010000c0 28 0000000c
010000c4 6 00000009
010000c8 17 00000004
010000cc 16 00000063
010000d0 12 00000078
010000d4 13 00000001
010000d8 14 00000003
010000dc 15 0000000a
010000e0 2 010fffd0
010000e4 10 010fffd0
010000e8 11 00000008
01000110 1 01000114
01000024 12 00000020
01000028 12 010ffff0
0100002c 16 00000001
01000030 15 010fffd4
01000038 14 0000000c
0100003c 13 00000009
0100004c 15 010fffd8
01000038 14 0000000c
0100003c 13 00000004
0100004c 15 010fffdc
01000038 14 0000000c
0100003c 13 00000063
0100004c 15 010fffe0
01000038 14 00000063
0100003c 13 00000078
0100004c 15 010fffe4
01000038 14 00000078
0100003c 13 00000001
0100004c 15 010fffe8
01000038 14 00000078
0100003c 13 00000003
0100004c 15 010fffec
01000038 14 00000078
0100003c 13 0000000a
0100004c 15 010ffff0
01000054 11 00000007
01000058 12 010fffec
0100005c 15 010fffd4
01000038 14 00000009
0100003c 13 00000004
0100004c 15 010fffd8
01000038 14 00000009
0100003c 13 0000000c
0100004c 15 010fffdc
01000038 14 0000000c
0100003c 13 00000063
0100004c 15 010fffe0
01000038 14 00000063
0100003c 13 00000001
0100004c 15 010fffe4
01000038 14 00000063
0100003c 13 00000003
0100004c 15 010fffe8
01000038 14 00000063
0100003c 13 0000000a
0100004c 15 010fffec
01000054 11 00000006
01000058 12 010fffe8
0100005c 15 010fffd4
01000038 14 00000004
0100003c 13 00000009
0100004c 15 010fffd8
01000038 14 00000009
0100003c 13 0000000c
0100004c 15 010fffdc
01000038 14 0000000c
0100003c 13 00000001
0100004c 15 010fffe0
01000038 14 0000000c
0100003c 13 00000003
0100004c 15 010fffe4
01000038 14 0000000c
0100003c 13 0000000a
0100004c 15 010fffe8
01000054 11 00000005
01000058 12 010fffe4
0100005c 15 010fffd4
01000038 14 00000004
0100003c 13 00000009
0100004c 15 010fffd8
01000038 14 00000009
0100003c 13 00000001
0100004c 15 010fffdc
01000038 14 00000009
0100003c 13 00000003
0100004c 15 010fffe0
01000038 14 00000009
0100003c 13 0000000a
0100004c 15 010fffe4
01000054 11 00000004
01000058 12 010fffe0
0100005c 15 010fffd4
01000038 14 00000004
0100003c 13 00000001
0100004c 15 010fffd8
01000038 14 00000004
0100003c 13 00000003
0100004c 15 010fffdc
01000038 14 00000004
0100003c 13 00000009
0100004c 15 010fffe0
01000054 11 00000003
01000058 12 010fffdc
0100005c 15 010fffd4
01000038 14 00000001
0100003c 13 00000003
0100004c 15 010fffd8
01000038 14 00000003
0100003c 13 00000004
0100004c 15 010fffdc
01000054 11 00000002
01000058 12 010fffd8
0100005c 15 010fffd4
01000038 14 00000001
0100003c 13 00000003
0100004c 15 010fffd8
01000054 11 00000001
01000058 12 010fffd4
0100005c 15 010fffd4
01000064 11 00000000
01000114 10 010fffd0
01000118 1 0100011c
01000078 14 00000001
0100007c 15 010fffd4
01000080 10 010ffff0
01000084 13 00000001
01000088 14 00000003
0100008c 15 010fffd8
01000084 13 00000003
01000088 14 00000004
0100008c 15 010fffdc
01000084 13 00000004
01000088 14 00000009
0100008c 15 010fffe0
01000084 13 00000009
01000088 14 0000000a
0100008c 15 010fffe4
01000084 13 0000000a
01000088 14 0000000c
0100008c 15 010fffe8
01000084 13 0000000c
01000088 14 00000063
0100008c 15 010fffec
01000084 13 00000063
01000088 14 00000078
0100008c 15 010ffff0
01000098 10 00000001
0100011c 1 0100000c
01000120 2 01100000
0100000c 5 0100000c
01000010 5 01000148
