01000000 2 01100000
01000004 2 01100000
01000008 1 0100000c
0100003c 13 63657000
01000040 14 776f5000
01000044 15 0a217000
01000048 2 010fffe0
0100004c 13 63656843
01000050 14 776f566b
01000054 15 0a216c65
01000058 11 00104000
01000070 14 010fffec
01000074 12 01100000
01000078 10 00000000
0100007c 13 00000055
01000080 17 00000014
01000084 11 00104111
01000088 16 00000040
010000b0 15 00000043
01000094 15 00000002
01000098 15 00041044
0100009c 15 00000000
010000a8 14 010fffed
010000b0 15 00000068
010000b8 15 00000007
010000bc 15 00000007
01000098 15 00002082
0100009c 15 00000000
010000a8 14 010fffee
010000b0 15 00000065
010000b8 15 00000004
010000bc 15 00000004
01000098 15 00010411
0100009c 15 00000001
010000a4 10 00000001
010000a8 14 010fffef
010000b0 15 00000063
010000b8 15 00000002
010000bc 15 00000002
01000098 15 00041044
0100009c 15 00000000
010000a8 14 010ffff0
010000b0 15 0000006b
010000b8 15 0000000a
010000bc 15 0000000a
01000098 15 00000410
0100009c 15 00000000
010000a8 14 010ffff1
010000b0 15 00000056
010000b8 15 fffffff5
010000bc 15 000000f5
010000c4 14 010ffff2
010000b0 15 0000006f
010000b8 15 0000000e
010000bc 15 0000000e
01000098 15 00000041
0100009c 15 00000001
010000a4 10 00000002
010000a8 14 010ffff3
010000b0 15 00000077
010000b8 15 00000016
010000bc 15 00000016
010000c4 14 010ffff4
010000b0 15 00000065
010000b8 15 00000004
010000bc 15 00000004
01000098 15 00010411
0100009c 15 00000001
010000a4 10 00000003
010000a8 14 010ffff5
010000b0 15 0000006c
010000b8 15 0000000b
010000bc 15 0000000b
01000098 15 00000208
0100009c 15 00000000
010000a8 14 010ffff6
010000b0 15 00000021
010000a8 14 010ffff7
010000b0 15 0000000a
010000a8 14 010ffff8
010000b0 15 00000000
010000a8 14 010ffff9
010000b0 15 00000000
010000a8 14 010ffffa
010000b0 15 00000000
010000a8 14 010ffffb
010000b0 15 00000000
010000a8 14 010ffffc
010000b0 15 00000000
010000a8 14 010ffffd
010000b0 15 00000000
010000a8 14 010ffffe
010000b0 15 00000000
010000a8 14 010fffff
010000b0 15 00000000
010000a8 14 01100000
010000cc 10 00000000
010000d0 10 00000001
010000d4 2 01100000
0100000c 5 0100000c
01000010 5 010000e0
