01000000 2 01100000
01000004 2 01100000
01000008 1 0100000c
01000264 2 010fffe0
01000284 9 00000001
01000288 19 00000001
0100028c 21 00000001
01000294 9 00000002
01000298 19 00000002
010002a0 20 00000001
010002a4 8 00000000
010002a8 18 00000000
010002ac 10 00000001
010002b0 1 010002b4
010001a4 2 010fffc0
010001b0 20 00000000
010001b8 15 00000001
010001bc 20 00000001
010001c4 1 010002b4
010001c8 10 00000001
010001cc 20 00000001
010001d0 2 010fffe0
010002b4 8 00000001
010002b8 18 00000001
010002ac 10 00000001
010002b0 1 010002b4
010001a4 2 010fffc0
010001b0 20 00000000
010001b8 15 00000001
010001bc 20 00000001
010001c4 1 010002b4
010001c8 10 00000001
010001cc 20 00000001
010001d0 2 010fffe0
010002b4 8 00000002
010002b8 18 00000002
010002c0 15 00000003
010002c4 19 00000004
010002f8 9 00000003
010002a0 20 00000002
010002a4 8 00000000
010002a8 18 00000000
010002ac 10 00000002
010002b0 1 010002b4
010001a4 2 010fffc0
010001b0 20 00000000
010001b8 15 00000001
010001bc 20 00000002
010001f0 19 00000001
010001f4 21 00000000
010001f8 22 00000000
010001fc 18 00000000
01000200 8 00000000
01000204 9 00000000
01000208 10 00000000
0100020c 1 01000210
01000020 2 010fff70
0100005c 1 01000210
01000060 15 00000001
01000068 10 00000001
0100006c 2 010fffc0
01000210 8 00000001
01000214 9 00000001
0100021c 21 00000001
01000220 22 00000001
01000200 8 00000000
01000204 9 00000000
01000208 10 00000000
0100020c 1 01000210
01000020 2 010fff70
0100005c 1 01000210
01000060 15 00000001
01000068 10 00000001
0100006c 2 010fffc0
01000210 8 00000001
01000214 9 00000001
0100021c 21 00000002
01000220 22 00000002
01000228 20 00000002
0100022c 8 00000000
01000230 9 00000003
01000234 18 00000000
01000238 19 00000004
0100023c 21 00000001
01000240 22 00000000
010001c4 1 010002b4
010001c8 10 00000002
010001cc 20 00000002
010001d0 2 010fffe0
010002b4 8 00000001
010002b8 18 00000002
010002ac 10 00000002
010002b0 1 010002b4
010001a4 2 010fffc0
010001b0 20 00000000
010001b8 15 00000001
010001bc 20 00000002
010001f0 19 00000001
010001f4 21 00000000
010001f8 22 00000000
010001fc 18 00000000
01000200 8 00000000
01000204 9 00000000
01000208 10 00000000
0100020c 1 01000210
01000020 2 010fff70
0100005c 1 01000210
01000060 15 00000001
01000068 10 00000001
0100006c 2 010fffc0
01000210 8 00000001
01000214 9 00000001
0100021c 21 00000001
01000220 22 00000001
01000200 8 00000000
01000204 9 00000000
01000208 10 00000000
0100020c 1 01000210
01000020 2 010fff70
0100005c 1 01000210
01000060 15 00000001
01000068 10 00000001
0100006c 2 010fffc0
01000210 8 00000001
01000214 9 00000001
0100021c 21 00000002
01000220 22 00000002
01000228 20 00000002
0100022c 8 00000001
01000230 9 00000003
01000234 18 00000002
01000238 19 00000004
0100023c 21 00000001
01000240 22 00000000
010001c4 1 010002b4
010001c8 10 00000002
010001cc 20 00000002
010001d0 2 010fffe0
010002b4 8 00000002
010002b8 18 00000004
010002ac 10 00000002
010002b0 1 010002b4
010001a4 2 010fffc0
010001b0 20 00000000
010001b8 15 00000001
010001bc 20 00000002
010001f0 19 00000001
010001f4 21 00000000
010001f8 22 00000000
010001fc 18 00000000
01000200 8 00000000
01000204 9 00000000
01000208 10 00000000
0100020c 1 01000210
01000020 2 010fff70
0100005c 1 01000210
01000060 15 00000001
01000068 10 00000001
0100006c 2 010fffc0
01000210 8 00000001
01000214 9 00000001
0100021c 21 00000001
01000220 22 00000001
01000200 8 00000000
01000204 9 00000000
01000208 10 00000000
0100020c 1 01000210
01000020 2 010fff70
0100005c 1 01000210
01000060 15 00000001
01000068 10 00000001
0100006c 2 010fffc0
01000210 8 00000001
01000214 9 00000001
0100021c 21 00000002
01000220 22 00000002
01000228 20 00000002
0100022c 8 00000002
01000230 9 00000003
01000234 18 00000004
01000238 19 00000004
0100023c 21 00000001
01000240 22 00000000
010001c4 1 010002b4
010001c8 10 00000002
010001cc 20 00000002
010001d0 2 010fffe0
010002b4 8 00000003
010002b8 18 00000006
010002c0 15 00000003
010002c4 19 0000000a
010002cc 1 0100000c
010002d0 8 00000000
010002d4 10 00000000
010002d8 9 00000000
010002dc 18 00000000
010002e0 19 00000000
010002e4 20 00000000
010002e8 21 00000000
010002ec 10 00000001
010002f0 2 01100000
0100000c 5 0100000c
01000010 5 01000300
