01000000 2 01100000
01000004 2 01100000
01000008 1 0100000c
010004b8 2 010ffff0
010004bc 10 0000000a
010004c4 1 010004c8
01000020 15 00000001
01000028 15 00000009
0100002c 2 010fff60
01000030 14 00000008
01000040 25 00000002
01000044 22 00000000
01000048 11 00000001
0100004c 14 00000009
01000058 8 00000008
0100005c 15 00000008
01000084 27 00000001
01000088 26 00000000
0100008c 23 00000000
01000090 20 00000008
01000098 24 00000007
0100009c 15 00000006
010000a0 19 00000000
010000a4 18 00000002
010000a8 22 00000000
010000ac 23 00000000
010000b0 13 00000007
010000b8 26 00000006
010000bc 15 00000006
010000c0 20 00000001
010000c4 21 00000000
010000c8 15 00000000
010000cc 19 00000002
010000d0 14 00000006
010000d8 13 00000005
010000dc 18 00000004
010000e0 18 00000002
010000e4 9 00000000
010000e8 29 00000000
010000ec 6 00000001
010000f0 17 00000000
010000f4 16 00000002
010000f8 15 00000006
010000fc 28 00000005
01000100 26 00000007
01000104 23 00000006
01000108 19 00000000
0100010c 20 00000002
01000110 24 00000000
01000114 13 00000008
01000118 12 00000005
01000120 23 00000004
01000124 21 00000004
01000128 21 00000001
0100012c 9 00000000
01000130 18 00000001
01000134 8 00000004
0100013c 14 00000003
01000140 10 00000002
01000144 5 00000002
01000148 7 00000000
0100014c 12 00000002
01000154 21 00000000
01000158 12 00000004
0100015c 8 00000000
01000160 29 00000002
01000164 10 00000003
0100016c 30 00000002
01000170 29 00000001
01000180 6 00000007
01000184 17 00000002
01000188 30 00000004
0100018c 25 00000000
01000190 23 00000002
01000194 31 00000000
01000198 20 00000000
0100019c 29 00000000
010001a0 21 00000000
010001a4 26 00000001
010001ac 19 00000000
010001b0 15 00000001
010001b8 15 00000001
010001bc 8 00000000
010001c0 10 ffffffff
010001c4 18 00000001
010001c8 8 ffffffff
010001cc 9 00000000
010001d0 10 00000001
01000208 18 ffffffff
0100020c 1 01000210
01000020 15 00000001
01000210 16 00000002
01000214 12 00000004
01000218 29 00000000
0100021c 7 00000000
01000220 5 00000002
01000224 31 00000000
01000228 17 00000002
0100022c 6 00000007
01000230 28 00000005
01000234 30 00000004
01000238 13 00000008
0100023c 14 00000003
01000240 15 00000001
01000244 9 00000001
01000248 11 00000001
01000250 8 00000000
01000254 8 00000001
01000258 10 00000001
0100025c 29 00000001
01000260 31 fffffffe
01000268 9 00000000
0100026c 18 00000001
01000270 21 00000000
01000274 26 00000007
01000278 25 00000002
0100027c 6 00000001
01000280 17 00000000
01000284 15 00000006
01000288 8 00000000
0100028c 10 00000002
01000290 19 00000000
01000294 20 00000002
01000298 23 00000004
0100029c 12 00000002
010002a0 21 00000002
010002a4 5 00000000
010002a8 7 fffffffe
01000160 29 00000002
01000164 10 00000001
0100039c 29 00000000
010003a0 10 00000003
010002b8 12 00000003
010002bc 9 00000003
01000134 8 00000002
0100013c 14 00000001
01000140 10 00000000
01000144 5 00000000
01000148 7 fffffffe
0100014c 12 00000002
01000154 21 00000000
01000158 12 00000002
0100015c 8 00000000
01000160 29 00000002
01000164 10 00000001
0100039c 29 00000000
010003a0 10 00000001
010002b8 12 00000001
010002bc 9 00000004
010002c4 8 00000005
010002c8 19 00000005
01000118 12 00000003
01000120 23 00000002
01000124 21 00000002
01000128 21 00000001
0100012c 9 00000000
01000130 18 00000001
01000134 8 00000002
0100013c 14 00000001
01000140 10 00000000
01000144 5 00000000
01000148 7 fffffffe
0100014c 12 00000002
01000154 21 00000000
01000158 12 00000002
0100015c 8 00000000
01000160 29 00000002
01000164 10 00000001
0100039c 29 00000000
010003a0 10 00000001
010002b8 12 00000001
010002bc 9 00000001
010002c4 8 00000002
010002c8 19 00000007
01000118 12 00000001
010003e4 9 00000007
010003e8 21 00000000
010003ec 8 00000008
010003f0 24 00000007
010003f4 20 00000001
010003f8 26 00000006
010003fc 23 00000000
01000400 19 00000002
01000404 15 00000000
01000408 13 00000005
0100040c 12 00000008
010002fc 21 00000008
010000d0 14 00000004
010000d8 13 00000003
010000dc 18 00000002
010000e0 18 00000002
010000e4 9 00000000
010000e8 29 00000000
010000ec 6 00000001
010000f0 17 00000000
010000f4 16 00000002
010000f8 15 00000006
010000fc 28 00000003
01000100 26 00000007
01000104 23 00000004
01000108 19 00000000
0100010c 20 00000002
01000110 24 00000008
01000114 13 00000008
01000118 12 00000003
01000120 23 00000002
01000124 21 00000002
01000128 21 00000001
0100012c 9 00000000
01000130 18 00000001
01000134 8 00000002
0100013c 14 00000001
01000140 10 00000000
01000144 5 00000000
01000148 7 fffffffe
0100014c 12 00000002
01000154 21 00000000
01000158 12 00000002
0100015c 8 00000000
01000160 29 00000002
01000164 10 00000001
0100039c 29 00000000
010003a0 10 00000001
010002b8 12 00000001
010002bc 9 00000001
010002c4 8 00000002
010002c8 19 00000002
01000118 12 00000001
010003e4 9 00000002
010003e8 21 00000008
010003ec 8 00000008
010003f0 24 00000007
010003f4 20 00000001
010003f8 26 00000006
010003fc 23 00000000
01000400 19 00000002
01000404 15 00000000
01000408 13 00000003
0100040c 12 00000003
010002fc 21 0000000b
010000d0 14 00000002
010000d8 13 00000001
010000dc 18 00000000
010000e0 18 00000002
010000e4 9 00000000
010000e8 29 00000000
010000ec 6 00000001
010000f0 17 00000000
010000f4 16 00000002
010000f8 15 00000006
010000fc 28 00000001
01000100 26 00000007
01000104 23 00000002
01000108 19 00000000
0100010c 20 00000002
01000110 24 0000000b
01000114 13 00000008
01000118 12 00000001
010003e4 9 00000000
010003e8 21 0000000b
010003ec 8 00000008
010003f0 24 00000007
010003f4 20 00000001
010003f8 26 00000006
010003fc 23 00000000
01000400 19 00000002
01000404 15 00000000
01000408 13 00000001
0100040c 12 00000001
010002fc 21 0000000c
01000304 18 00000002
01000308 14 0000000d
0100030c 19 00000000
01000310 20 00000006
01000314 22 0000000d
010000b0 13 00000005
010000b8 26 00000004
010000bc 15 00000004
010000c0 20 00000001
010000c4 21 00000000
010000c8 15 00000000
010000cc 19 00000002
010000d0 14 00000004
010000d8 13 00000003
010000dc 18 00000002
010000e0 18 00000002
010000e4 9 00000000
010000e8 29 00000000
010000ec 6 00000001
010000f0 17 00000000
010000f4 16 00000002
010000f8 15 00000004
010000fc 28 00000003
01000100 26 00000007
01000104 23 00000004
01000108 19 00000000
0100010c 20 00000002
01000110 24 00000000
01000114 13 00000008
01000118 12 00000003
01000120 23 00000002
01000124 21 00000002
01000128 21 00000001
0100012c 9 00000000
01000130 18 00000001
01000134 8 00000002
0100013c 14 00000001
01000140 10 00000000
01000144 5 00000000
01000148 7 fffffffe
0100014c 12 00000002
01000154 21 00000000
01000158 12 00000002
0100015c 8 00000000
01000160 29 00000002
01000164 10 00000001
0100039c 29 00000000
010003a0 10 00000001
010002b8 12 00000001
010002bc 9 00000001
010002c4 8 00000002
010002c8 19 00000002
01000118 12 00000001
010003e4 9 00000002
010003e8 21 00000000
010003ec 8 00000008
010003f0 24 00000007
010003f4 20 00000001
010003f8 26 00000004
010003fc 23 00000000
01000400 19 00000002
01000404 15 00000000
01000408 13 00000003
0100040c 12 00000003
010002fc 21 00000003
010000d0 14 00000002
010000d8 13 00000001
010000dc 18 00000000
010000e0 18 00000002
010000e4 9 00000000
010000e8 29 00000000
010000ec 6 00000001
010000f0 17 00000000
010000f4 16 00000002
010000f8 15 00000004
010000fc 28 00000001
01000100 26 00000007
01000104 23 00000002
01000108 19 00000000
0100010c 20 00000002
01000110 24 00000003
01000114 13 00000008
01000118 12 00000001
010003e4 9 00000000
010003e8 21 00000003
010003ec 8 00000008
010003f0 24 00000007
010003f4 20 00000001
010003f8 26 00000004
010003fc 23 00000000
01000400 19 00000002
01000404 15 00000000
01000408 13 00000001
0100040c 12 00000001
010002fc 21 00000004
01000304 18 00000002
01000308 14 00000005
0100030c 19 00000000
01000310 20 00000004
01000314 22 00000012
010000b0 13 00000003
010000b8 26 00000002
010000bc 15 00000002
010000c0 20 00000001
010000c4 21 00000000
010000c8 15 00000000
010000cc 19 00000002
010000d0 14 00000002
010000d8 13 00000001
010000dc 18 00000000
010000e0 18 00000002
010000e4 9 00000000
010000e8 29 00000000
010000ec 6 00000001
010000f0 17 00000000
010000f4 16 00000002
010000f8 15 00000002
010000fc 28 00000001
01000100 26 00000007
01000104 23 00000002
01000108 19 00000000
0100010c 20 00000002
01000110 24 00000000
01000114 13 00000008
01000118 12 00000001
010003e4 9 00000000
010003e8 21 00000000
010003ec 8 00000008
010003f0 24 00000007
010003f4 20 00000001
010003f8 26 00000002
010003fc 23 00000000
01000400 19 00000002
01000404 15 00000000
01000408 13 00000001
0100040c 12 00000001
010002fc 21 00000001
01000304 18 00000002
01000308 14 00000002
0100030c 19 00000000
01000310 20 00000002
01000314 22 00000014
010000b0 13 00000001
01000424 26 00000000
01000428 20 00000015
0100042c 23 00000000
01000430 14 00000007
01000434 26 00000015
0100043c 20 00000006
01000098 24 00000005
0100009c 15 00000004
010000a0 19 00000000
010000a4 18 00000002
010000a8 22 00000000
010000ac 23 00000015
010000b0 13 00000005
010000b8 26 00000004
010000bc 15 00000004
010000c0 20 00000001
010000c4 21 00000000
010000c8 15 00000000
010000cc 19 00000002
010000d0 14 00000004
010000d8 13 00000003
010000dc 18 00000002
010000e0 18 00000002
010000e4 9 00000000
010000e8 29 00000000
010000ec 6 00000001
010000f0 17 00000015
010000f4 16 00000002
010000f8 15 00000004
010000fc 28 00000003
01000100 26 00000005
01000104 23 00000004
01000108 19 00000000
0100010c 20 00000002
01000110 24 00000000
01000114 13 00000008
01000118 12 00000003
01000120 23 00000002
01000124 21 00000002
01000128 21 00000001
0100012c 9 00000000
01000130 18 00000001
01000134 8 00000002
0100013c 14 00000001
01000140 10 00000000
01000144 5 00000000
01000148 7 fffffffe
0100014c 12 00000002
01000154 21 00000000
01000158 12 00000002
0100015c 8 00000000
01000160 29 00000002
01000164 10 00000001
0100039c 29 00000000
010003a0 10 00000001
010002b8 12 00000001
010002bc 9 00000001
010002c4 8 00000002
010002c8 19 00000002
01000118 12 00000001
010003e4 9 00000002
010003e8 21 00000000
010003ec 8 00000008
010003f0 24 00000005
010003f4 20 00000001
010003f8 26 00000004
010003fc 23 00000015
01000400 19 00000002
01000404 15 00000000
01000408 13 00000003
0100040c 12 00000003
010002fc 21 00000003
010000d0 14 00000002
010000d8 13 00000001
010000dc 18 00000000
010000e0 18 00000002
010000e4 9 00000000
010000e8 29 00000000
010000ec 6 00000001
010000f0 17 00000015
010000f4 16 00000002
010000f8 15 00000004
010000fc 28 00000001
01000100 26 00000005
01000104 23 00000002
01000108 19 00000000
0100010c 20 00000002
01000110 24 00000003
01000114 13 00000008
01000118 12 00000001
010003e4 9 00000000
010003e8 21 00000003
010003ec 8 00000008
010003f0 24 00000005
010003f4 20 00000001
010003f8 26 00000004
010003fc 23 00000015
01000400 19 00000002
01000404 15 00000000
01000408 13 00000001
0100040c 12 00000001
010002fc 21 00000004
01000304 18 00000002
01000308 14 00000005
0100030c 19 00000000
01000310 20 00000004
01000314 22 00000005
010000b0 13 00000003
010000b8 26 00000002
010000bc 15 00000002
010000c0 20 00000001
010000c4 21 00000000
010000c8 15 00000000
010000cc 19 00000002
010000d0 14 00000002
010000d8 13 00000001
010000dc 18 00000000
010000e0 18 00000002
010000e4 9 00000000
010000e8 29 00000000
010000ec 6 00000001
010000f0 17 00000015
010000f4 16 00000002
010000f8 15 00000002
010000fc 28 00000001
01000100 26 00000005
01000104 23 00000002
01000108 19 00000000
0100010c 20 00000002
01000110 24 00000000
01000114 13 00000008
01000118 12 00000001
010003e4 9 00000000
010003e8 21 00000000
010003ec 8 00000008
010003f0 24 00000005
010003f4 20 00000001
010003f8 26 00000002
010003fc 23 00000015
01000400 19 00000002
01000404 15 00000000
01000408 13 00000001
0100040c 12 00000001
010002fc 21 00000001
01000304 18 00000002
01000308 14 00000002
0100030c 19 00000000
01000310 20 00000002
01000314 22 00000007
010000b0 13 00000001
01000424 26 00000015
01000428 20 00000008
0100042c 23 00000000
01000430 14 00000005
01000434 26 0000001d
0100043c 20 00000004
01000098 24 00000003
0100009c 15 00000002
010000a0 19 00000000
010000a4 18 00000002
010000a8 22 00000000
010000ac 23 0000001d
010000b0 13 00000003
010000b8 26 00000002
010000bc 15 00000002
010000c0 20 00000001
010000c4 21 00000000
010000c8 15 00000000
010000cc 19 00000002
010000d0 14 00000002
010000d8 13 00000001
010000dc 18 00000000
010000e0 18 00000002
010000e4 9 00000000
010000e8 29 00000000
010000ec 6 00000001
010000f0 17 0000001d
010000f4 16 00000002
010000f8 15 00000002
010000fc 28 00000001
01000100 26 00000003
01000104 23 00000002
01000108 19 00000000
0100010c 20 00000002
01000110 24 00000000
01000114 13 00000008
01000118 12 00000001
010003e4 9 00000000
010003e8 21 00000000
010003ec 8 00000008
010003f0 24 00000003
010003f4 20 00000001
010003f8 26 00000002
010003fc 23 0000001d
01000400 19 00000002
01000404 15 00000000
01000408 13 00000001
0100040c 12 00000001
010002fc 21 00000001
01000304 18 00000002
01000308 14 00000002
0100030c 19 00000000
01000310 20 00000002
01000314 22 00000002
010000b0 13 00000001
01000424 26 0000001d
01000428 20 00000003
0100042c 23 00000000
01000430 14 00000003
01000434 26 00000020
0100043c 20 00000002
01000098 24 00000001
0100009c 15 00000000
010000a0 19 00000000
010000a4 18 00000002
010000a8 22 00000000
010000ac 23 00000020
010000b0 13 00000001
01000424 26 00000020
01000428 20 00000001
0100042c 23 00000000
01000430 14 00000001
01000434 26 00000021
01000334 22 00000000
01000338 20 00000022
0100033c 10 00000008
01000340 22 00000022
01000348 15 00000007
0100034c 9 00000000
01000350 8 00000000
01000354 18 00000000
01000358 19 00000000
0100035c 20 00000000
01000360 21 00000000
01000364 23 00000000
01000368 24 00000000
0100036c 26 00000000
01000370 27 00000000
01000374 14 00000007
01000058 8 00000006
0100005c 15 00000006
01000084 27 00000001
01000088 26 00000000
0100008c 23 00000022
01000090 20 00000006
01000098 24 00000005
0100009c 15 00000004
010000a0 19 00000022
010000a4 18 00000002
010000a8 22 00000000
010000ac 23 00000000
010000b0 13 00000005
010000b8 26 00000004
010000bc 15 00000004
010000c0 20 00000001
010000c4 21 00000000
010000c8 15 00000022
010000cc 19 00000002
010000d0 14 00000004
010000d8 13 00000003
010000dc 18 00000002
010000e0 18 00000002
010000e4 9 00000000
010000e8 29 00000022
010000ec 6 00000001
010000f0 17 00000000
010000f4 16 00000002
010000f8 15 00000004
010000fc 28 00000003
01000100 26 00000005
01000104 23 00000004
01000108 19 00000000
0100010c 20 00000002
01000110 24 00000000
01000114 13 00000006
01000118 12 00000003
01000120 23 00000002
01000124 21 00000002
01000128 21 00000001
0100012c 9 00000000
01000130 18 00000001
01000134 8 00000002
0100013c 14 00000001
01000140 10 00000000
01000144 5 00000000
01000148 7 fffffffe
0100014c 12 00000002
01000154 21 00000000
01000158 12 00000002
0100015c 8 00000022
01000160 29 00000002
01000164 10 00000001
0100039c 29 00000022
010003a0 10 00000001
010002b8 12 00000001
010002bc 9 00000001
010002c4 8 00000002
010002c8 19 00000002
01000118 12 00000001
010003e4 9 00000002
010003e8 21 00000000
010003ec 8 00000006
010003f0 24 00000005
010003f4 20 00000001
010003f8 26 00000004
010003fc 23 00000000
01000400 19 00000002
01000404 15 00000022
01000408 13 00000003
0100040c 12 00000003
010002fc 21 00000003
010000d0 14 00000002
010000d8 13 00000001
010000dc 18 00000000
010000e0 18 00000002
010000e4 9 00000000
010000e8 29 00000022
010000ec 6 00000001
010000f0 17 00000000
010000f4 16 00000002
010000f8 15 00000004
010000fc 28 00000001
01000100 26 00000005
01000104 23 00000002
01000108 19 00000000
0100010c 20 00000002
01000110 24 00000003
01000114 13 00000006
01000118 12 00000001
010003e4 9 00000000
010003e8 21 00000003
010003ec 8 00000006
010003f0 24 00000005
010003f4 20 00000001
010003f8 26 00000004
010003fc 23 00000000
01000400 19 00000002
01000404 15 00000022
01000408 13 00000001
0100040c 12 00000001
010002fc 21 00000004
01000304 18 00000002
01000308 14 00000005
0100030c 19 00000022
01000310 20 00000004
01000314 22 00000005
010000b0 13 00000003
010000b8 26 00000002
010000bc 15 00000002
010000c0 20 00000001
010000c4 21 00000000
010000c8 15 00000022
010000cc 19 00000002
010000d0 14 00000002
010000d8 13 00000001
010000dc 18 00000000
010000e0 18 00000002
010000e4 9 00000000
010000e8 29 00000022
010000ec 6 00000001
010000f0 17 00000000
010000f4 16 00000002
010000f8 15 00000002
010000fc 28 00000001
01000100 26 00000005
01000104 23 00000002
01000108 19 00000000
0100010c 20 00000002
01000110 24 00000000
01000114 13 00000006
01000118 12 00000001
010003e4 9 00000000
010003e8 21 00000000
010003ec 8 00000006
010003f0 24 00000005
010003f4 20 00000001
010003f8 26 00000002
010003fc 23 00000000
01000400 19 00000002
01000404 15 00000022
01000408 13 00000001
0100040c 12 00000001
010002fc 21 00000001
01000304 18 00000002
01000308 14 00000002
0100030c 19 00000022
01000310 20 00000002
01000314 22 00000007
010000b0 13 00000001
01000424 26 00000000
01000428 20 00000008
0100042c 23 00000022
01000430 14 00000005
01000434 26 00000008
0100043c 20 00000004
01000098 24 00000003
0100009c 15 00000002
010000a0 19 00000022
010000a4 18 00000002
010000a8 22 00000000
010000ac 23 00000008
010000b0 13 00000003
010000b8 26 00000002
010000bc 15 00000002
010000c0 20 00000001
010000c4 21 00000000
010000c8 15 00000022
010000cc 19 00000002
010000d0 14 00000002
010000d8 13 00000001
010000dc 18 00000000
010000e0 18 00000002
010000e4 9 00000000
010000e8 29 00000022
010000ec 6 00000001
010000f0 17 00000008
010000f4 16 00000002
010000f8 15 00000002
010000fc 28 00000001
01000100 26 00000003
01000104 23 00000002
01000108 19 00000000
0100010c 20 00000002
01000110 24 00000000
01000114 13 00000006
01000118 12 00000001
010003e4 9 00000000
010003e8 21 00000000
010003ec 8 00000006
010003f0 24 00000003
010003f4 20 00000001
010003f8 26 00000002
010003fc 23 00000008
01000400 19 00000002
01000404 15 00000022
01000408 13 00000001
0100040c 12 00000001
010002fc 21 00000001
01000304 18 00000002
01000308 14 00000002
0100030c 19 00000022
01000310 20 00000002
01000314 22 00000002
010000b0 13 00000001
01000424 26 00000008
01000428 20 00000003
0100042c 23 00000022
01000430 14 00000003
01000434 26 0000000b
0100043c 20 00000002
01000098 24 00000001
0100009c 15 00000000
010000a0 19 00000022
010000a4 18 00000002
010000a8 22 00000000
010000ac 23 0000000b
010000b0 13 00000001
01000424 26 0000000b
01000428 20 00000001
0100042c 23 00000022
01000430 14 00000001
01000434 26 0000000c
01000334 22 00000022
01000338 20 0000000d
0100033c 10 00000006
01000340 22 0000002f
01000348 15 00000005
0100034c 9 00000000
01000350 8 00000000
01000354 18 00000000
01000358 19 00000000
0100035c 20 00000000
01000360 21 00000000
01000364 23 00000000
01000368 24 00000000
0100036c 26 00000000
01000370 27 00000000
01000374 14 00000005
01000058 8 00000004
0100005c 15 00000004
01000084 27 00000001
01000088 26 00000000
0100008c 23 0000002f
01000090 20 00000004
01000098 24 00000003
0100009c 15 00000002
010000a0 19 0000002f
010000a4 18 00000002
010000a8 22 00000000
010000ac 23 00000000
010000b0 13 00000003
010000b8 26 00000002
010000bc 15 00000002
010000c0 20 00000001
010000c4 21 00000000
010000c8 15 0000002f
010000cc 19 00000002
010000d0 14 00000002
010000d8 13 00000001
010000dc 18 00000000
010000e0 18 00000002
010000e4 9 00000000
010000e8 29 0000002f
010000ec 6 00000001
010000f0 17 00000000
010000f4 16 00000002
010000f8 15 00000002
010000fc 28 00000001
01000100 26 00000003
01000104 23 00000002
01000108 19 00000000
0100010c 20 00000002
01000110 24 00000000
01000114 13 00000004
01000118 12 00000001
010003e4 9 00000000
010003e8 21 00000000
010003ec 8 00000004
010003f0 24 00000003
010003f4 20 00000001
010003f8 26 00000002
010003fc 23 00000000
01000400 19 00000002
01000404 15 0000002f
01000408 13 00000001
0100040c 12 00000001
010002fc 21 00000001
01000304 18 00000002
01000308 14 00000002
0100030c 19 0000002f
01000310 20 00000002
01000314 22 00000002
010000b0 13 00000001
01000424 26 00000000
01000428 20 00000003
0100042c 23 0000002f
01000430 14 00000003
01000434 26 00000003
0100043c 20 00000002
01000098 24 00000001
0100009c 15 00000000
010000a0 19 0000002f
010000a4 18 00000002
010000a8 22 00000000
010000ac 23 00000003
010000b0 13 00000001
01000424 26 00000003
01000428 20 00000001
0100042c 23 0000002f
01000430 14 00000001
01000434 26 00000004
01000334 22 0000002f
01000338 20 00000005
0100033c 10 00000004
01000340 22 00000034
01000348 15 00000003
0100034c 9 00000000
01000350 8 00000000
01000354 18 00000000
01000358 19 00000000
0100035c 20 00000000
01000360 21 00000000
01000364 23 00000000
01000368 24 00000000
0100036c 26 00000000
01000370 27 00000000
01000374 14 00000003
01000058 8 00000002
0100005c 15 00000002
01000084 27 00000001
01000088 26 00000000
0100008c 23 00000034
01000090 20 00000002
01000098 24 00000001
0100009c 15 00000000
010000a0 19 00000034
010000a4 18 00000002
010000a8 22 00000000
010000ac 23 00000000
010000b0 13 00000001
01000424 26 00000000
01000428 20 00000001
0100042c 23 00000034
01000430 14 00000001
01000434 26 00000001
01000334 22 00000034
01000338 20 00000002
0100033c 10 00000002
01000340 22 00000036
01000348 15 00000001
0100034c 9 00000000
01000350 8 00000000
01000354 18 00000000
01000358 19 00000000
0100035c 20 00000000
01000360 21 00000000
01000364 23 00000000
01000368 24 00000000
0100036c 26 00000000
01000370 27 00000000
01000374 14 00000001
0100037c 1 010004c8
01000380 25 00000000
01000384 10 00000037
01000388 22 00000000
0100038c 2 010ffff0
010004c8 1 0100000c
010004cc 10 00000000
010004d0 10 00000001
010004d4 2 01100000
0100000c 5 0100000c
01000010 5 010004e0
