01000000 2 01100000
01000004 2 01100000
01000008 1 0100000c
0100002c 10 00001000
01000030 15 0000007c
01000034 10 00000800
0100003c 10 00000784
0100003c 10 00000708
0100003c 10 0000068c
0100003c 10 00000610
0100003c 10 00000594
0100003c 10 00000518
0100003c 10 0000049c
0100003c 10 00000420
0100003c 10 000003a4
0100003c 10 00000328
0100003c 10 000002ac
0100003c 10 00000230
0100003c 10 000001b4
0100003c 10 00000138
0100003c 10 000000bc
0100003c 10 00000040
01000050 15 0000003c
0100003c 10 00000004
01000050 15 00000038
01000050 15 00000034
01000050 15 00000030
01000050 15 0000002c
01000050 15 00000028
01000050 15 00000024
01000050 15 00000020
01000050 15 0000001c
01000050 15 00000018
01000050 15 00000014
01000050 15 00000010
01000050 15 0000000c
01000050 15 00000008
01000050 15 00000004
01000044 10 00000000
01000048 10 00000001
0100000c 5 0100000c
01000010 5 01000060
