01000000 1 01000000
01000004 1 01000270
01000008 30 000000ff
0100000c 29 000000ff
01000010 3 00000002
01000018 1 01000018
0100001c 1 01000270
01000020 30 0000ff00
01000024 29 00010000
01000028 29 0000ff00
0100002c 3 00000003
01000034 1 01000034
01000038 1 01000270
0100003c 30 00000ff0
01000040 29 00001000
01000044 29 00000ff0
01000048 3 00000004
01000050 1 01000050
01000054 1 01000270
01000058 30 0000f00f
0100005c 29 0000f000
01000060 29 0000f00f
01000064 3 00000005
0100006c 1 0100006c
01000070 1 01000270
01000074 1 01000276
01000078 30 000000ff
0100007c 29 000000ff
01000080 3 00000006
01000088 1 01000088
0100008c 1 01000270
01000090 1 01000276
01000094 30 0000ff00
01000098 29 00010000
0100009c 29 0000ff00
010000a0 3 00000007
010000a8 1 010000a8
010000ac 1 01000270
010000b0 1 01000276
010000b4 30 00000ff0
010000b8 29 00001000
010000bc 29 00000ff0
010000c0 3 00000008
010000c8 1 010000c8
010000cc 1 01000270
010000d0 1 01000276
010000d4 30 0000f00f
010000d8 29 0000f000
010000dc 29 0000f00f
010000e0 3 00000009
010000e8 1 010000e8
010000ec 1 01000270
010000f0 1 01000250
010000f4 5 000000ff
010000f8 29 000000ff
010000fc 3 0000000a
01000104 1 01000104
01000108 1 01000270
0100010c 1 0100026a
01000110 5 0000ff00
01000114 29 00010000
01000118 29 0000ff00
0100011c 3 0000000b
01000124 1 01000124
01000128 1 01000270
01000130 29 00000000
01000134 3 0000000c
0100013c 4 0100013c
01000140 4 01000270
01000144 14 000000ff
01000148 7 000000ff
0100014c 29 000000ff
01000150 3 0000000d
01000158 4 01000158
0100015c 4 01000270
01000160 14 0000ff00
01000168 7 0000ff00
0100016c 29 00010000
01000170 29 0000ff00
01000174 3 0000000e
0100017c 4 0100017c
01000180 4 01000270
01000184 14 00000ff0
01000190 7 00000ff0
01000194 29 00001000
01000198 29 00000ff0
0100019c 3 0000000f
010001a4 4 010001a4
010001a8 4 01000270
010001ac 1 000000ff
010001b0 29 000000ff
010001b4 3 00000010
010001bc 4 010001bc
010001c0 4 01000270
010001c4 1 01000272
010001c8 5 0000ff00
010001cc 29 00010000
010001d0 29 0000ff00
010001d4 3 00000011
010001dc 4 010001dc
010001e0 4 01000270
010001e8 1 01000274
010001ec 5 00000ff0
010001f0 29 00001000
010001f4 29 00000ff0
010001f8 3 00000012
01000200 4 01000200
01000204 4 01000270
01000210 1 01000276
01000214 5 0000f00f
01000218 29 0000f000
0100021c 29 0000f00f
01000220 3 00000013
01000254 3 00000001
01000258 5 01000258
0100025c 5 01000278
