01000000 1 01000000
01000004 1 010004c4
01000008 2 00aa0000
0100000c 2 00aa00aa
01000014 30 00aa00aa
01000018 29 00aa0000
0100001c 29 00aa00aa
01000020 3 00000002
01000028 1 01000028
0100002c 1 010004c4
01000030 2 aa00b000
01000034 2 aa00aa00
0100003c 30 aa00aa00
01000040 29 aa00b000
01000044 29 aa00aa00
01000048 3 00000003
01000050 1 01000050
01000054 1 010004c4
01000058 2 0aa01000
0100005c 2 0aa00aa0
01000064 30 0aa00aa0
01000068 29 0aa01000
0100006c 29 0aa00aa0
01000070 3 00000004
01000078 1 01000078
0100007c 1 010004c4
01000080 2 a00aa000
01000084 2 a00aa00a
0100008c 30 a00aa00a
01000090 29 a00aa000
01000094 29 a00aa00a
01000098 3 00000005
010000a0 1 010000a0
010000a4 1 010004e0
010000a8 2 00aa0000
010000ac 2 00aa00aa
010000b4 30 00aa00aa
010000b8 29 00aa0000
010000bc 29 00aa00aa
010000c0 3 00000006
010000c8 1 010000c8
010000cc 1 010004e0
010000d0 2 aa00b000
010000d4 2 aa00aa00
010000dc 30 aa00aa00
010000e0 29 aa00b000
010000e4 29 aa00aa00
010000e8 3 00000007
010000f0 1 010000f0
010000f4 1 010004e0
010000f8 2 0aa01000
010000fc 2 0aa00aa0
01000104 30 0aa00aa0
01000108 29 0aa01000
0100010c 29 0aa00aa0
01000110 3 00000008
01000118 1 01000118
0100011c 1 010004e0
01000120 2 a00aa000
01000124 2 a00aa00a
0100012c 30 a00aa00a
01000130 29 a00aa000
01000134 29 a00aa00a
01000138 3 00000009
01000140 1 01000140
01000144 1 010004e4
01000148 2 12345000
0100014c 2 12345678
01000150 4 010004c4
01000158 5 12345678
0100015c 29 12345000
01000160 29 12345678
01000164 3 0000000a
0100016c 1 0100016c
01000170 1 010004e4
01000174 2 58213000
01000178 2 58213098
0100017c 1 010004e1
01000184 4 01000184
01000188 4 010004e8
0100018c 5 58213098
01000190 29 58213000
01000194 29 58213098
01000198 3 0000000b
010001a0 3 0000000c
010001a4 4 00000000
010001a8 1 aabbd000
010001ac 1 aabbccdd
010001b0 2 010001b0
010001b4 2 010004c4
010001bc 30 aabbccdd
010001c0 29 aabbd000
010001c4 29 aabbccdd
010001cc 4 00000001
010001d0 5 00000002
010001a8 1 aabbd000
010001ac 1 aabbccdd
010001b0 2 010001b0
010001b4 2 010004c4
010001bc 30 aabbccdd
010001c0 29 aabbd000
010001c4 29 aabbccdd
010001cc 4 00000002
010001d0 5 00000002
010001d8 3 0000000d
010001dc 4 00000000
010001e0 1 daabc000
010001e4 1 daabbccd
010001e8 2 010001e8
010001ec 2 010004c4
010001f8 30 daabbccd
010001fc 29 daabc000
01000200 29 daabbccd
01000208 4 00000001
0100020c 5 00000002
010001e0 1 daabc000
010001e4 1 daabbccd
010001e8 2 010001e8
010001ec 2 010004c4
010001f8 30 daabbccd
010001fc 29 daabc000
01000200 29 daabbccd
01000208 4 00000002
0100020c 5 00000002
01000214 3 0000000e
01000218 4 00000000
0100021c 1 ddaac000
01000220 1 ddaabbcc
01000224 2 01000224
01000228 2 010004c4
01000238 30 ddaabbcc
0100023c 29 ddaac000
01000240 29 ddaabbcc
01000248 4 00000001
0100024c 5 00000002
0100021c 1 ddaac000
01000220 1 ddaabbcc
01000224 2 01000224
01000228 2 010004c4
01000238 30 ddaabbcc
0100023c 29 ddaac000
01000240 29 ddaabbcc
01000248 4 00000002
0100024c 5 00000002
01000254 3 0000000f
01000258 4 00000000
0100025c 1 cddab000
01000260 1 cddaabbc
01000268 2 01000268
0100026c 2 010004c4
01000274 30 cddaabbc
01000278 29 cddab000
0100027c 29 cddaabbc
01000284 4 00000001
01000288 5 00000002
0100025c 1 cddab000
01000260 1 cddaabbc
01000268 2 01000268
0100026c 2 010004c4
01000274 30 cddaabbc
01000278 29 cddab000
0100027c 29 cddaabbc
01000284 4 00000002
01000288 5 00000002
01000290 3 00000010
01000294 4 00000000
01000298 1 ccddb000
0100029c 1 ccddaabb
010002a4 2 010002a4
010002a8 2 010004c4
010002b4 30 ccddaabb
010002b8 29 ccddb000
010002bc 29 ccddaabb
010002c4 4 00000001
010002c8 5 00000002
01000298 1 ccddb000
0100029c 1 ccddaabb
010002a4 2 010002a4
010002a8 2 010004c4
010002b4 30 ccddaabb
010002b8 29 ccddb000
010002bc 29 ccddaabb
010002c4 4 00000002
010002c8 5 00000002
010002d0 3 00000011
010002d4 4 00000000
010002d8 1 bccde000
010002dc 1 bccddaab
010002e8 2 010002e8
010002ec 2 010004c4
010002f4 30 bccddaab
010002f8 29 bccde000
010002fc 29 bccddaab
01000304 4 00000001
01000308 5 00000002
010002d8 1 bccde000
010002dc 1 bccddaab
010002e8 2 010002e8
010002ec 2 010004c4
010002f4 30 bccddaab
010002f8 29 bccde000
010002fc 29 bccddaab
01000304 4 00000002
01000308 5 00000002
01000310 3 00000012
01000314 4 00000000
01000318 2 01000318
0100031c 2 010004c4
01000320 1 00112000
01000324 1 00112233
0100032c 30 00112233
01000330 29 00112000
01000334 29 00112233
0100033c 4 00000001
01000340 5 00000002
01000318 2 01000318
0100031c 2 010004c4
01000320 1 00112000
01000324 1 00112233
0100032c 30 00112233
01000330 29 00112000
01000334 29 00112233
0100033c 4 00000002
01000340 5 00000002
01000348 3 00000013
0100034c 4 00000000
01000350 2 01000350
01000354 2 010004c4
01000358 1 30011000
0100035c 1 30011223
01000368 30 30011223
0100036c 29 30011000
01000370 29 30011223
01000378 4 00000001
0100037c 5 00000002
01000350 2 01000350
01000354 2 010004c4
01000358 1 30011000
0100035c 1 30011223
01000368 30 30011223
0100036c 29 30011000
01000370 29 30011223
01000378 4 00000002
0100037c 5 00000002
01000384 3 00000014
01000388 4 00000000
0100038c 2 0100038c
01000390 2 010004c4
01000394 1 33001000
01000398 1 33001122
010003a8 30 33001122
010003ac 29 33001000
010003b0 29 33001122
010003b8 4 00000001
010003bc 5 00000002
0100038c 2 0100038c
01000390 2 010004c4
01000394 1 33001000
01000398 1 33001122
010003a8 30 33001122
010003ac 29 33001000
010003b0 29 33001122
010003b8 4 00000002
010003bc 5 00000002
010003c4 3 00000015
010003c8 4 00000000
010003cc 2 010003cc
010003d0 2 010004c4
010003d8 1 23300000
010003dc 1 23300112
010003e4 30 23300112
010003e8 29 23300000
010003ec 29 23300112
010003f4 4 00000001
010003f8 5 00000002
010003cc 2 010003cc
010003d0 2 010004c4
010003d8 1 23300000
010003dc 1 23300112
010003e4 30 23300112
010003e8 29 23300000
010003ec 29 23300112
010003f4 4 00000002
010003f8 5 00000002
01000400 3 00000016
01000404 4 00000000
01000408 2 01000408
0100040c 2 010004c4
01000414 1 22330000
01000418 1 22330011
01000424 30 22330011
01000428 29 22330000
0100042c 29 22330011
01000434 4 00000001
01000438 5 00000002
01000408 2 01000408
0100040c 2 010004c4
01000414 1 22330000
01000418 1 22330011
01000424 30 22330011
01000428 29 22330000
0100042c 29 22330011
01000434 4 00000002
01000438 5 00000002
01000440 3 00000017
01000444 4 00000000
01000448 2 01000448
0100044c 2 010004c4
01000458 1 12233000
0100045c 1 12233001
01000464 30 12233001
01000468 29 12233000
0100046c 29 12233001
01000474 4 00000001
01000478 5 00000002
01000448 2 01000448
0100044c 2 010004c4
01000458 1 12233000
0100045c 1 12233001
01000464 30 12233001
01000468 29 12233000
0100046c 29 12233001
01000474 4 00000002
01000478 5 00000002
010004a8 3 00000001
010004ac 5 010004ac
010004b0 5 010004e8
