01000000 1 ff010000
01000004 1 ff00ff00
01000008 30 ff00ff00
0100000c 29 ff010000
01000010 29 ff00ff00
01000014 3 00000002
0100001c 1 0ff01000
01000020 1 0ff00ff0
01000024 30 000000f0
01000028 29 000000f0
0100002c 3 00000003
01000034 1 00ff0000
01000038 1 00ff00ff
0100003c 30 0000000f
01000040 29 0000000f
01000044 3 00000004
0100004c 1 f00ff000
01000050 1 f00ff00f
01000054 30 00000000
01000058 29 00000000
0100005c 3 00000005
01000064 1 ff010000
01000068 1 ff00ff00
0100006c 1 00000000
01000070 29 00000000
01000074 3 00000006
0100007c 4 00000000
01000080 1 0ff01000
01000084 1 0ff00ff0
01000088 30 00000700
0100008c 6 00000700
01000090 4 00000001
01000094 5 00000002
01000080 1 0ff01000
01000084 1 0ff00ff0
01000088 30 00000700
0100008c 6 00000700
01000090 4 00000002
01000094 5 00000002
0100009c 29 00000700
010000a0 3 00000007
010000a8 4 00000000
010000ac 1 00ff0000
010000b0 1 00ff00ff
010000b4 30 000000f0
010000bc 6 000000f0
010000c0 4 00000001
010000c4 5 00000002
010000ac 1 00ff0000
010000b0 1 00ff00ff
010000b4 30 000000f0
010000bc 6 000000f0
010000c0 4 00000002
010000c4 5 00000002
010000cc 29 000000f0
010000d0 3 00000008
010000d8 4 00000000
010000dc 1 f00ff000
010000e0 1 f00ff00f
010000e4 30 f00ff00f
010000f0 6 f00ff00f
010000f4 4 00000001
010000f8 5 00000002
010000dc 1 f00ff000
010000e0 1 f00ff00f
010000e4 30 f00ff00f
010000f0 6 f00ff00f
010000f4 4 00000002
010000f8 5 00000002
01000100 29 f00ff000
01000104 29 f00ff00f
01000108 3 00000009
01000110 4 00000000
01000114 1 0ff01000
01000118 1 0ff00ff0
0100011c 30 00000700
01000120 4 00000001
01000124 5 00000002
01000114 1 0ff01000
01000118 1 0ff00ff0
0100011c 30 00000700
01000120 4 00000002
01000124 5 00000002
0100012c 29 00000700
01000130 3 0000000a
01000138 4 00000000
0100013c 1 00ff0000
01000140 1 00ff00ff
01000148 30 000000f0
0100014c 4 00000001
01000150 5 00000002
0100013c 1 00ff0000
01000140 1 00ff00ff
01000148 30 000000f0
0100014c 4 00000002
01000150 5 00000002
01000158 29 000000f0
0100015c 3 0000000b
01000164 4 00000000
01000168 1 f00ff000
0100016c 1 f00ff00f
01000178 30 0000000f
0100017c 4 00000001
01000180 5 00000002
01000168 1 f00ff000
0100016c 1 f00ff00f
01000178 30 0000000f
0100017c 4 00000002
01000180 5 00000002
01000188 29 0000000f
0100018c 3 0000000c
01000194 1 00000000
01000198 29 00000000
0100019c 3 0000000d
010001a4 1 00ff0000
010001a8 1 00ff00ff
010001b0 29 00000000
010001b4 3 0000000e
010001e4 3 00000001
010001e8 5 010001e8
010001ec 5 01000200
