01000000 1 01000000
01000004 1 01000230
01000008 2 ffffffaa
01000010 30 ffffffaa
01000014 29 ffffffaa
01000018 3 00000002
01000020 1 01000020
01000024 1 01000230
01000028 2 00000000
01000030 30 00000000
01000034 29 00000000
01000038 3 00000003
01000040 1 01000040
01000044 1 01000230
01000048 2 ffffffa0
01000050 30 ffffefa0
01000054 29 fffff000
01000058 29 ffffefa0
0100005c 3 00000004
01000064 1 01000064
01000068 1 01000230
0100006c 2 0000000a
01000074 30 0000000a
01000078 29 0000000a
0100007c 3 00000005
01000084 1 01000084
01000088 1 01000230
0100008c 1 01000233
01000090 2 ffffffaa
01000098 1 01000098
0100009c 1 01000230
010000a0 30 ffffffaa
010000a4 29 ffffffaa
010000a8 3 00000006
010000b0 1 010000b0
010000b4 1 01000230
010000b8 1 01000233
010000bc 2 00000000
010000c4 1 010000c4
010000c8 1 01000230
010000cc 30 00000000
010000d0 29 00000000
010000d4 3 00000007
010000dc 1 010000dc
010000e0 1 01000230
010000e4 1 01000233
010000e8 2 ffffffa0
010000f0 1 010000f0
010000f4 1 01000230
010000f8 30 ffffffa0
010000fc 29 ffffffa0
01000100 3 00000008
01000108 1 01000108
0100010c 1 01000230
01000110 1 01000233
01000114 2 0000000a
0100011c 30 0000000a
01000120 29 0000000a
01000124 3 00000009
0100012c 1 0100012c
01000130 1 01000230
01000134 1 01000210
01000138 2 ffffffaa
01000140 5 ffffffaa
01000144 29 ffffffaa
01000148 3 0000000a
01000150 1 01000150
01000154 1 01000230
01000158 1 0100022b
0100015c 2 00000000
01000164 5 00000000
01000168 29 00000000
0100016c 3 0000000b
01000174 4 01000174
01000178 4 01000230
0100017c 1 ffffffaa
01000184 14 ffffffaa
01000188 29 ffffffaa
0100018c 3 0000000c
01000194 4 01000194
01000198 4 01000230
0100019c 1 0000000a
010001a8 14 0000000a
010001ac 29 0000000a
010001b0 3 0000000d
010001b8 4 010001b8
010001bc 4 01000230
010001c0 1 ffffffa0
010001d0 14 ffffffa0
010001d4 29 ffffffa0
010001d8 3 0000000e
0100020c 3 00000001
01000210 5 01000210
01000214 5 01000240
