01000000 3 00000002
01000004 1 00000000
01000008 2 00000001
01000020 3 00000003
01000024 1 00000001
01000028 2 00000000
01000040 3 00000004
01000044 1 ffffffff
01000048 2 00000001
01000060 3 00000005
01000064 1 00000001
01000068 2 ffffffff
01000080 3 00000006
01000084 1 00000000
01000088 2 00000000
0100009c 3 00000007
010000a0 1 00000001
010000a4 2 00000001
010000b8 3 00000008
010000bc 1 ffffffff
010000c0 2 ffffffff
010000d4 3 00000009
010000d8 4 00000000
010000dc 1 00000000
010000e0 2 00000000
010000e8 4 00000001
010000ec 5 00000002
010000dc 1 00000000
010000e0 2 00000000
010000e8 4 00000002
010000ec 5 00000002
010000f4 3 0000000a
010000f8 4 00000000
010000fc 1 00000000
01000100 2 00000000
0100010c 4 00000001
01000110 5 00000002
010000fc 1 00000000
01000100 2 00000000
0100010c 4 00000002
01000110 5 00000002
01000118 3 0000000b
0100011c 4 00000000
01000120 1 00000000
01000124 2 00000000
01000134 4 00000001
01000138 5 00000002
01000120 1 00000000
01000124 2 00000000
01000134 4 00000002
01000138 5 00000002
01000140 3 0000000c
01000144 4 00000000
01000148 1 00000000
01000150 2 00000000
01000158 4 00000001
0100015c 5 00000002
01000148 1 00000000
01000150 2 00000000
01000158 4 00000002
0100015c 5 00000002
01000164 3 0000000d
01000168 4 00000000
0100016c 1 00000000
01000174 2 00000000
01000180 4 00000001
01000184 5 00000002
0100016c 1 00000000
01000174 2 00000000
01000180 4 00000002
01000184 5 00000002
0100018c 3 0000000e
01000190 4 00000000
01000194 1 00000000
010001a0 2 00000000
010001a8 4 00000001
010001ac 5 00000002
01000194 1 00000000
010001a0 2 00000000
010001a8 4 00000002
010001ac 5 00000002
010001b4 3 0000000f
010001b8 4 00000000
010001bc 1 00000000
010001c0 2 00000000
010001c8 4 00000001
010001cc 5 00000002
010001bc 1 00000000
010001c0 2 00000000
010001c8 4 00000002
010001cc 5 00000002
010001d4 3 00000010
010001d8 4 00000000
010001dc 1 00000000
010001e0 2 00000000
010001ec 4 00000001
010001f0 5 00000002
010001dc 1 00000000
010001e0 2 00000000
010001ec 4 00000002
010001f0 5 00000002
010001f8 3 00000011
010001fc 4 00000000
01000200 1 00000000
01000204 2 00000000
01000214 4 00000001
01000218 5 00000002
01000200 1 00000000
01000204 2 00000000
01000214 4 00000002
01000218 5 00000002
01000220 3 00000012
01000224 4 00000000
01000228 1 00000000
01000230 2 00000000
01000238 4 00000001
0100023c 5 00000002
01000228 1 00000000
01000230 2 00000000
01000238 4 00000002
0100023c 5 00000002
01000244 3 00000013
01000248 4 00000000
0100024c 1 00000000
01000254 2 00000000
01000260 4 00000001
01000264 5 00000002
0100024c 1 00000000
01000254 2 00000000
01000260 4 00000002
01000264 5 00000002
0100026c 3 00000014
01000270 4 00000000
01000274 1 00000000
01000280 2 00000000
01000288 4 00000001
0100028c 5 00000002
01000274 1 00000000
01000280 2 00000000
01000288 4 00000002
0100028c 5 00000002
01000294 1 00000001
010002ac 1 00000002
010002b0 1 00000003
010002b4 29 00000003
010002b8 3 00000015
010002e8 3 00000001
010002ec 5 010002ec
010002f0 5 01000300
