01000000 1 00000000
01000004 2 00000000
01000008 30 00000000
0100000c 29 00000000
01000010 3 00000002
01000018 1 00000001
0100001c 2 00000001
01000020 30 00000000
01000024 29 00000000
01000028 3 00000003
01000030 1 00000003
01000034 2 00000007
01000038 30 00000001
0100003c 29 00000001
01000040 3 00000004
01000048 1 00000007
0100004c 2 00000003
01000050 30 00000000
01000054 29 00000000
01000058 3 00000005
01000060 1 00000000
01000064 2 ffff8000
01000068 30 00000001
0100006c 29 00000001
01000070 3 00000006
01000078 1 80000000
0100007c 2 00000000
01000080 30 00000000
01000084 29 00000000
01000088 3 00000007
01000090 1 80000000
01000094 2 ffff8000
01000098 30 00000001
0100009c 29 00000001
010000a0 3 00000008
010000a8 1 00000000
010000ac 2 00008000
010000b0 2 00007fff
010000b4 30 00000001
010000b8 29 00000001
010000bc 3 00000009
010000c4 1 80000000
010000c8 1 7fffffff
010000cc 2 00000000
010000d0 30 00000000
010000d4 29 00000000
010000d8 3 0000000a
010000e0 1 80000000
010000e4 1 7fffffff
010000e8 2 00008000
010000ec 2 00007fff
010000f0 30 00000000
010000f4 29 00000000
010000f8 3 0000000b
01000100 1 80000000
01000104 2 00008000
01000108 2 00007fff
0100010c 30 00000000
01000110 29 00000000
01000114 3 0000000c
0100011c 1 80000000
01000120 1 7fffffff
01000124 2 ffff8000
01000128 30 00000001
0100012c 29 00000001
01000130 3 0000000d
01000138 1 00000000
0100013c 2 ffffffff
01000140 30 00000001
01000144 29 00000001
01000148 3 0000000e
01000150 1 ffffffff
01000154 2 00000001
01000158 30 00000000
0100015c 29 00000000
01000160 3 0000000f
01000168 1 ffffffff
0100016c 2 ffffffff
01000170 30 00000000
01000174 29 00000000
01000178 3 00000010
01000180 1 0000000e
01000184 2 0000000d
01000188 1 00000000
0100018c 29 00000000
01000190 3 00000011
01000198 1 0000000b
0100019c 2 0000000d
010001a0 2 00000001
010001a4 29 00000001
010001a8 3 00000012
010001b0 1 0000000d
010001b4 1 00000000
010001b8 29 00000000
010001bc 3 00000013
010001c4 4 00000000
010001c8 1 0000000b
010001cc 2 0000000d
010001d0 30 00000001
010001d4 6 00000001
010001d8 4 00000001
010001dc 5 00000002
010001c8 1 0000000b
010001cc 2 0000000d
010001d0 30 00000001
010001d4 6 00000001
010001d8 4 00000002
010001dc 5 00000002
010001e4 29 00000001
010001e8 3 00000014
010001f0 4 00000000
010001f4 1 0000000e
010001f8 2 0000000d
010001fc 30 00000000
01000204 6 00000000
01000208 4 00000001
0100020c 5 00000002
010001f4 1 0000000e
010001f8 2 0000000d
010001fc 30 00000000
01000204 6 00000000
01000208 4 00000002
0100020c 5 00000002
01000214 29 00000000
01000218 3 00000015
01000220 4 00000000
01000224 1 0000000c
01000228 2 0000000d
0100022c 30 00000001
01000238 6 00000001
0100023c 4 00000001
01000240 5 00000002
01000224 1 0000000c
01000228 2 0000000d
0100022c 30 00000001
01000238 6 00000001
0100023c 4 00000002
01000240 5 00000002
01000248 29 00000001
0100024c 3 00000016
01000254 4 00000000
01000258 1 0000000e
0100025c 2 0000000d
01000260 30 00000000
01000264 4 00000001
01000268 5 00000002
01000258 1 0000000e
0100025c 2 0000000d
01000260 30 00000000
01000264 4 00000002
01000268 5 00000002
01000270 29 00000000
01000274 3 00000017
0100027c 4 00000000
01000280 1 0000000b
01000284 2 0000000d
0100028c 30 00000001
01000290 4 00000001
01000294 5 00000002
01000280 1 0000000b
01000284 2 0000000d
0100028c 30 00000001
01000290 4 00000002
01000294 5 00000002
0100029c 29 00000001
010002a0 3 00000018
010002a8 4 00000000
010002ac 1 0000000f
010002b0 2 0000000d
010002bc 30 00000000
010002c0 4 00000001
010002c4 5 00000002
010002ac 1 0000000f
010002b0 2 0000000d
010002bc 30 00000000
010002c0 4 00000002
010002c4 5 00000002
010002cc 29 00000000
010002d0 3 00000019
010002d8 4 00000000
010002dc 1 0000000a
010002e4 2 0000000d
010002e8 30 00000001
010002ec 4 00000001
010002f0 5 00000002
010002dc 1 0000000a
010002e4 2 0000000d
010002e8 30 00000001
010002ec 4 00000002
010002f0 5 00000002
010002f8 29 00000001
010002fc 3 0000001a
01000304 4 00000000
01000308 1 00000010
01000310 2 0000000d
01000318 30 00000000
0100031c 4 00000001
01000320 5 00000002
01000308 1 00000010
01000310 2 0000000d
01000318 30 00000000
0100031c 4 00000002
01000320 5 00000002
01000328 29 00000000
0100032c 3 0000001b
01000334 4 00000000
01000338 1 00000009
01000344 2 0000000d
01000348 30 00000001
0100034c 4 00000001
01000350 5 00000002
01000338 1 00000009
01000344 2 0000000d
01000348 30 00000001
0100034c 4 00000002
01000350 5 00000002
01000358 29 00000001
0100035c 3 0000001c
01000364 4 00000000
01000368 2 0000000d
0100036c 1 00000011
01000370 30 00000000
01000374 4 00000001
01000378 5 00000002
01000368 2 0000000d
0100036c 1 00000011
01000370 30 00000000
01000374 4 00000002
01000378 5 00000002
01000380 29 00000000
01000384 3 0000001d
0100038c 4 00000000
01000390 2 0000000d
01000394 1 00000008
0100039c 30 00000001
010003a0 4 00000001
010003a4 5 00000002
01000390 2 0000000d
01000394 1 00000008
0100039c 30 00000001
010003a0 4 00000002
010003a4 5 00000002
010003ac 29 00000001
010003b0 3 0000001e
010003b8 4 00000000
010003bc 2 0000000d
010003c0 1 00000012
010003cc 30 00000000
010003d0 4 00000001
010003d4 5 00000002
010003bc 2 0000000d
010003c0 1 00000012
010003cc 30 00000000
010003d0 4 00000002
010003d4 5 00000002
010003dc 29 00000000
010003e0 3 0000001f
010003e8 4 00000000
010003ec 2 0000000d
010003f4 1 00000007
010003f8 30 00000001
010003fc 4 00000001
01000400 5 00000002
010003ec 2 0000000d
010003f4 1 00000007
010003f8 30 00000001
010003fc 4 00000002
01000400 5 00000002
01000408 29 00000001
0100040c 3 00000020
01000414 4 00000000
01000418 2 0000000d
01000420 1 00000013
01000428 30 00000000
0100042c 4 00000001
01000430 5 00000002
01000418 2 0000000d
01000420 1 00000013
01000428 30 00000000
0100042c 4 00000002
01000430 5 00000002
01000438 29 00000000
0100043c 3 00000021
01000444 4 00000000
01000448 2 0000000d
01000454 1 00000006
01000458 30 00000001
0100045c 4 00000001
01000460 5 00000002
01000448 2 0000000d
01000454 1 00000006
01000458 30 00000001
0100045c 4 00000002
01000460 5 00000002
01000468 29 00000001
0100046c 3 00000022
01000474 1 ffffffff
01000478 2 00000001
0100047c 29 00000001
01000480 3 00000023
01000488 1 ffffffff
0100048c 2 00000000
01000490 29 00000000
01000494 3 00000024
0100049c 1 00000000
010004a0 29 00000000
010004a4 3 00000025
010004ac 1 00000010
010004b0 2 0000001e
010004b8 29 00000000
010004bc 3 00000026
010004ec 3 00000001
010004f0 5 010004f0
010004f4 5 01000508
