01000000 1 ff010000
01000004 1 ff00ff00
01000008 2 0f0f1000
0100000c 2 0f0f0f0f
01000010 30 0f000f00
01000014 29 0f001000
01000018 29 0f000f00
0100001c 3 00000002
01000024 1 0ff01000
01000028 1 0ff00ff0
0100002c 2 f0f0f000
01000030 2 f0f0f0f0
01000034 30 00f000f0
01000038 29 00f00000
0100003c 29 00f000f0
01000040 3 00000003
01000048 1 00ff0000
0100004c 1 00ff00ff
01000050 2 0f0f1000
01000054 2 0f0f0f0f
01000058 30 000f000f
0100005c 29 000f0000
01000060 29 000f000f
01000064 3 00000004
0100006c 1 f00ff000
01000070 1 f00ff00f
01000074 2 f0f0f000
01000078 2 f0f0f0f0
0100007c 30 f000f000
01000080 29 f000f000
01000084 3 00000005
0100008c 1 ff010000
01000090 1 ff00ff00
01000094 2 0f0f1000
01000098 2 0f0f0f0f
0100009c 1 0f000f00
010000a0 29 0f001000
010000a4 29 0f000f00
010000a8 3 00000006
010000b0 1 0ff01000
010000b4 1 0ff00ff0
010000b8 2 f0f0f000
010000bc 2 f0f0f0f0
010000c0 2 00f000f0
010000c4 29 00f00000
010000c8 29 00f000f0
010000cc 3 00000007
010000d4 1 ff010000
010000d8 1 ff00ff00
010000dc 1 ff00ff00
010000e0 29 ff010000
010000e4 29 ff00ff00
010000e8 3 00000008
010000f0 4 00000000
010000f4 1 ff010000
010000f8 1 ff00ff00
010000fc 2 0f0f1000
01000100 2 0f0f0f0f
01000104 30 0f000f00
01000108 6 0f000f00
0100010c 4 00000001
01000110 5 00000002
010000f4 1 ff010000
010000f8 1 ff00ff00
010000fc 2 0f0f1000
01000100 2 0f0f0f0f
01000104 30 0f000f00
01000108 6 0f000f00
0100010c 4 00000002
01000110 5 00000002
01000118 29 0f001000
0100011c 29 0f000f00
01000120 3 00000009
01000128 4 00000000
0100012c 1 0ff01000
01000130 1 0ff00ff0
01000134 2 f0f0f000
01000138 2 f0f0f0f0
0100013c 30 00f000f0
01000144 6 00f000f0
01000148 4 00000001
0100014c 5 00000002
0100012c 1 0ff01000
01000130 1 0ff00ff0
01000134 2 f0f0f000
01000138 2 f0f0f0f0
0100013c 30 00f000f0
01000144 6 00f000f0
01000148 4 00000002
0100014c 5 00000002
01000154 29 00f00000
01000158 29 00f000f0
0100015c 3 0000000a
01000164 4 00000000
01000168 1 00ff0000
0100016c 1 00ff00ff
01000170 2 0f0f1000
01000174 2 0f0f0f0f
01000178 30 000f000f
01000184 6 000f000f
01000188 4 00000001
0100018c 5 00000002
01000168 1 00ff0000
0100016c 1 00ff00ff
01000170 2 0f0f1000
01000174 2 0f0f0f0f
01000178 30 000f000f
01000184 6 000f000f
01000188 4 00000002
0100018c 5 00000002
01000194 29 000f0000
01000198 29 000f000f
0100019c 3 0000000b
010001a4 4 00000000
010001a8 1 ff010000
010001ac 1 ff00ff00
010001b0 2 0f0f1000
010001b4 2 0f0f0f0f
010001b8 30 0f000f00
010001bc 4 00000001
010001c0 5 00000002
010001a8 1 ff010000
010001ac 1 ff00ff00
010001b0 2 0f0f1000
010001b4 2 0f0f0f0f
010001b8 30 0f000f00
010001bc 4 00000002
010001c0 5 00000002
010001c8 29 0f001000
010001cc 29 0f000f00
010001d0 3 0000000c
010001d8 4 00000000
010001dc 1 0ff01000
010001e0 1 0ff00ff0
010001e4 2 f0f0f000
010001e8 2 f0f0f0f0
010001f0 30 00f000f0
010001f4 4 00000001
010001f8 5 00000002
010001dc 1 0ff01000
010001e0 1 0ff00ff0
010001e4 2 f0f0f000
010001e8 2 f0f0f0f0
010001f0 30 00f000f0
010001f4 4 00000002
010001f8 5 00000002
01000200 29 00f00000
01000204 29 00f000f0
01000208 3 0000000d
01000210 4 00000000
01000214 1 00ff0000
01000218 1 00ff00ff
0100021c 2 0f0f1000
01000220 2 0f0f0f0f
0100022c 30 000f000f
01000230 4 00000001
01000234 5 00000002
01000214 1 00ff0000
01000218 1 00ff00ff
0100021c 2 0f0f1000
01000220 2 0f0f0f0f
0100022c 30 000f000f
01000230 4 00000002
01000234 5 00000002
0100023c 29 000f0000
01000240 29 000f000f
01000244 3 0000000e
0100024c 4 00000000
01000250 1 ff010000
01000254 1 ff00ff00
0100025c 2 0f0f1000
01000260 2 0f0f0f0f
01000264 30 0f000f00
01000268 4 00000001
0100026c 5 00000002
01000250 1 ff010000
01000254 1 ff00ff00
0100025c 2 0f0f1000
01000260 2 0f0f0f0f
01000264 30 0f000f00
01000268 4 00000002
0100026c 5 00000002
01000274 29 0f001000
01000278 29 0f000f00
0100027c 3 0000000f
01000284 4 00000000
01000288 1 0ff01000
0100028c 1 0ff00ff0
01000294 2 f0f0f000
01000298 2 f0f0f0f0
010002a0 30 00f000f0
010002a4 4 00000001
010002a8 5 00000002
01000288 1 0ff01000
0100028c 1 0ff00ff0
01000294 2 f0f0f000
01000298 2 f0f0f0f0
010002a0 30 00f000f0
010002a4 4 00000002
010002a8 5 00000002
010002b0 29 00f00000
010002b4 29 00f000f0
010002b8 3 00000010
010002c0 4 00000000
010002c4 1 00ff0000
010002c8 1 00ff00ff
010002d4 2 0f0f1000
010002d8 2 0f0f0f0f
010002dc 30 000f000f
010002e0 4 00000001
010002e4 5 00000002
010002c4 1 00ff0000
010002c8 1 00ff00ff
010002d4 2 0f0f1000
010002d8 2 0f0f0f0f
010002dc 30 000f000f
010002e0 4 00000002
010002e4 5 00000002
010002ec 29 000f0000
010002f0 29 000f000f
010002f4 3 00000011
010002fc 4 00000000
01000300 2 0f0f1000
01000304 2 0f0f0f0f
01000308 1 ff010000
0100030c 1 ff00ff00
01000310 30 0f000f00
01000314 4 00000001
01000318 5 00000002
01000300 2 0f0f1000
01000304 2 0f0f0f0f
01000308 1 ff010000
0100030c 1 ff00ff00
01000310 30 0f000f00
01000314 4 00000002
01000318 5 00000002
01000320 29 0f001000
01000324 29 0f000f00
01000328 3 00000012
01000330 4 00000000
01000334 2 f0f0f000
01000338 2 f0f0f0f0
0100033c 1 0ff01000
01000340 1 0ff00ff0
01000348 30 00f000f0
0100034c 4 00000001
01000350 5 00000002
01000334 2 f0f0f000
01000338 2 f0f0f0f0
0100033c 1 0ff01000
01000340 1 0ff00ff0
01000348 30 00f000f0
0100034c 4 00000002
01000350 5 00000002
01000358 29 00f00000
0100035c 29 00f000f0
01000360 3 00000013
01000368 4 00000000
0100036c 2 0f0f1000
01000370 2 0f0f0f0f
01000374 1 00ff0000
01000378 1 00ff00ff
01000384 30 000f000f
01000388 4 00000001
0100038c 5 00000002
0100036c 2 0f0f1000
01000370 2 0f0f0f0f
01000374 1 00ff0000
01000378 1 00ff00ff
01000384 30 000f000f
01000388 4 00000002
0100038c 5 00000002
01000394 29 000f0000
01000398 29 000f000f
0100039c 3 00000014
010003a4 4 00000000
010003a8 2 0f0f1000
010003ac 2 0f0f0f0f
010003b4 1 ff010000
010003b8 1 ff00ff00
010003bc 30 0f000f00
010003c0 4 00000001
010003c4 5 00000002
010003a8 2 0f0f1000
010003ac 2 0f0f0f0f
010003b4 1 ff010000
010003b8 1 ff00ff00
010003bc 30 0f000f00
010003c0 4 00000002
010003c4 5 00000002
010003cc 29 0f001000
010003d0 29 0f000f00
010003d4 3 00000015
010003dc 4 00000000
010003e0 2 f0f0f000
010003e4 2 f0f0f0f0
010003ec 1 0ff01000
010003f0 1 0ff00ff0
010003f8 30 00f000f0
010003fc 4 00000001
01000400 5 00000002
010003e0 2 f0f0f000
010003e4 2 f0f0f0f0
010003ec 1 0ff01000
010003f0 1 0ff00ff0
010003f8 30 00f000f0
010003fc 4 00000002
01000400 5 00000002
01000408 29 00f00000
0100040c 29 00f000f0
01000410 3 00000016
01000418 4 00000000
0100041c 2 0f0f1000
01000420 2 0f0f0f0f
0100042c 1 00ff0000
01000430 1 00ff00ff
01000434 30 000f000f
01000438 4 00000001
0100043c 5 00000002
0100041c 2 0f0f1000
01000420 2 0f0f0f0f
0100042c 1 00ff0000
01000430 1 00ff00ff
01000434 30 000f000f
01000438 4 00000002
0100043c 5 00000002
01000444 29 000f0000
01000448 29 000f000f
0100044c 3 00000017
01000454 1 ff010000
01000458 1 ff00ff00
0100045c 2 00000000
01000460 29 00000000
01000464 3 00000018
0100046c 1 00ff0000
01000470 1 00ff00ff
01000474 2 00000000
01000478 29 00000000
0100047c 3 00000019
01000484 1 00000000
01000488 29 00000000
0100048c 3 0000001a
01000494 1 11111000
01000498 1 11111111
0100049c 2 22222000
010004a0 2 22222222
010004a8 29 00000000
010004ac 3 0000001b
010004dc 3 00000001
010004e0 5 010004e0
010004e4 5 010004f8
