01000000 1 80000000
01000004 2 00000000
01000008 30 80000000
0100000c 29 80000000
01000010 3 00000002
01000018 1 80000000
0100001c 2 00000001
01000020 30 c0000000
01000024 29 c0000000
01000028 3 00000003
01000030 1 80000000
01000034 2 00000007
01000038 30 ff000000
0100003c 29 ff000000
01000040 3 00000004
01000048 1 80000000
0100004c 2 0000000e
01000050 30 fffe0000
01000054 29 fffe0000
01000058 3 00000005
01000060 1 80000000
01000064 1 80000001
01000068 2 0000001f
0100006c 30 ffffffff
01000070 29 ffffffff
01000074 3 00000006
0100007c 1 80000000
01000080 1 7fffffff
01000084 2 00000000
01000088 30 7fffffff
0100008c 29 80000000
01000090 29 7fffffff
01000094 3 00000007
0100009c 1 80000000
010000a0 1 7fffffff
010000a4 2 00000001
010000a8 30 3fffffff
010000ac 29 40000000
010000b0 29 3fffffff
010000b4 3 00000008
010000bc 1 80000000
010000c0 1 7fffffff
010000c4 2 00000007
010000c8 30 00ffffff
010000cc 29 01000000
010000d0 29 00ffffff
010000d4 3 00000009
010000dc 1 80000000
010000e0 1 7fffffff
010000e4 2 0000000e
010000e8 30 0001ffff
010000ec 29 00020000
010000f0 29 0001ffff
010000f4 3 0000000a
010000fc 1 80000000
01000100 1 7fffffff
01000104 2 0000001f
01000108 30 00000000
0100010c 29 00000000
01000110 3 0000000b
01000118 1 81818000
0100011c 1 81818181
01000120 2 00000000
01000124 30 81818181
01000128 29 81818000
0100012c 29 81818181
01000130 3 0000000c
01000138 1 81818000
0100013c 1 81818181
01000140 2 00000001
01000144 30 c0c0c0c0
01000148 29 c0c0c000
0100014c 29 c0c0c0c0
01000150 3 0000000d
01000158 1 81818000
0100015c 1 81818181
01000160 2 00000007
01000164 30 ff030303
01000168 29 ff030000
0100016c 29 ff030303
01000170 3 0000000e
01000178 1 81818000
0100017c 1 81818181
01000180 2 0000000e
01000184 30 fffe0606
01000188 29 fffe0000
0100018c 29 fffe0606
01000190 3 0000000f
01000198 1 81818000
0100019c 1 81818181
010001a0 2 0000001f
010001a4 30 ffffffff
010001a8 29 ffffffff
010001ac 3 00000010
010001b4 1 81818000
010001b8 1 81818181
010001bc 2 ffffffc0
010001c0 30 81818181
010001c4 29 81818000
010001c8 29 81818181
010001cc 3 00000011
010001d4 1 81818000
010001d8 1 81818181
010001dc 2 ffffffc1
010001e0 30 c0c0c0c0
010001e4 29 c0c0c000
010001e8 29 c0c0c0c0
010001ec 3 00000012
010001f4 1 81818000
010001f8 1 81818181
010001fc 2 ffffffc7
01000200 30 ff030303
01000204 29 ff030000
01000208 29 ff030303
0100020c 3 00000013
01000214 1 81818000
01000218 1 81818181
0100021c 2 ffffffce
01000220 30 fffe0606
01000224 29 fffe0000
01000228 29 fffe0606
0100022c 3 00000014
01000234 1 81818000
01000238 1 81818181
0100023c 2 ffffffff
01000240 30 ffffffff
01000244 29 ffffffff
01000248 3 00000015
01000250 1 80000000
01000254 2 00000007
01000258 1 ff000000
0100025c 29 ff000000
01000260 3 00000016
01000268 1 80000000
0100026c 2 0000000e
01000270 2 fffe0000
01000274 29 fffe0000
01000278 3 00000017
01000280 1 00000007
01000284 1 00000000
01000288 29 00000000
0100028c 3 00000018
01000294 4 00000000
01000298 1 80000000
0100029c 2 00000007
010002a0 30 ff000000
010002a4 6 ff000000
010002a8 4 00000001
010002ac 5 00000002
01000298 1 80000000
0100029c 2 00000007
010002a0 30 ff000000
010002a4 6 ff000000
010002a8 4 00000002
010002ac 5 00000002
010002b4 29 ff000000
010002b8 3 00000019
010002c0 4 00000000
010002c4 1 80000000
010002c8 2 0000000e
010002cc 30 fffe0000
010002d4 6 fffe0000
010002d8 4 00000001
010002dc 5 00000002
010002c4 1 80000000
010002c8 2 0000000e
010002cc 30 fffe0000
010002d4 6 fffe0000
010002d8 4 00000002
010002dc 5 00000002
010002e4 29 fffe0000
010002e8 3 0000001a
010002f0 4 00000000
010002f4 1 80000000
010002f8 2 0000001f
010002fc 30 ffffffff
01000308 6 ffffffff
0100030c 4 00000001
01000310 5 00000002
010002f4 1 80000000
010002f8 2 0000001f
010002fc 30 ffffffff
01000308 6 ffffffff
0100030c 4 00000002
01000310 5 00000002
01000318 29 ffffffff
0100031c 3 0000001b
01000324 4 00000000
01000328 1 80000000
0100032c 2 00000007
01000330 30 ff000000
01000334 4 00000001
01000338 5 00000002
01000328 1 80000000
0100032c 2 00000007
01000330 30 ff000000
01000334 4 00000002
01000338 5 00000002
01000340 29 ff000000
01000344 3 0000001c
0100034c 4 00000000
01000350 1 80000000
01000354 2 0000000e
0100035c 30 fffe0000
01000360 4 00000001
01000364 5 00000002
01000350 1 80000000
01000354 2 0000000e
0100035c 30 fffe0000
01000360 4 00000002
01000364 5 00000002
0100036c 29 fffe0000
01000370 3 0000001d
01000378 4 00000000
0100037c 1 80000000
01000380 2 0000001f
0100038c 30 ffffffff
01000390 4 00000001
01000394 5 00000002
0100037c 1 80000000
01000380 2 0000001f
0100038c 30 ffffffff
01000390 4 00000002
01000394 5 00000002
0100039c 29 ffffffff
010003a0 3 0000001e
010003a8 4 00000000
010003ac 1 80000000
010003b4 2 00000007
010003b8 30 ff000000
010003bc 4 00000001
010003c0 5 00000002
010003ac 1 80000000
010003b4 2 00000007
010003b8 30 ff000000
010003bc 4 00000002
010003c0 5 00000002
010003c8 29 ff000000
010003cc 3 0000001f
010003d4 4 00000000
010003d8 1 80000000
010003e0 2 0000000e
010003e8 30 fffe0000
010003ec 4 00000001
010003f0 5 00000002
010003d8 1 80000000
010003e0 2 0000000e
010003e8 30 fffe0000
010003ec 4 00000002
010003f0 5 00000002
010003f8 29 fffe0000
010003fc 3 00000020
01000404 4 00000000
01000408 1 80000000
01000414 2 0000001f
01000418 30 ffffffff
0100041c 4 00000001
01000420 5 00000002
01000408 1 80000000
01000414 2 0000001f
01000418 30 ffffffff
0100041c 4 00000002
01000420 5 00000002
01000428 29 ffffffff
0100042c 3 00000021
01000434 4 00000000
01000438 2 00000007
0100043c 1 80000000
01000440 30 ff000000
01000444 4 00000001
01000448 5 00000002
01000438 2 00000007
0100043c 1 80000000
01000440 30 ff000000
01000444 4 00000002
01000448 5 00000002
01000450 29 ff000000
01000454 3 00000022
0100045c 4 00000000
01000460 2 0000000e
01000464 1 80000000
0100046c 30 fffe0000
01000470 4 00000001
01000474 5 00000002
01000460 2 0000000e
01000464 1 80000000
0100046c 30 fffe0000
01000470 4 00000002
01000474 5 00000002
0100047c 29 fffe0000
01000480 3 00000023
01000488 4 00000000
0100048c 2 0000001f
01000490 1 80000000
0100049c 30 ffffffff
010004a0 4 00000001
010004a4 5 00000002
0100048c 2 0000001f
01000490 1 80000000
0100049c 30 ffffffff
010004a0 4 00000002
010004a4 5 00000002
010004ac 29 ffffffff
010004b0 3 00000024
010004b8 4 00000000
010004bc 2 00000007
010004c4 1 80000000
010004c8 30 ff000000
010004cc 4 00000001
010004d0 5 00000002
010004bc 2 00000007
010004c4 1 80000000
010004c8 30 ff000000
010004cc 4 00000002
010004d0 5 00000002
010004d8 29 ff000000
010004dc 3 00000025
010004e4 4 00000000
010004e8 2 0000000e
010004f0 1 80000000
010004f8 30 fffe0000
010004fc 4 00000001
01000500 5 00000002
010004e8 2 0000000e
010004f0 1 80000000
010004f8 30 fffe0000
010004fc 4 00000002
01000500 5 00000002
01000508 29 fffe0000
0100050c 3 00000026
01000514 4 00000000
01000518 2 0000001f
01000524 1 80000000
01000528 30 ffffffff
0100052c 4 00000001
01000530 5 00000002
01000518 2 0000001f
01000524 1 80000000
01000528 30 ffffffff
0100052c 4 00000002
01000530 5 00000002
01000538 29 ffffffff
0100053c 3 00000027
01000544 1 0000000f
01000548 2 00000000
0100054c 29 00000000
01000550 3 00000028
01000558 1 00000020
0100055c 2 00000020
01000560 29 00000020
01000564 3 00000029
0100056c 1 00000000
01000570 29 00000000
01000574 3 0000002a
0100057c 1 00000400
01000580 2 00001000
01000584 2 00000800
0100058c 29 00000000
01000590 3 0000002b
010005c0 3 00000001
010005c4 5 010005c4
010005c8 5 010005d8
