01000000 1 00000001
01000004 30 00000001
01000008 29 00000001
0100000c 3 00000002
01000014 1 00000001
01000018 30 00000002
0100001c 29 00000002
01000020 3 00000003
01000028 1 00000001
0100002c 30 00000080
01000030 29 00000080
01000034 3 00000004
0100003c 1 00000001
01000040 30 00004000
01000044 29 00004000
01000048 3 00000005
01000050 1 00000001
01000054 30 80000000
01000058 29 80000000
0100005c 3 00000006
01000064 1 ffffffff
01000068 30 ffffffff
0100006c 29 ffffffff
01000070 3 00000007
01000078 1 ffffffff
0100007c 30 fffffffe
01000080 29 fffffffe
01000084 3 00000008
0100008c 1 ffffffff
01000090 30 ffffff80
01000094 29 ffffff80
01000098 3 00000009
010000a0 1 ffffffff
010000a4 30 ffffc000
010000a8 29 ffffc000
010000ac 3 0000000a
010000b4 1 ffffffff
010000b8 30 80000000
010000bc 29 80000000
010000c0 3 0000000b
010000c8 1 21212000
010000cc 1 21212121
010000d0 30 21212121
010000d4 29 21212000
010000d8 29 21212121
010000dc 3 0000000c
010000e4 1 21212000
010000e8 1 21212121
010000ec 30 42424242
010000f0 29 42424000
010000f4 29 42424242
010000f8 3 0000000d
01000100 1 21212000
01000104 1 21212121
01000108 30 90909080
0100010c 29 90909000
01000110 29 90909080
01000114 3 0000000e
0100011c 1 21212000
01000120 1 21212121
01000124 30 48484000
01000128 29 48484000
0100012c 3 0000000f
01000134 1 21212000
01000138 1 21212121
0100013c 30 80000000
01000140 29 80000000
01000144 3 00000010
0100014c 1 00000001
01000150 1 00000080
01000154 29 00000080
01000158 3 00000011
01000160 4 00000000
01000164 1 00000001
01000168 30 00000080
0100016c 6 00000080
01000170 4 00000001
01000174 5 00000002
01000164 1 00000001
01000168 30 00000080
0100016c 6 00000080
01000170 4 00000002
01000174 5 00000002
0100017c 29 00000080
01000180 3 00000012
01000188 4 00000000
0100018c 1 00000001
01000190 30 00004000
01000198 6 00004000
0100019c 4 00000001
010001a0 5 00000002
0100018c 1 00000001
01000190 30 00004000
01000198 6 00004000
0100019c 4 00000002
010001a0 5 00000002
010001a8 29 00004000
010001ac 3 00000013
010001b4 4 00000000
010001b8 1 00000001
010001bc 30 80000000
010001c8 6 80000000
010001cc 4 00000001
010001d0 5 00000002
010001b8 1 00000001
010001bc 30 80000000
010001c8 6 80000000
010001cc 4 00000002
010001d0 5 00000002
010001d8 29 80000000
010001dc 3 00000014
010001e4 4 00000000
010001e8 1 00000001
010001ec 30 00000080
010001f0 4 00000001
010001f4 5 00000002
010001e8 1 00000001
010001ec 30 00000080
010001f0 4 00000002
010001f4 5 00000002
010001fc 29 00000080
01000200 3 00000015
01000208 4 00000000
0100020c 1 00000001
01000214 30 00004000
01000218 4 00000001
0100021c 5 00000002
0100020c 1 00000001
01000214 30 00004000
01000218 4 00000002
0100021c 5 00000002
01000224 29 00004000
01000228 3 00000016
01000230 4 00000000
01000234 1 00000001
01000240 30 80000000
01000244 4 00000001
01000248 5 00000002
01000234 1 00000001
01000240 30 80000000
01000244 4 00000002
01000248 5 00000002
01000250 29 80000000
01000254 3 00000017
0100025c 1 00000000
01000260 29 00000000
01000264 3 00000018
0100026c 1 00000021
01000274 29 00000000
01000278 3 00000019
010002a8 3 00000001
010002ac 5 010002ac
010002b0 5 010002c0
