01000000 1 ff010000
01000004 1 ff00ff00
01000008 30 ffffff0f
0100000c 29 ffffff0f
01000010 3 00000002
01000018 1 0ff01000
0100001c 1 0ff00ff0
01000020 30 0ff00ff0
01000024 29 0ff01000
01000028 29 0ff00ff0
0100002c 3 00000003
01000034 1 00ff0000
01000038 1 00ff00ff
0100003c 30 00ff07ff
01000040 29 00ff0000
01000044 29 00ff07ff
01000048 3 00000004
01000050 1 f00ff000
01000054 1 f00ff00f
01000058 30 f00ff0ff
0100005c 29 f00ff000
01000060 29 f00ff0ff
01000064 3 00000005
0100006c 1 ff010000
01000070 1 ff00ff00
01000074 1 ff00fff0
01000078 29 ff010000
0100007c 29 ff00fff0
01000080 3 00000006
01000088 4 00000000
0100008c 1 0ff01000
01000090 1 0ff00ff0
01000094 30 0ff00ff0
01000098 6 0ff00ff0
0100009c 4 00000001
010000a0 5 00000002
0100008c 1 0ff01000
01000090 1 0ff00ff0
01000094 30 0ff00ff0
01000098 6 0ff00ff0
0100009c 4 00000002
010000a0 5 00000002
010000a8 29 0ff01000
010000ac 29 0ff00ff0
010000b0 3 00000007
010000b8 4 00000000
010000bc 1 00ff0000
010000c0 1 00ff00ff
010000c4 30 00ff07ff
010000cc 6 00ff07ff
010000d0 4 00000001
010000d4 5 00000002
010000bc 1 00ff0000
010000c0 1 00ff00ff
010000c4 30 00ff07ff
010000cc 6 00ff07ff
010000d0 4 00000002
010000d4 5 00000002
010000dc 29 00ff0000
010000e0 29 00ff07ff
010000e4 3 00000008
010000ec 4 00000000
010000f0 1 f00ff000
010000f4 1 f00ff00f
010000f8 30 f00ff0ff
01000104 6 f00ff0ff
01000108 4 00000001
0100010c 5 00000002
010000f0 1 f00ff000
010000f4 1 f00ff00f
010000f8 30 f00ff0ff
01000104 6 f00ff0ff
01000108 4 00000002
0100010c 5 00000002
01000114 29 f00ff000
01000118 29 f00ff0ff
0100011c 3 00000009
01000124 4 00000000
01000128 1 0ff01000
0100012c 1 0ff00ff0
01000130 30 0ff00ff0
01000134 4 00000001
01000138 5 00000002
01000128 1 0ff01000
0100012c 1 0ff00ff0
01000130 30 0ff00ff0
01000134 4 00000002
01000138 5 00000002
01000140 29 0ff01000
01000144 29 0ff00ff0
01000148 3 0000000a
01000150 4 00000000
01000154 1 00ff0000
01000158 1 00ff00ff
01000160 30 ffffffff
01000164 4 00000001
01000168 5 00000002
01000154 1 00ff0000
01000158 1 00ff00ff
01000160 30 ffffffff
01000164 4 00000002
01000168 5 00000002
01000170 29 ffffffff
01000174 3 0000000b
0100017c 4 00000000
01000180 1 f00ff000
01000184 1 f00ff00f
01000190 30 f00ff0ff
01000194 4 00000001
01000198 5 00000002
01000180 1 f00ff000
01000184 1 f00ff00f
01000190 30 f00ff0ff
01000194 4 00000002
01000198 5 00000002
010001a0 29 f00ff000
010001a4 29 f00ff0ff
010001a8 3 0000000c
010001b0 1 000000f0
010001b4 29 000000f0
010001b8 3 0000000d
010001c0 1 00ff0000
010001c4 1 00ff00ff
010001cc 29 00000000
010001d0 3 0000000e
01000200 3 00000001
01000204 5 01000204
01000208 5 01000218
