01000000 3 00000002
01000004 1 00000000
01000008 2 00000000
01000020 3 00000003
01000024 1 00000001
01000028 2 00000001
01000040 3 00000004
01000044 1 ffffffff
01000048 2 ffffffff
01000060 3 00000005
01000064 1 00000001
01000068 2 00000000
01000080 3 00000006
01000084 1 00000001
01000088 2 ffffffff
010000a0 3 00000007
010000a4 1 ffffffff
010000a8 2 fffffffe
010000c0 3 00000008
010000c4 1 00000000
010000c8 2 00000001
010000dc 3 00000009
010000e0 1 ffffffff
010000e4 2 00000001
010000f8 3 0000000a
010000fc 1 fffffffe
01000100 2 ffffffff
01000114 3 0000000b
01000118 1 fffffffe
0100011c 2 00000001
01000130 3 0000000c
01000134 4 00000000
01000138 1 ffffffff
0100013c 2 00000000
01000144 4 00000001
01000148 5 00000002
01000138 1 ffffffff
0100013c 2 00000000
01000144 4 00000002
01000148 5 00000002
01000150 3 0000000d
01000154 4 00000000
01000158 1 ffffffff
0100015c 2 00000000
01000168 4 00000001
0100016c 5 00000002
01000158 1 ffffffff
0100015c 2 00000000
01000168 4 00000002
0100016c 5 00000002
01000174 3 0000000e
01000178 4 00000000
0100017c 1 ffffffff
01000180 2 00000000
01000190 4 00000001
01000194 5 00000002
0100017c 1 ffffffff
01000180 2 00000000
01000190 4 00000002
01000194 5 00000002
0100019c 3 0000000f
010001a0 4 00000000
010001a4 1 ffffffff
010001ac 2 00000000
010001b4 4 00000001
010001b8 5 00000002
010001a4 1 ffffffff
010001ac 2 00000000
010001b4 4 00000002
010001b8 5 00000002
010001c0 3 00000010
010001c4 4 00000000
010001c8 1 ffffffff
010001d0 2 00000000
010001dc 4 00000001
010001e0 5 00000002
010001c8 1 ffffffff
010001d0 2 00000000
010001dc 4 00000002
010001e0 5 00000002
010001e8 3 00000011
010001ec 4 00000000
010001f0 1 ffffffff
010001fc 2 00000000
01000204 4 00000001
01000208 5 00000002
010001f0 1 ffffffff
010001fc 2 00000000
01000204 4 00000002
01000208 5 00000002
01000210 3 00000012
01000214 4 00000000
01000218 1 ffffffff
0100021c 2 00000000
01000224 4 00000001
01000228 5 00000002
01000218 1 ffffffff
0100021c 2 00000000
01000224 4 00000002
01000228 5 00000002
01000230 3 00000013
01000234 4 00000000
01000238 1 ffffffff
0100023c 2 00000000
01000248 4 00000001
0100024c 5 00000002
01000238 1 ffffffff
0100023c 2 00000000
01000248 4 00000002
0100024c 5 00000002
01000254 3 00000014
01000258 4 00000000
0100025c 1 ffffffff
01000260 2 00000000
01000270 4 00000001
01000274 5 00000002
0100025c 1 ffffffff
01000260 2 00000000
01000270 4 00000002
01000274 5 00000002
0100027c 3 00000015
01000280 4 00000000
01000284 1 ffffffff
0100028c 2 00000000
01000294 4 00000001
01000298 5 00000002
01000284 1 ffffffff
0100028c 2 00000000
01000294 4 00000002
01000298 5 00000002
010002a0 3 00000016
010002a4 4 00000000
010002a8 1 ffffffff
010002b0 2 00000000
010002bc 4 00000001
010002c0 5 00000002
010002a8 1 ffffffff
010002b0 2 00000000
010002bc 4 00000002
010002c0 5 00000002
010002c8 3 00000017
010002cc 4 00000000
010002d0 1 ffffffff
010002dc 2 00000000
010002e4 4 00000001
010002e8 5 00000002
010002d0 1 ffffffff
010002dc 2 00000000
010002e4 4 00000002
010002e8 5 00000002
010002f0 1 00000001
01000308 1 00000002
0100030c 1 00000003
01000310 29 00000003
01000314 3 00000018
01000344 3 00000001
01000348 5 01000348
0100034c 5 01000360
