01000000 3 00000002
01000004 1 00000000
01000008 2 00000000
01000020 3 00000003
01000024 1 00000001
01000028 2 00000001
01000040 3 00000004
01000044 1 ffffffff
01000048 2 ffffffff
01000060 3 00000005
01000064 1 00000001
01000068 2 00000000
01000080 3 00000006
01000084 1 ffffffff
01000088 2 fffffffe
010000a0 3 00000007
010000a4 1 ffffffff
010000a8 2 00000000
010000c0 3 00000008
010000c4 1 00000000
010000c8 2 00000001
010000dc 3 00000009
010000e0 1 fffffffe
010000e4 2 ffffffff
010000f8 3 0000000a
010000fc 1 00000000
01000100 2 ffffffff
01000114 3 0000000b
01000118 1 80000000
0100011c 1 7fffffff
01000120 2 80000000
01000134 3 0000000c
01000138 4 00000000
0100013c 1 f0000000
01000140 1 efffffff
01000144 2 f0000000
0100014c 4 00000001
01000150 5 00000002
0100013c 1 f0000000
01000140 1 efffffff
01000144 2 f0000000
0100014c 4 00000002
01000150 5 00000002
01000158 3 0000000d
0100015c 4 00000000
01000160 1 f0000000
01000164 1 efffffff
01000168 2 f0000000
01000174 4 00000001
01000178 5 00000002
01000160 1 f0000000
01000164 1 efffffff
01000168 2 f0000000
01000174 4 00000002
01000178 5 00000002
01000180 3 0000000e
01000184 4 00000000
01000188 1 f0000000
0100018c 1 efffffff
01000190 2 f0000000
010001a0 4 00000001
010001a4 5 00000002
01000188 1 f0000000
0100018c 1 efffffff
01000190 2 f0000000
010001a0 4 00000002
010001a4 5 00000002
010001ac 3 0000000f
010001b0 4 00000000
010001b4 1 f0000000
010001b8 1 efffffff
010001c0 2 f0000000
010001c8 4 00000001
010001cc 5 00000002
010001b4 1 f0000000
010001b8 1 efffffff
010001c0 2 f0000000
010001c8 4 00000002
010001cc 5 00000002
010001d4 3 00000010
010001d8 4 00000000
010001dc 1 f0000000
010001e0 1 efffffff
010001e8 2 f0000000
010001f4 4 00000001
010001f8 5 00000002
010001dc 1 f0000000
010001e0 1 efffffff
010001e8 2 f0000000
010001f4 4 00000002
010001f8 5 00000002
01000200 3 00000011
01000204 4 00000000
01000208 1 f0000000
0100020c 1 efffffff
01000218 2 f0000000
01000220 4 00000001
01000224 5 00000002
01000208 1 f0000000
0100020c 1 efffffff
01000218 2 f0000000
01000220 4 00000002
01000224 5 00000002
0100022c 3 00000012
01000230 4 00000000
01000234 1 f0000000
01000238 1 efffffff
0100023c 2 f0000000
01000244 4 00000001
01000248 5 00000002
01000234 1 f0000000
01000238 1 efffffff
0100023c 2 f0000000
01000244 4 00000002
01000248 5 00000002
01000250 3 00000013
01000254 4 00000000
01000258 1 f0000000
0100025c 1 efffffff
01000260 2 f0000000
0100026c 4 00000001
01000270 5 00000002
01000258 1 f0000000
0100025c 1 efffffff
01000260 2 f0000000
0100026c 4 00000002
01000270 5 00000002
01000278 3 00000014
0100027c 4 00000000
01000280 1 f0000000
01000284 1 efffffff
01000288 2 f0000000
01000298 4 00000001
0100029c 5 00000002
01000280 1 f0000000
01000284 1 efffffff
01000288 2 f0000000
01000298 4 00000002
0100029c 5 00000002
010002a4 3 00000015
010002a8 4 00000000
010002ac 1 f0000000
010002b0 1 efffffff
010002b8 2 f0000000
010002c0 4 00000001
010002c4 5 00000002
010002ac 1 f0000000
010002b0 1 efffffff
010002b8 2 f0000000
010002c0 4 00000002
010002c4 5 00000002
010002cc 3 00000016
010002d0 4 00000000
010002d4 1 f0000000
010002d8 1 efffffff
010002e0 2 f0000000
010002ec 4 00000001
010002f0 5 00000002
010002d4 1 f0000000
010002d8 1 efffffff
010002e0 2 f0000000
010002ec 4 00000002
010002f0 5 00000002
010002f8 3 00000017
010002fc 4 00000000
01000300 1 f0000000
01000304 1 efffffff
01000310 2 f0000000
01000318 4 00000001
0100031c 5 00000002
01000300 1 f0000000
01000304 1 efffffff
01000310 2 f0000000
01000318 4 00000002
0100031c 5 00000002
01000324 1 00000001
0100033c 1 00000002
01000340 1 00000003
01000344 29 00000003
01000348 3 00000018
01000378 3 00000001
0100037c 5 0100037c
01000380 5 01000390
