01000000 1 ff010000
01000004 1 ff00ff00
01000008 2 0f0f1000
0100000c 2 0f0f0f0f
01000010 30 ff0fff0f
01000014 29 ff100000
01000018 29 ff0fff0f
0100001c 3 00000002
01000024 1 0ff01000
01000028 1 0ff00ff0
0100002c 2 f0f0f000
01000030 2 f0f0f0f0
01000034 30 fff0fff0
01000038 29 fff10000
0100003c 29 fff0fff0
01000040 3 00000003
01000048 1 00ff0000
0100004c 1 00ff00ff
01000050 2 0f0f1000
01000054 2 0f0f0f0f
01000058 30 0fff0fff
0100005c 29 0fff1000
01000060 29 0fff0fff
01000064 3 00000004
0100006c 1 f00ff000
01000070 1 f00ff00f
01000074 2 f0f0f000
01000078 2 f0f0f0f0
0100007c 30 f0fff0ff
01000080 29 f0fff000
01000084 29 f0fff0ff
01000088 3 00000005
01000090 1 ff010000
01000094 1 ff00ff00
01000098 2 0f0f1000
0100009c 2 0f0f0f0f
010000a0 1 ff0fff0f
010000a4 29 ff100000
010000a8 29 ff0fff0f
010000ac 3 00000006
010000b4 1 ff010000
010000b8 1 ff00ff00
010000bc 2 0f0f1000
010000c0 2 0f0f0f0f
010000c4 2 ff0fff0f
010000c8 29 ff100000
010000cc 29 ff0fff0f
010000d0 3 00000007
010000d8 1 ff010000
010000dc 1 ff00ff00
010000e0 1 ff00ff00
010000e4 29 ff010000
010000e8 29 ff00ff00
010000ec 3 00000008
010000f4 4 00000000
010000f8 1 ff010000
010000fc 1 ff00ff00
01000100 2 0f0f1000
01000104 2 0f0f0f0f
01000108 30 ff0fff0f
0100010c 6 ff0fff0f
01000110 4 00000001
01000114 5 00000002
010000f8 1 ff010000
010000fc 1 ff00ff00
01000100 2 0f0f1000
01000104 2 0f0f0f0f
01000108 30 ff0fff0f
0100010c 6 ff0fff0f
01000110 4 00000002
01000114 5 00000002
0100011c 29 ff100000
01000120 29 ff0fff0f
01000124 3 00000009
0100012c 4 00000000
01000130 1 0ff01000
01000134 1 0ff00ff0
01000138 2 f0f0f000
0100013c 2 f0f0f0f0
01000140 30 fff0fff0
01000148 6 fff0fff0
0100014c 4 00000001
01000150 5 00000002
01000130 1 0ff01000
01000134 1 0ff00ff0
01000138 2 f0f0f000
0100013c 2 f0f0f0f0
01000140 30 fff0fff0
01000148 6 fff0fff0
0100014c 4 00000002
01000150 5 00000002
01000158 29 fff10000
0100015c 29 fff0fff0
01000160 3 0000000a
01000168 4 00000000
0100016c 1 00ff0000
01000170 1 00ff00ff
01000174 2 0f0f1000
01000178 2 0f0f0f0f
0100017c 30 0fff0fff
01000188 6 0fff0fff
0100018c 4 00000001
01000190 5 00000002
0100016c 1 00ff0000
01000170 1 00ff00ff
01000174 2 0f0f1000
01000178 2 0f0f0f0f
0100017c 30 0fff0fff
01000188 6 0fff0fff
0100018c 4 00000002
01000190 5 00000002
01000198 29 0fff1000
0100019c 29 0fff0fff
010001a0 3 0000000b
010001a8 4 00000000
010001ac 1 ff010000
010001b0 1 ff00ff00
010001b4 2 0f0f1000
010001b8 2 0f0f0f0f
010001bc 30 ff0fff0f
010001c0 4 00000001
010001c4 5 00000002
010001ac 1 ff010000
010001b0 1 ff00ff00
010001b4 2 0f0f1000
010001b8 2 0f0f0f0f
010001bc 30 ff0fff0f
010001c0 4 00000002
010001c4 5 00000002
010001cc 29 ff100000
010001d0 29 ff0fff0f
010001d4 3 0000000c
010001dc 4 00000000
010001e0 1 0ff01000
010001e4 1 0ff00ff0
010001e8 2 f0f0f000
010001ec 2 f0f0f0f0
010001f4 30 fff0fff0
010001f8 4 00000001
010001fc 5 00000002
010001e0 1 0ff01000
010001e4 1 0ff00ff0
010001e8 2 f0f0f000
010001ec 2 f0f0f0f0
010001f4 30 fff0fff0
010001f8 4 00000002
010001fc 5 00000002
01000204 29 fff10000
01000208 29 fff0fff0
0100020c 3 0000000d
01000214 4 00000000
01000218 1 00ff0000
0100021c 1 00ff00ff
01000220 2 0f0f1000
01000224 2 0f0f0f0f
01000230 30 0fff0fff
01000234 4 00000001
01000238 5 00000002
01000218 1 00ff0000
0100021c 1 00ff00ff
01000220 2 0f0f1000
01000224 2 0f0f0f0f
01000230 30 0fff0fff
01000234 4 00000002
01000238 5 00000002
01000240 29 0fff1000
01000244 29 0fff0fff
01000248 3 0000000e
01000250 4 00000000
01000254 1 ff010000
01000258 1 ff00ff00
01000260 2 0f0f1000
01000264 2 0f0f0f0f
01000268 30 ff0fff0f
0100026c 4 00000001
01000270 5 00000002
01000254 1 ff010000
01000258 1 ff00ff00
01000260 2 0f0f1000
01000264 2 0f0f0f0f
01000268 30 ff0fff0f
0100026c 4 00000002
01000270 5 00000002
01000278 29 ff100000
0100027c 29 ff0fff0f
01000280 3 0000000f
01000288 4 00000000
0100028c 1 0ff01000
01000290 1 0ff00ff0
01000298 2 f0f0f000
0100029c 2 f0f0f0f0
010002a4 30 fff0fff0
010002a8 4 00000001
010002ac 5 00000002
0100028c 1 0ff01000
01000290 1 0ff00ff0
01000298 2 f0f0f000
0100029c 2 f0f0f0f0
010002a4 30 fff0fff0
010002a8 4 00000002
010002ac 5 00000002
010002b4 29 fff10000
010002b8 29 fff0fff0
010002bc 3 00000010
010002c4 4 00000000
010002c8 1 00ff0000
010002cc 1 00ff00ff
010002d8 2 0f0f1000
010002dc 2 0f0f0f0f
010002e0 30 0fff0fff
010002e4 4 00000001
010002e8 5 00000002
010002c8 1 00ff0000
010002cc 1 00ff00ff
010002d8 2 0f0f1000
010002dc 2 0f0f0f0f
010002e0 30 0fff0fff
010002e4 4 00000002
010002e8 5 00000002
010002f0 29 0fff1000
010002f4 29 0fff0fff
010002f8 3 00000011
01000300 4 00000000
01000304 2 0f0f1000
01000308 2 0f0f0f0f
0100030c 1 ff010000
01000310 1 ff00ff00
01000314 30 ff0fff0f
01000318 4 00000001
0100031c 5 00000002
01000304 2 0f0f1000
01000308 2 0f0f0f0f
0100030c 1 ff010000
01000310 1 ff00ff00
01000314 30 ff0fff0f
01000318 4 00000002
0100031c 5 00000002
01000324 29 ff100000
01000328 29 ff0fff0f
0100032c 3 00000012
01000334 4 00000000
01000338 2 f0f0f000
0100033c 2 f0f0f0f0
01000340 1 0ff01000
01000344 1 0ff00ff0
0100034c 30 fff0fff0
01000350 4 00000001
01000354 5 00000002
01000338 2 f0f0f000
0100033c 2 f0f0f0f0
01000340 1 0ff01000
01000344 1 0ff00ff0
0100034c 30 fff0fff0
01000350 4 00000002
01000354 5 00000002
0100035c 29 fff10000
01000360 29 fff0fff0
01000364 3 00000013
0100036c 4 00000000
01000370 2 0f0f1000
01000374 2 0f0f0f0f
01000378 1 00ff0000
0100037c 1 00ff00ff
01000388 30 0fff0fff
0100038c 4 00000001
01000390 5 00000002
01000370 2 0f0f1000
01000374 2 0f0f0f0f
01000378 1 00ff0000
0100037c 1 00ff00ff
01000388 30 0fff0fff
0100038c 4 00000002
01000390 5 00000002
01000398 29 0fff1000
0100039c 29 0fff0fff
010003a0 3 00000014
010003a8 4 00000000
010003ac 2 0f0f1000
010003b0 2 0f0f0f0f
010003b8 1 ff010000
010003bc 1 ff00ff00
010003c0 30 ff0fff0f
010003c4 4 00000001
010003c8 5 00000002
010003ac 2 0f0f1000
010003b0 2 0f0f0f0f
010003b8 1 ff010000
010003bc 1 ff00ff00
010003c0 30 ff0fff0f
010003c4 4 00000002
010003c8 5 00000002
010003d0 29 ff100000
010003d4 29 ff0fff0f
010003d8 3 00000015
010003e0 4 00000000
010003e4 2 f0f0f000
010003e8 2 f0f0f0f0
010003f0 1 0ff01000
010003f4 1 0ff00ff0
010003fc 30 fff0fff0
01000400 4 00000001
01000404 5 00000002
010003e4 2 f0f0f000
010003e8 2 f0f0f0f0
010003f0 1 0ff01000
010003f4 1 0ff00ff0
010003fc 30 fff0fff0
01000400 4 00000002
01000404 5 00000002
0100040c 29 fff10000
01000410 29 fff0fff0
01000414 3 00000016
0100041c 4 00000000
01000420 2 0f0f1000
01000424 2 0f0f0f0f
01000430 1 00ff0000
01000434 1 00ff00ff
01000438 30 0fff0fff
0100043c 4 00000001
01000440 5 00000002
01000420 2 0f0f1000
01000424 2 0f0f0f0f
01000430 1 00ff0000
01000434 1 00ff00ff
01000438 30 0fff0fff
0100043c 4 00000002
01000440 5 00000002
01000448 29 0fff1000
0100044c 29 0fff0fff
01000450 3 00000017
01000458 1 ff010000
0100045c 1 ff00ff00
01000460 2 ff00ff00
01000464 29 ff010000
01000468 29 ff00ff00
0100046c 3 00000018
01000474 1 00ff0000
01000478 1 00ff00ff
0100047c 2 00ff00ff
01000480 29 00ff0000
01000484 29 00ff00ff
01000488 3 00000019
01000490 1 00000000
01000494 29 00000000
01000498 3 0000001a
010004a0 1 11111000
010004a4 1 11111111
010004a8 2 22222000
010004ac 2 22222222
010004b4 29 00000000
010004b8 3 0000001b
010004e8 3 00000001
010004ec 5 010004ec
010004f0 5 01000500
