01000000 1 00ff1000
01000004 1 00ff0f00
01000008 30 ff00f00f
0100000c 29 ff00f000
01000010 29 ff00f00f
01000014 3 00000002
0100001c 1 0ff01000
01000020 1 0ff00ff0
01000024 30 0ff00f00
01000028 29 0ff01000
0100002c 29 0ff00f00
01000030 3 00000003
01000038 1 00ff1000
0100003c 1 00ff08ff
01000040 30 00ff0ff0
01000044 29 00ff1000
01000048 29 00ff0ff0
0100004c 3 00000004
01000054 1 f00ff000
01000058 1 f00ff00f
0100005c 30 f00ff0ff
01000060 29 f00ff000
01000064 29 f00ff0ff
01000068 3 00000005
01000070 1 ff00f000
01000074 1 ff00f700
01000078 1 ff00f00f
0100007c 29 ff00f000
01000080 29 ff00f00f
01000084 3 00000006
0100008c 4 00000000
01000090 1 0ff01000
01000094 1 0ff00ff0
01000098 30 0ff00f00
0100009c 6 0ff00f00
010000a0 4 00000001
010000a4 5 00000002
01000090 1 0ff01000
01000094 1 0ff00ff0
01000098 30 0ff00f00
0100009c 6 0ff00f00
010000a0 4 00000002
010000a4 5 00000002
010000ac 29 0ff01000
010000b0 29 0ff00f00
010000b4 3 00000007
010000bc 4 00000000
010000c0 1 00ff1000
010000c4 1 00ff08ff
010000c8 30 00ff0ff0
010000d0 6 00ff0ff0
010000d4 4 00000001
010000d8 5 00000002
010000c0 1 00ff1000
010000c4 1 00ff08ff
010000c8 30 00ff0ff0
010000d0 6 00ff0ff0
010000d4 4 00000002
010000d8 5 00000002
010000e0 29 00ff1000
010000e4 29 00ff0ff0
010000e8 3 00000008
010000f0 4 00000000
010000f4 1 f00ff000
010000f8 1 f00ff00f
010000fc 30 f00ff0ff
01000108 6 f00ff0ff
0100010c 4 00000001
01000110 5 00000002
010000f4 1 f00ff000
010000f8 1 f00ff00f
010000fc 30 f00ff0ff
01000108 6 f00ff0ff
0100010c 4 00000002
01000110 5 00000002
01000118 29 f00ff000
0100011c 29 f00ff0ff
01000120 3 00000009
01000128 4 00000000
0100012c 1 0ff01000
01000130 1 0ff00ff0
01000134 30 0ff00f00
01000138 4 00000001
0100013c 5 00000002
0100012c 1 0ff01000
01000130 1 0ff00ff0
01000134 30 0ff00f00
01000138 4 00000002
0100013c 5 00000002
01000144 29 0ff01000
01000148 29 0ff00f00
0100014c 3 0000000a
01000154 4 00000000
01000158 1 00ff1000
0100015c 1 00ff0fff
01000164 30 00ff0ff0
01000168 4 00000001
0100016c 5 00000002
01000158 1 00ff1000
0100015c 1 00ff0fff
01000164 30 00ff0ff0
01000168 4 00000002
0100016c 5 00000002
01000174 29 00ff1000
01000178 29 00ff0ff0
0100017c 3 0000000b
01000184 4 00000000
01000188 1 f00ff000
0100018c 1 f00ff00f
01000198 30 f00ff0ff
0100019c 4 00000001
010001a0 5 00000002
01000188 1 f00ff000
0100018c 1 f00ff00f
01000198 30 f00ff0ff
0100019c 4 00000002
010001a0 5 00000002
010001a8 29 f00ff000
010001ac 29 f00ff0ff
010001b0 3 0000000c
010001b8 1 000000f0
010001bc 29 000000f0
010001c0 3 0000000d
010001c8 1 00ff0000
010001cc 1 00ff00ff
010001d4 29 00000000
010001d8 3 0000000e
01000208 3 00000001
0100020c 5 0100020c
01000210 5 01000220
