01000000 1 00000000
01000004 2 00000000
01000008 30 00000000
0100000c 29 00000000
01000010 3 00000002
01000018 1 00000001
0100001c 2 00000001
01000020 30 00000002
01000024 29 00000002
01000028 3 00000003
01000030 1 00000003
01000034 2 00000007
01000038 30 0000000a
0100003c 29 0000000a
01000040 3 00000004
01000048 1 00000000
0100004c 2 ffff8000
01000050 30 ffff8000
01000054 29 ffff8000
01000058 3 00000005
01000060 1 80000000
01000064 2 00000000
01000068 30 80000000
0100006c 29 80000000
01000070 3 00000006
01000078 1 80000000
0100007c 2 ffff8000
01000080 30 7fff8000
01000084 29 7fff8000
01000088 3 00000007
01000090 1 00000000
01000094 2 00008000
01000098 2 00007fff
0100009c 30 00007fff
010000a0 29 00008000
010000a4 29 00007fff
010000a8 3 00000008
010000b0 1 80000000
010000b4 1 7fffffff
010000b8 2 00000000
010000bc 30 7fffffff
010000c0 29 80000000
010000c4 29 7fffffff
010000c8 3 00000009
010000d0 1 80000000
010000d4 1 7fffffff
010000d8 2 00008000
010000dc 2 00007fff
010000e0 30 80007ffe
010000e4 29 80008000
010000e8 29 80007ffe
010000ec 3 0000000a
010000f4 1 80000000
010000f8 2 00008000
010000fc 2 00007fff
01000100 30 80007fff
01000104 29 80008000
01000108 29 80007fff
0100010c 3 0000000b
01000114 1 80000000
01000118 1 7fffffff
0100011c 2 ffff8000
01000120 30 7fff7fff
01000124 29 7fff8000
01000128 29 7fff7fff
0100012c 3 0000000c
01000134 1 00000000
01000138 2 ffffffff
0100013c 30 ffffffff
01000140 29 ffffffff
01000144 3 0000000d
0100014c 1 ffffffff
01000150 2 00000001
01000154 30 00000000
01000158 29 00000000
0100015c 3 0000000e
01000164 1 ffffffff
01000168 2 ffffffff
0100016c 30 fffffffe
01000170 29 fffffffe
01000174 3 0000000f
0100017c 1 00000001
01000180 2 80000000
01000184 2 7fffffff
01000188 30 80000000
0100018c 29 80000000
01000190 3 00000010
01000198 1 0000000d
0100019c 2 0000000b
010001a0 1 00000018
010001a4 29 00000018
010001a8 3 00000011
010001b0 1 0000000e
010001b4 2 0000000b
010001b8 2 00000019
010001bc 29 00000019
010001c0 3 00000012
010001c8 1 0000000d
010001cc 1 0000001a
010001d0 29 0000001a
010001d4 3 00000013
010001dc 4 00000000
010001e0 1 0000000d
010001e4 2 0000000b
010001e8 30 00000018
010001ec 6 00000018
010001f0 4 00000001
010001f4 5 00000002
010001e0 1 0000000d
010001e4 2 0000000b
010001e8 30 00000018
010001ec 6 00000018
010001f0 4 00000002
010001f4 5 00000002
010001fc 29 00000018
01000200 3 00000014
01000208 4 00000000
0100020c 1 0000000e
01000210 2 0000000b
01000214 30 00000019
0100021c 6 00000019
01000220 4 00000001
01000224 5 00000002
0100020c 1 0000000e
01000210 2 0000000b
01000214 30 00000019
0100021c 6 00000019
01000220 4 00000002
01000224 5 00000002
0100022c 29 00000019
01000230 3 00000015
01000238 4 00000000
0100023c 1 0000000f
01000240 2 0000000b
01000244 30 0000001a
01000250 6 0000001a
01000254 4 00000001
01000258 5 00000002
0100023c 1 0000000f
01000240 2 0000000b
01000244 30 0000001a
01000250 6 0000001a
01000254 4 00000002
01000258 5 00000002
01000260 29 0000001a
01000264 3 00000016
0100026c 4 00000000
01000270 1 0000000d
01000274 2 0000000b
01000278 30 00000018
0100027c 4 00000001
01000280 5 00000002
01000270 1 0000000d
01000274 2 0000000b
01000278 30 00000018
0100027c 4 00000002
01000280 5 00000002
01000288 29 00000018
0100028c 3 00000017
01000294 4 00000000
01000298 1 0000000e
0100029c 2 0000000b
010002a4 30 00000019
010002a8 4 00000001
010002ac 5 00000002
01000298 1 0000000e
0100029c 2 0000000b
010002a4 30 00000019
010002a8 4 00000002
010002ac 5 00000002
010002b4 29 00000019
010002b8 3 00000018
010002c0 4 00000000
010002c4 1 0000000f
010002c8 2 0000000b
010002d4 30 0000001a
010002d8 4 00000001
010002dc 5 00000002
010002c4 1 0000000f
010002c8 2 0000000b
010002d4 30 0000001a
010002d8 4 00000002
010002dc 5 00000002
010002e4 29 0000001a
010002e8 3 00000019
010002f0 4 00000000
010002f4 1 0000000d
010002fc 2 0000000b
01000300 30 00000018
01000304 4 00000001
01000308 5 00000002
010002f4 1 0000000d
010002fc 2 0000000b
01000300 30 00000018
01000304 4 00000002
01000308 5 00000002
01000310 29 00000018
01000314 3 0000001a
0100031c 4 00000000
01000320 1 0000000e
01000328 2 0000000b
01000330 30 00000019
01000334 4 00000001
01000338 5 00000002
01000320 1 0000000e
01000328 2 0000000b
01000330 30 00000019
01000334 4 00000002
01000338 5 00000002
01000340 29 00000019
01000344 3 0000001b
0100034c 4 00000000
01000350 1 0000000f
0100035c 2 0000000b
01000360 30 0000001a
01000364 4 00000001
01000368 5 00000002
01000350 1 0000000f
0100035c 2 0000000b
01000360 30 0000001a
01000364 4 00000002
01000368 5 00000002
01000370 29 0000001a
01000374 3 0000001c
0100037c 4 00000000
01000380 2 0000000b
01000384 1 0000000d
01000388 30 00000018
0100038c 4 00000001
01000390 5 00000002
01000380 2 0000000b
01000384 1 0000000d
01000388 30 00000018
0100038c 4 00000002
01000390 5 00000002
01000398 29 00000018
0100039c 3 0000001d
010003a4 4 00000000
010003a8 2 0000000b
010003ac 1 0000000e
010003b4 30 00000019
010003b8 4 00000001
010003bc 5 00000002
010003a8 2 0000000b
010003ac 1 0000000e
010003b4 30 00000019
010003b8 4 00000002
010003bc 5 00000002
010003c4 29 00000019
010003c8 3 0000001e
010003d0 4 00000000
010003d4 2 0000000b
010003d8 1 0000000f
010003e4 30 0000001a
010003e8 4 00000001
010003ec 5 00000002
010003d4 2 0000000b
010003d8 1 0000000f
010003e4 30 0000001a
010003e8 4 00000002
010003ec 5 00000002
010003f4 29 0000001a
010003f8 3 0000001f
01000400 4 00000000
01000404 2 0000000b
0100040c 1 0000000d
01000410 30 00000018
01000414 4 00000001
01000418 5 00000002
01000404 2 0000000b
0100040c 1 0000000d
01000410 30 00000018
01000414 4 00000002
01000418 5 00000002
01000420 29 00000018
01000424 3 00000020
0100042c 4 00000000
01000430 2 0000000b
01000438 1 0000000e
01000440 30 00000019
01000444 4 00000001
01000448 5 00000002
01000430 2 0000000b
01000438 1 0000000e
01000440 30 00000019
01000444 4 00000002
01000448 5 00000002
01000450 29 00000019
01000454 3 00000021
0100045c 4 00000000
01000460 2 0000000b
0100046c 1 0000000f
01000470 30 0000001a
01000474 4 00000001
01000478 5 00000002
01000460 2 0000000b
0100046c 1 0000000f
01000470 30 0000001a
01000474 4 00000002
01000478 5 00000002
01000480 29 0000001a
01000484 3 00000022
0100048c 1 0000000f
01000490 2 0000000f
01000494 29 0000000f
01000498 3 00000023
010004a0 1 00000020
010004a4 2 00000020
010004a8 29 00000020
010004ac 3 00000024
010004b4 1 00000000
010004b8 29 00000000
010004bc 3 00000025
010004c4 1 00000010
010004c8 2 0000001e
010004d0 29 00000000
010004d4 3 00000026
01000504 3 00000001
01000508 5 01000508
0100050c 5 01000520
