01000000 1 01000000
01000004 1 01000240
01000008 30 ffffffff
0100000c 29 ffffffff
01000010 3 00000002
01000018 1 01000018
0100001c 1 01000240
01000020 30 00000000
01000024 29 00000000
01000028 3 00000003
01000030 1 01000030
01000034 1 01000240
01000038 30 fffffff0
0100003c 29 fffffff0
01000040 3 00000004
01000048 1 01000048
0100004c 1 01000240
01000050 30 0000000f
01000054 29 0000000f
01000058 3 00000005
01000060 1 01000060
01000064 1 01000240
01000068 1 01000243
0100006c 30 ffffffff
01000070 29 ffffffff
01000074 3 00000006
0100007c 1 0100007c
01000080 1 01000240
01000084 1 01000243
01000088 30 00000000
0100008c 29 00000000
01000090 3 00000007
01000098 1 01000098
0100009c 1 01000240
010000a0 1 01000243
010000a4 30 fffffff0
010000a8 29 fffffff0
010000ac 3 00000008
010000b4 1 010000b4
010000b8 1 01000240
010000bc 1 01000243
010000c0 30 0000000f
010000c4 29 0000000f
010000c8 3 00000009
010000d0 1 010000d0
010000d4 1 01000240
010000d8 1 01000220
010000dc 5 ffffffff
010000e0 29 ffffffff
010000e4 3 0000000a
010000ec 1 010000ec
010000f0 1 01000240
010000f4 1 0100023a
010000f8 5 00000000
010000fc 29 00000000
01000100 3 0000000b
01000108 1 01000108
0100010c 1 01000240
01000114 29 00000000
01000118 3 0000000c
01000120 4 01000120
01000124 4 01000240
01000128 14 ffffffff
0100012c 7 ffffffff
01000130 29 ffffffff
01000134 3 0000000d
0100013c 4 0100013c
01000140 4 01000240
01000144 14 00000000
0100014c 7 00000000
01000150 29 00000000
01000154 3 0000000e
0100015c 4 0100015c
01000160 4 01000240
01000164 14 fffffff0
01000170 7 fffffff0
01000174 29 fffffff0
01000178 3 0000000f
01000180 4 01000180
01000184 4 01000240
01000188 1 ffffffff
0100018c 29 ffffffff
01000190 3 00000010
01000198 4 01000198
0100019c 4 01000240
010001a0 1 01000241
010001a4 5 00000000
010001a8 29 00000000
010001ac 3 00000011
010001b4 4 010001b4
010001b8 4 01000240
010001c0 1 01000242
010001c4 5 fffffff0
010001c8 29 fffffff0
010001cc 3 00000012
010001d4 4 010001d4
010001d8 4 01000240
010001e4 1 01000243
010001e8 5 0000000f
010001ec 29 0000000f
010001f0 3 00000013
01000224 3 00000001
01000228 5 01000228
0100022c 5 01000248
