01000000 1 01000000
01000004 1 01000260
01000008 30 000000ff
0100000c 29 000000ff
01000010 3 00000002
01000018 1 01000018
0100001c 1 01000260
01000020 30 ffffff00
01000024 29 ffffff00
01000028 3 00000003
01000030 1 01000030
01000034 1 01000260
01000038 30 00000ff0
0100003c 29 00001000
01000040 29 00000ff0
01000044 3 00000004
0100004c 1 0100004c
01000050 1 01000260
01000054 30 fffff00f
01000058 29 fffff000
0100005c 29 fffff00f
01000060 3 00000005
01000068 1 01000068
0100006c 1 01000260
01000070 1 01000266
01000074 30 000000ff
01000078 29 000000ff
0100007c 3 00000006
01000084 1 01000084
01000088 1 01000260
0100008c 1 01000266
01000090 30 ffffff00
01000094 29 ffffff00
01000098 3 00000007
010000a0 1 010000a0
010000a4 1 01000260
010000a8 1 01000266
010000ac 30 00000ff0
010000b0 29 00001000
010000b4 29 00000ff0
010000b8 3 00000008
010000c0 1 010000c0
010000c4 1 01000260
010000c8 1 01000266
010000cc 30 fffff00f
010000d0 29 fffff000
010000d4 29 fffff00f
010000d8 3 00000009
010000e0 1 010000e0
010000e4 1 01000260
010000e8 1 01000240
010000ec 5 000000ff
010000f0 29 000000ff
010000f4 3 0000000a
010000fc 1 010000fc
01000100 1 01000260
01000104 1 0100025a
01000108 5 ffffff00
0100010c 29 ffffff00
01000110 3 0000000b
01000118 1 01000118
0100011c 1 01000260
01000124 29 00000000
01000128 3 0000000c
01000130 4 01000130
01000134 4 01000260
01000138 14 000000ff
0100013c 7 000000ff
01000140 29 000000ff
01000144 3 0000000d
0100014c 4 0100014c
01000150 4 01000260
01000154 14 ffffff00
0100015c 7 ffffff00
01000160 29 ffffff00
01000164 3 0000000e
0100016c 4 0100016c
01000170 4 01000260
01000174 14 00000ff0
01000180 7 00000ff0
01000184 29 00001000
01000188 29 00000ff0
0100018c 3 0000000f
01000194 4 01000194
01000198 4 01000260
0100019c 1 000000ff
010001a0 29 000000ff
010001a4 3 00000010
010001ac 4 010001ac
010001b0 4 01000260
010001b4 1 01000262
010001b8 5 ffffff00
010001bc 29 ffffff00
010001c0 3 00000011
010001c8 4 010001c8
010001cc 4 01000260
010001d4 1 01000264
010001d8 5 00000ff0
010001dc 29 00001000
010001e0 29 00000ff0
010001e4 3 00000012
010001ec 4 010001ec
010001f0 4 01000260
010001fc 1 01000266
01000200 5 fffff00f
01000204 29 fffff000
01000208 29 fffff00f
0100020c 3 00000013
01000240 3 00000001
01000244 5 01000244
01000248 5 01000268
