01000000 1 80000000
01000004 30 80000000
01000008 29 80000000
0100000c 3 00000002
01000014 1 80000000
01000018 30 40000000
0100001c 29 40000000
01000020 3 00000003
01000028 1 80000000
0100002c 30 01000000
01000030 29 01000000
01000034 3 00000004
0100003c 1 80000000
01000040 30 00020000
01000044 29 00020000
01000048 3 00000005
01000050 1 80000000
01000054 1 80000001
01000058 30 00000001
0100005c 29 00000001
01000060 3 00000006
01000068 1 ffffffff
0100006c 30 ffffffff
01000070 29 ffffffff
01000074 3 00000007
0100007c 1 ffffffff
01000080 30 7fffffff
01000084 29 80000000
01000088 29 7fffffff
0100008c 3 00000008
01000094 1 ffffffff
01000098 30 01ffffff
0100009c 29 02000000
010000a0 29 01ffffff
010000a4 3 00000009
010000ac 1 ffffffff
010000b0 30 0003ffff
010000b4 29 00040000
010000b8 29 0003ffff
010000bc 3 0000000a
010000c4 1 ffffffff
010000c8 30 00000001
010000cc 29 00000001
010000d0 3 0000000b
010000d8 1 21212000
010000dc 1 21212121
010000e0 30 21212121
010000e4 29 21212000
010000e8 29 21212121
010000ec 3 0000000c
010000f4 1 21212000
010000f8 1 21212121
010000fc 30 10909090
01000100 29 10909000
01000104 29 10909090
01000108 3 0000000d
01000110 1 21212000
01000114 1 21212121
01000118 30 00424242
0100011c 29 00424000
01000120 29 00424242
01000124 3 0000000e
0100012c 1 21212000
01000130 1 21212121
01000134 30 00008484
01000138 29 00008000
0100013c 29 00008484
01000140 3 0000000f
01000148 1 21212000
0100014c 1 21212121
01000150 30 00000000
01000154 29 00000000
01000158 3 00000010
01000160 1 80000000
01000164 1 01000000
01000168 29 01000000
0100016c 3 00000011
01000174 4 00000000
01000178 1 80000000
0100017c 30 01000000
01000180 6 01000000
01000184 4 00000001
01000188 5 00000002
01000178 1 80000000
0100017c 30 01000000
01000180 6 01000000
01000184 4 00000002
01000188 5 00000002
01000190 29 01000000
01000194 3 00000012
0100019c 4 00000000
010001a0 1 80000000
010001a4 30 00020000
010001ac 6 00020000
010001b0 4 00000001
010001b4 5 00000002
010001a0 1 80000000
010001a4 30 00020000
010001ac 6 00020000
010001b0 4 00000002
010001b4 5 00000002
010001bc 29 00020000
010001c0 3 00000013
010001c8 4 00000000
010001cc 1 80000000
010001d0 1 80000001
010001d4 30 00000001
010001e0 6 00000001
010001e4 4 00000001
010001e8 5 00000002
010001cc 1 80000000
010001d0 1 80000001
010001d4 30 00000001
010001e0 6 00000001
010001e4 4 00000002
010001e8 5 00000002
010001f0 29 00000001
010001f4 3 00000014
010001fc 4 00000000
01000200 1 80000000
01000204 30 01000000
01000208 4 00000001
0100020c 5 00000002
01000200 1 80000000
01000204 30 01000000
01000208 4 00000002
0100020c 5 00000002
01000214 29 01000000
01000218 3 00000015
01000220 4 00000000
01000224 1 80000000
0100022c 30 00020000
01000230 4 00000001
01000234 5 00000002
01000224 1 80000000
0100022c 30 00020000
01000230 4 00000002
01000234 5 00000002
0100023c 29 00020000
01000240 3 00000016
01000248 4 00000000
0100024c 1 80000000
01000250 1 80000001
0100025c 30 00000001
01000260 4 00000001
01000264 5 00000002
0100024c 1 80000000
01000250 1 80000001
0100025c 30 00000001
01000260 4 00000002
01000264 5 00000002
0100026c 29 00000001
01000270 3 00000017
01000278 1 00000000
0100027c 29 00000000
01000280 3 00000018
01000288 1 00000021
01000290 29 00000000
01000294 3 00000019
010002c4 3 00000001
010002c8 5 010002c8
010002cc 5 010002e0
