01000000 1 01000000
01000004 1 01000250
01000008 2 00000000
0100000c 2 000000aa
01000014 30 000000aa
01000018 29 000000aa
0100001c 3 00000002
01000024 1 01000024
01000028 1 01000250
0100002c 2 0000b000
01000030 2 0000aa00
01000038 30 ffffaa00
0100003c 29 ffffb000
01000040 29 ffffaa00
01000044 3 00000003
0100004c 1 0100004c
01000050 1 01000250
01000054 2 0000c000
01000058 2 0000beef
01000060 30 ffffbeef
01000064 29 ffffc000
01000068 29 ffffbeef
0100006c 3 00000004
01000074 1 01000074
01000078 1 01000250
0100007c 2 00001000
01000080 2 00000a00
01000088 30 00000a00
0100008c 29 00001000
01000090 29 00000a00
01000094 3 00000005
0100009c 1 0100009c
010000a0 1 01000250
010000a4 1 01000256
010000a8 2 00000000
010000ac 2 000000aa
010000b4 1 010000b4
010000b8 1 01000250
010000bc 30 000000aa
010000c0 29 000000aa
010000c4 3 00000006
010000cc 1 010000cc
010000d0 1 01000250
010000d4 1 01000256
010000d8 2 0000b000
010000dc 2 0000aa00
010000e4 1 010000e4
010000e8 1 01000250
010000ec 30 ffffaa00
010000f0 29 ffffb000
010000f4 29 ffffaa00
010000f8 3 00000007
01000100 1 01000100
01000104 1 01000250
01000108 1 01000256
0100010c 2 0000c000
01000110 2 0000beef
01000118 1 01000118
0100011c 1 01000250
01000120 30 ffffbeef
01000124 29 ffffc000
01000128 29 ffffbeef
0100012c 3 00000008
01000134 1 01000134
01000138 1 01000250
0100013c 1 01000256
01000140 2 00001000
01000144 2 00000a00
0100014c 30 00000a00
01000150 29 00001000
01000154 29 00000a00
01000158 3 00000009
01000160 1 01000160
01000164 1 01000250
01000168 1 01000230
0100016c 2 00000000
01000170 2 000000aa
01000178 5 000000aa
0100017c 29 000000aa
01000180 3 0000000a
01000188 4 01000188
0100018c 4 01000250
01000190 1 0000b000
01000194 1 0000aa00
0100019c 14 ffffaa00
010001a0 29 ffffb000
010001a4 29 ffffaa00
010001a8 3 0000000b
010001b0 4 010001b0
010001b4 4 01000250
010001b8 1 0000c000
010001bc 1 0000beef
010001c8 14 ffffbeef
010001cc 29 ffffc000
010001d0 29 ffffbeef
010001d4 3 0000000c
010001dc 4 010001dc
010001e0 4 01000250
010001e4 1 00001000
010001e8 1 00000a00
010001f8 14 00000a00
010001fc 29 00001000
01000200 29 00000a00
01000204 3 0000000d
01000238 3 00000001
0100023c 5 0100023c
01000240 5 01000260
