01000000 3 00000002
01000004 5 00000000
01000008 6 01000008
0100000c 6 01000018
01000010 5 01000014
01000018 6 01000018
0100001c 6 01000014
01000024 3 00000004
01000028 4 00000000
0100002c 6 0100002c
01000030 6 0100003c
01000034 19 01000038
0100003c 4 00000001
01000040 5 00000002
0100002c 6 0100002c
01000030 6 0100003c
01000034 19 01000038
0100003c 4 00000002
01000040 5 00000002
01000048 3 00000005
0100004c 4 00000000
01000050 6 01000050
01000054 6 01000064
0100005c 19 01000060
01000064 4 00000001
01000068 5 00000002
01000050 6 01000050
01000054 6 01000064
0100005c 19 01000060
01000064 4 00000002
01000068 5 00000002
01000070 3 00000006
01000074 4 00000000
01000078 6 01000078
0100007c 6 01000090
01000088 19 0100008c
01000090 4 00000001
01000094 5 00000002
01000078 6 01000078
0100007c 6 01000090
01000088 19 0100008c
01000090 4 00000002
01000094 5 00000002
0100009c 5 00000001
010000a0 6 010000a0
010000a4 6 010000bc
010000b8 5 00000002
010000bc 5 00000003
010000c0 5 00000004
010000c4 29 00000004
010000c8 3 00000007
010000f8 3 00000001
010000fc 5 010000fc
01000100 5 01000110
