01000000 1 00000000
01000004 30 00000000
01000008 29 00000000
0100000c 3 00000002
01000014 1 00000001
01000018 30 00000002
0100001c 29 00000002
01000020 3 00000003
01000028 1 00000003
0100002c 30 0000000a
01000030 29 0000000a
01000034 3 00000004
0100003c 1 00000000
01000040 30 fffff800
01000044 29 fffff800
01000048 3 00000005
01000050 1 80000000
01000054 30 80000000
01000058 29 80000000
0100005c 3 00000006
01000064 1 80000000
01000068 30 7ffff800
0100006c 29 80000000
01000070 29 7ffff800
01000074 3 00000007
0100007c 1 00000000
01000080 30 000007ff
01000084 29 000007ff
01000088 3 00000008
01000090 1 80000000
01000094 1 7fffffff
01000098 30 7fffffff
0100009c 29 80000000
010000a0 29 7fffffff
010000a4 3 00000009
010000ac 1 80000000
010000b0 1 7fffffff
010000b4 30 800007fe
010000b8 29 80000000
010000bc 29 800007fe
010000c0 3 0000000a
010000c8 1 80000000
010000cc 30 800007ff
010000d0 29 80000000
010000d4 29 800007ff
010000d8 3 0000000b
010000e0 1 80000000
010000e4 1 7fffffff
010000e8 30 7ffff7ff
010000ec 29 7ffff000
010000f0 29 7ffff7ff
010000f4 3 0000000c
010000fc 1 00000000
01000100 30 ffffffff
01000104 29 ffffffff
01000108 3 0000000d
01000110 1 ffffffff
01000114 30 00000000
01000118 29 00000000
0100011c 3 0000000e
01000124 1 ffffffff
01000128 30 fffffffe
0100012c 29 fffffffe
01000130 3 0000000f
01000138 1 80000000
0100013c 1 7fffffff
01000140 30 80000000
01000144 29 80000000
01000148 3 00000010
01000150 1 0000000d
01000154 1 00000018
01000158 29 00000018
0100015c 3 00000011
01000164 4 00000000
01000168 1 0000000d
0100016c 30 00000018
01000170 6 00000018
01000174 4 00000001
01000178 5 00000002
01000168 1 0000000d
0100016c 30 00000018
01000170 6 00000018
01000174 4 00000002
01000178 5 00000002
01000180 29 00000018
01000184 3 00000012
0100018c 4 00000000
01000190 1 0000000d
01000194 30 00000017
0100019c 6 00000017
010001a0 4 00000001
010001a4 5 00000002
01000190 1 0000000d
01000194 30 00000017
0100019c 6 00000017
010001a0 4 00000002
010001a4 5 00000002
010001ac 29 00000017
010001b0 3 00000013
010001b8 4 00000000
010001bc 1 0000000d
010001c0 30 00000016
010001cc 6 00000016
010001d0 4 00000001
010001d4 5 00000002
010001bc 1 0000000d
010001c0 30 00000016
010001cc 6 00000016
010001d0 4 00000002
010001d4 5 00000002
010001dc 29 00000016
010001e0 3 00000014
010001e8 4 00000000
010001ec 1 0000000d
010001f0 30 00000018
010001f4 4 00000001
010001f8 5 00000002
010001ec 1 0000000d
010001f0 30 00000018
010001f4 4 00000002
010001f8 5 00000002
01000200 29 00000018
01000204 3 00000015
0100020c 4 00000000
01000210 1 0000000d
01000218 30 00000017
0100021c 4 00000001
01000220 5 00000002
01000210 1 0000000d
01000218 30 00000017
0100021c 4 00000002
01000220 5 00000002
01000228 29 00000017
0100022c 3 00000016
01000234 4 00000000
01000238 1 0000000d
01000244 30 00000016
01000248 4 00000001
0100024c 5 00000002
01000238 1 0000000d
01000244 30 00000016
01000248 4 00000002
0100024c 5 00000002
01000254 29 00000016
01000258 3 00000017
01000260 1 00000020
01000264 29 00000020
01000268 3 00000018
01000270 1 00000021
01000278 29 00000000
0100027c 3 00000019
010002ac 3 00000001
010002b0 5 010002b0
010002b4 5 010002c8
