01000000 1 00000000
01000004 30 00000000
01000008 29 00000000
0100000c 3 00000002
01000014 1 00000001
01000018 30 00000000
0100001c 29 00000000
01000020 3 00000003
01000028 1 00000003
0100002c 30 00000001
01000030 29 00000001
01000034 3 00000004
0100003c 1 00000007
01000040 30 00000000
01000044 29 00000000
01000048 3 00000005
01000050 1 00000000
01000054 30 00000001
01000058 29 00000001
0100005c 3 00000006
01000064 1 80000000
01000068 30 00000000
0100006c 29 00000000
01000070 3 00000007
01000078 1 80000000
0100007c 30 00000001
01000080 29 00000001
01000084 3 00000008
0100008c 1 00000000
01000090 30 00000001
01000094 29 00000001
01000098 3 00000009
010000a0 1 80000000
010000a4 1 7fffffff
010000a8 30 00000000
010000ac 29 00000000
010000b0 3 0000000a
010000b8 1 80000000
010000bc 1 7fffffff
010000c0 30 00000000
010000c4 29 00000000
010000c8 3 0000000b
010000d0 1 80000000
010000d4 30 00000000
010000d8 29 00000000
010000dc 3 0000000c
010000e4 1 80000000
010000e8 1 7fffffff
010000ec 30 00000001
010000f0 29 00000001
010000f4 3 0000000d
010000fc 1 00000000
01000100 30 00000001
01000104 29 00000001
01000108 3 0000000e
01000110 1 ffffffff
01000114 30 00000000
01000118 29 00000000
0100011c 3 0000000f
01000124 1 ffffffff
01000128 30 00000000
0100012c 29 00000000
01000130 3 00000010
01000138 1 0000000b
0100013c 1 00000001
01000140 29 00000001
01000144 3 00000011
0100014c 4 00000000
01000150 1 0000000f
01000154 30 00000000
01000158 6 00000000
0100015c 4 00000001
01000160 5 00000002
01000150 1 0000000f
01000154 30 00000000
01000158 6 00000000
0100015c 4 00000002
01000160 5 00000002
01000168 29 00000000
0100016c 3 00000012
01000174 4 00000000
01000178 1 0000000a
0100017c 30 00000001
01000184 6 00000001
01000188 4 00000001
0100018c 5 00000002
01000178 1 0000000a
0100017c 30 00000001
01000184 6 00000001
01000188 4 00000002
0100018c 5 00000002
01000194 29 00000001
01000198 3 00000013
010001a0 4 00000000
010001a4 1 00000010
010001a8 30 00000000
010001b4 6 00000000
010001b8 4 00000001
010001bc 5 00000002
010001a4 1 00000010
010001a8 30 00000000
010001b4 6 00000000
010001b8 4 00000002
010001bc 5 00000002
010001c4 29 00000000
010001c8 3 00000014
010001d0 4 00000000
010001d4 1 0000000b
010001d8 30 00000001
010001dc 4 00000001
010001e0 5 00000002
010001d4 1 0000000b
010001d8 30 00000001
010001dc 4 00000002
010001e0 5 00000002
010001e8 29 00000001
010001ec 3 00000015
010001f4 4 00000000
010001f8 1 00000011
01000200 30 00000000
01000204 4 00000001
01000208 5 00000002
010001f8 1 00000011
01000200 30 00000000
01000204 4 00000002
01000208 5 00000002
01000210 29 00000000
01000214 3 00000016
0100021c 4 00000000
01000220 1 0000000c
0100022c 30 00000001
01000230 4 00000001
01000234 5 00000002
01000220 1 0000000c
0100022c 30 00000001
01000230 4 00000002
01000234 5 00000002
0100023c 29 00000001
01000240 3 00000017
01000248 1 00000001
0100024c 29 00000001
01000250 3 00000018
01000258 1 00ff0000
0100025c 1 00ff00ff
01000264 29 00000000
01000268 3 00000019
01000298 3 00000001
0100029c 5 0100029c
010002a0 5 010002b0
