01000000 1 0000000a
01000004 2 00000014
01000008 3 00000001
0100000c 5 0100000c
01000010 5 01000110
01000018 6 00000010
0100001c 7 00000005
01000020 8 00000015
01000024 9 00000015
0100002c 3 00000002
01000030 11 00000064
01000034 12 000000c8
01000038 13 0000012c
01000048 14 000000c8
0100004c 15 000000c8
01000054 3 00000003
01000058 16 01000058
0100005c 16 01000114
01000064 17 00001000
01000068 17 00000abc
0100006c 18 00000abc
0100007c 19 00000abc
01000088 3 00000004
0100008c 20 00000005
01000090 21 00000005
01000094 22 00000032
01000098 23 0000003c
010000b0 24 00000032
010000b8 25 0000003c
010000ec 3 00000001
010000f0 5 010000f0
010000f4 5 01000118
