01000000 3 00000001
01000004 1 01000004
01000008 1 01000110
0100000c 2 0000000a
01000010 3 00000100
01000014 4 00000200
01000018 3 00000001
0100001c 5 0000000b
01000020 6 0000020b
01000024 7 0000020b
0100002c 3 00000002
01000030 10 0000002a
01000034 11 0000002a
01000038 12 00000000
0100005c 3 00000003
01000060 14 00000032
01000064 15 01000068
010000c0 3 00000005
01000068 14 00000063
0100006c 16 00000063
01000078 3 00000004
0100007c 17 0100007c
01000080 17 01000118
01000084 18 00000005
01000088 19 00000014
01000090 20 00000019
01000098 21 00000014
010000a8 22 00000014
010000b0 23 00000014
010000ec 3 00000001
010000f0 5 010000f0
010000f4 5 01000120
