01000000 1 00000000
01000004 2 00000000
01000008 30 00000000
0100000c 29 00000000
01000010 3 00000001
01000018 1 00000001
0100001c 2 00000001
01000020 30 00000001
01000024 29 00000001
01000028 3 00000002
01000030 1 00000003
01000034 2 00000007
01000038 30 00000015
0100003c 29 00000015
01000040 3 00000003
01000048 1 ffffffff
0100004c 2 00000001
01000050 30 ffffffff
01000054 29 ffffffff
01000058 3 00000004
01000060 1 ffffffff
01000064 2 ffffffff
01000068 30 00000001
0100006c 29 00000001
01000070 3 00000005
01000078 1 fffffffb
0100007c 2 00000006
01000080 30 ffffffe2
01000084 29 ffffffe2
01000088 3 00000006
01000090 1 0000000c
01000094 2 fffffffc
01000098 30 ffffffd0
0100009c 29 ffffffd0
010000a0 3 00000007
010000a8 1 80000000
010000ac 2 00000002
010000b0 30 00000000
010000b4 29 00000000
010000b8 3 00000008
010000c0 1 40000000
010000c4 2 00000004
010000c8 30 00000000
010000cc 29 00000000
010000d0 3 00000009
010000d8 1 00000005
010000dc 2 00000006
010000e0 1 0000001e
010000e4 29 0000001e
010000e8 3 0000000a
010000f0 1 00000009
010000f4 2 00000007
010000f8 2 0000003f
010000fc 29 0000003f
01000100 3 0000000b
01000108 1 00000008
0100010c 1 00000040
01000110 29 00000040
01000114 3 0000000c
0100011c 1 0000007b
01000120 2 00000000
01000124 30 00000000
01000128 29 00000000
0100012c 3 0000000d
01000134 1 00000000
01000138 2 ffffffc9
0100013c 30 00000000
01000140 29 00000000
01000144 3 0000000e
0100014c 1 00000004
01000150 2 00000005
01000158 29 00000000
0100015c 3 0000000f
01000168 3 00000001
0100016c 5 0100016c
01000170 5 010001a0
