01000000 1 0000000a
01000004 2 00000002
01000008 30 00000005
0100000c 29 00000005
01000010 3 00000001
01000018 1 00000007
0100001c 2 00000002
01000020 30 00000003
01000024 29 00000003
01000028 3 00000002
01000030 1 fffffff6
01000034 2 00000002
01000038 30 fffffffb
0100003c 29 fffffffb
01000040 3 00000003
01000048 1 0000000a
0100004c 2 fffffffe
01000050 30 fffffffb
01000054 29 fffffffb
01000058 3 00000004
01000060 1 fffffff6
01000064 2 fffffffe
01000068 30 00000005
0100006c 29 00000005
01000070 3 00000005
01000078 1 fffffff9
0100007c 2 00000002
01000080 30 fffffffd
01000084 29 fffffffd
01000088 3 00000006
01000090 1 0000000f
01000094 2 00000000
01000098 30 ffffffff
0100009c 29 ffffffff
010000a0 3 00000007
010000a8 1 80000000
010000ac 2 ffffffff
010000b0 30 80000000
010000b4 29 80000000
010000b8 3 00000008
010000c0 1 00000028
010000c4 2 00000005
010000c8 5 00000008
010000cc 6 00000008
010000d0 29 00000008
010000d4 3 00000009
010000dc 1 00000064
010000e0 2 0000000a
010000e4 1 0000000a
010000e8 29 0000000a
010000ec 3 0000000a
010000f4 1 00000032
010000f8 2 00000005
01000100 29 00000000
01000104 3 0000000b
01000134 3 00000001
01000138 5 01000138
0100013c 5 01000150
