01000000 1 80000000
01000004 2 00000000
01000008 30 80000000
0100000c 29 80000000
01000010 3 00000002
01000018 1 80000000
0100001c 2 00000001
01000020 30 40000000
01000024 29 40000000
01000028 3 00000003
01000030 1 80000000
01000034 2 00000007
01000038 30 01000000
0100003c 29 01000000
01000040 3 00000004
01000048 1 80000000
0100004c 2 0000000e
01000050 30 00020000
01000054 29 00020000
01000058 3 00000005
01000060 1 80000000
01000064 1 80000001
01000068 2 0000001f
0100006c 30 00000001
01000070 29 00000001
01000074 3 00000006
0100007c 1 ffffffff
01000080 2 00000000
01000084 30 ffffffff
01000088 29 ffffffff
0100008c 3 00000007
01000094 1 ffffffff
01000098 2 00000001
0100009c 30 7fffffff
010000a0 29 80000000
010000a4 29 7fffffff
010000a8 3 00000008
010000b0 1 ffffffff
010000b4 2 00000007
010000b8 30 01ffffff
010000bc 29 02000000
010000c0 29 01ffffff
010000c4 3 00000009
010000cc 1 ffffffff
010000d0 2 0000000e
010000d4 30 0003ffff
010000d8 29 00040000
010000dc 29 0003ffff
010000e0 3 0000000a
010000e8 1 ffffffff
010000ec 2 0000001f
010000f0 30 00000001
010000f4 29 00000001
010000f8 3 0000000b
01000100 1 21212000
01000104 1 21212121
01000108 2 00000000
0100010c 30 21212121
01000110 29 21212000
01000114 29 21212121
01000118 3 0000000c
01000120 1 21212000
01000124 1 21212121
01000128 2 00000001
0100012c 30 10909090
01000130 29 10909000
01000134 29 10909090
01000138 3 0000000d
01000140 1 21212000
01000144 1 21212121
01000148 2 00000007
0100014c 30 00424242
01000150 29 00424000
01000154 29 00424242
01000158 3 0000000e
01000160 1 21212000
01000164 1 21212121
01000168 2 0000000e
0100016c 30 00008484
01000170 29 00008000
01000174 29 00008484
01000178 3 0000000f
01000180 1 21212000
01000184 1 21212121
01000188 2 0000001f
0100018c 30 00000000
01000190 29 00000000
01000194 3 00000010
0100019c 1 21212000
010001a0 1 21212121
010001a4 2 ffffffc0
010001a8 30 21212121
010001ac 29 21212000
010001b0 29 21212121
010001b4 3 00000011
010001bc 1 21212000
010001c0 1 21212121
010001c4 2 ffffffc1
010001c8 30 10909090
010001cc 29 10909000
010001d0 29 10909090
010001d4 3 00000012
010001dc 1 21212000
010001e0 1 21212121
010001e4 2 ffffffc7
010001e8 30 00424242
010001ec 29 00424000
010001f0 29 00424242
010001f4 3 00000013
010001fc 1 21212000
01000200 1 21212121
01000204 2 ffffffce
01000208 30 00008484
0100020c 29 00008000
01000210 29 00008484
01000214 3 00000014
0100021c 1 21212000
01000220 1 21212121
01000224 2 ffffffff
01000228 30 00000000
0100022c 29 00000000
01000230 3 00000015
01000238 1 80000000
0100023c 2 00000007
01000240 1 01000000
01000244 29 01000000
01000248 3 00000016
01000250 1 80000000
01000254 2 0000000e
01000258 2 00020000
0100025c 29 00020000
01000260 3 00000017
01000268 1 00000007
0100026c 1 00000000
01000270 29 00000000
01000274 3 00000018
0100027c 4 00000000
01000280 1 80000000
01000284 2 00000007
01000288 30 01000000
0100028c 6 01000000
01000290 4 00000001
01000294 5 00000002
01000280 1 80000000
01000284 2 00000007
01000288 30 01000000
0100028c 6 01000000
01000290 4 00000002
01000294 5 00000002
0100029c 29 01000000
010002a0 3 00000019
010002a8 4 00000000
010002ac 1 80000000
010002b0 2 0000000e
010002b4 30 00020000
010002bc 6 00020000
010002c0 4 00000001
010002c4 5 00000002
010002ac 1 80000000
010002b0 2 0000000e
010002b4 30 00020000
010002bc 6 00020000
010002c0 4 00000002
010002c4 5 00000002
010002cc 29 00020000
010002d0 3 0000001a
010002d8 4 00000000
010002dc 1 80000000
010002e0 2 0000001f
010002e4 30 00000001
010002f0 6 00000001
010002f4 4 00000001
010002f8 5 00000002
010002dc 1 80000000
010002e0 2 0000001f
010002e4 30 00000001
010002f0 6 00000001
010002f4 4 00000002
010002f8 5 00000002
01000300 29 00000001
01000304 3 0000001b
0100030c 4 00000000
01000310 1 80000000
01000314 2 00000007
01000318 30 01000000
0100031c 4 00000001
01000320 5 00000002
01000310 1 80000000
01000314 2 00000007
01000318 30 01000000
0100031c 4 00000002
01000320 5 00000002
01000328 29 01000000
0100032c 3 0000001c
01000334 4 00000000
01000338 1 80000000
0100033c 2 0000000e
01000344 30 00020000
01000348 4 00000001
0100034c 5 00000002
01000338 1 80000000
0100033c 2 0000000e
01000344 30 00020000
01000348 4 00000002
0100034c 5 00000002
01000354 29 00020000
01000358 3 0000001d
01000360 4 00000000
01000364 1 80000000
01000368 2 0000001f
01000374 30 00000001
01000378 4 00000001
0100037c 5 00000002
01000364 1 80000000
01000368 2 0000001f
01000374 30 00000001
01000378 4 00000002
0100037c 5 00000002
01000384 29 00000001
01000388 3 0000001e
01000390 4 00000000
01000394 1 80000000
0100039c 2 00000007
010003a0 30 01000000
010003a4 4 00000001
010003a8 5 00000002
01000394 1 80000000
0100039c 2 00000007
010003a0 30 01000000
010003a4 4 00000002
010003a8 5 00000002
010003b0 29 01000000
010003b4 3 0000001f
010003bc 4 00000000
010003c0 1 80000000
010003c8 2 0000000e
010003d0 30 00020000
010003d4 4 00000001
010003d8 5 00000002
010003c0 1 80000000
010003c8 2 0000000e
010003d0 30 00020000
010003d4 4 00000002
010003d8 5 00000002
010003e0 29 00020000
010003e4 3 00000020
010003ec 4 00000000
010003f0 1 80000000
010003fc 2 0000001f
01000400 30 00000001
01000404 4 00000001
01000408 5 00000002
010003f0 1 80000000
010003fc 2 0000001f
01000400 30 00000001
01000404 4 00000002
01000408 5 00000002
01000410 29 00000001
01000414 3 00000021
0100041c 4 00000000
01000420 2 00000007
01000424 1 80000000
01000428 30 01000000
0100042c 4 00000001
01000430 5 00000002
01000420 2 00000007
01000424 1 80000000
01000428 30 01000000
0100042c 4 00000002
01000430 5 00000002
01000438 29 01000000
0100043c 3 00000022
01000444 4 00000000
01000448 2 0000000e
0100044c 1 80000000
01000454 30 00020000
01000458 4 00000001
0100045c 5 00000002
01000448 2 0000000e
0100044c 1 80000000
01000454 30 00020000
01000458 4 00000002
0100045c 5 00000002
01000464 29 00020000
01000468 3 00000023
01000470 4 00000000
01000474 2 0000001f
01000478 1 80000000
01000484 30 00000001
01000488 4 00000001
0100048c 5 00000002
01000474 2 0000001f
01000478 1 80000000
01000484 30 00000001
01000488 4 00000002
0100048c 5 00000002
01000494 29 00000001
01000498 3 00000024
010004a0 4 00000000
010004a4 2 00000007
010004ac 1 80000000
010004b0 30 01000000
010004b4 4 00000001
010004b8 5 00000002
010004a4 2 00000007
010004ac 1 80000000
010004b0 30 01000000
010004b4 4 00000002
010004b8 5 00000002
010004c0 29 01000000
010004c4 3 00000025
010004cc 4 00000000
010004d0 2 0000000e
010004d8 1 80000000
010004e0 30 00020000
010004e4 4 00000001
010004e8 5 00000002
010004d0 2 0000000e
010004d8 1 80000000
010004e0 30 00020000
010004e4 4 00000002
010004e8 5 00000002
010004f0 29 00020000
010004f4 3 00000026
010004fc 4 00000000
01000500 2 0000001f
0100050c 1 80000000
01000510 30 00000001
01000514 4 00000001
01000518 5 00000002
01000500 2 0000001f
0100050c 1 80000000
01000510 30 00000001
01000514 4 00000002
01000518 5 00000002
01000520 29 00000001
01000524 3 00000027
0100052c 1 0000000f
01000530 2 00000000
01000534 29 00000000
01000538 3 00000028
01000540 1 00000020
01000544 2 00000020
01000548 29 00000020
0100054c 3 00000029
01000554 1 00000000
01000558 29 00000000
0100055c 3 0000002a
01000564 1 00000400
01000568 2 00001000
0100056c 2 00000800
01000574 29 00000000
01000578 3 0000002b
010005a8 3 00000001
010005ac 5 010005ac
010005b0 5 010005c0
