01000000 3 00000002
01000004 1 00000000
01000008 2 00000001
01000020 3 00000003
01000024 1 ffffffff
01000028 2 00000001
01000040 3 00000004
01000044 1 fffffffe
01000048 2 ffffffff
01000060 3 00000005
01000064 1 00000001
01000068 2 00000000
0100007c 3 00000006
01000080 1 00000001
01000084 2 ffffffff
01000098 3 00000007
0100009c 1 ffffffff
010000a0 2 fffffffe
010000b4 3 00000008
010000b8 1 00000001
010000bc 2 fffffffe
010000d0 3 00000009
010000d4 4 00000000
010000d8 1 00000000
010000dc 2 ffffffff
010000e4 4 00000001
010000e8 5 00000002
010000d8 1 00000000
010000dc 2 ffffffff
010000e4 4 00000002
010000e8 5 00000002
010000f0 3 0000000a
010000f4 4 00000000
010000f8 1 00000000
010000fc 2 ffffffff
01000108 4 00000001
0100010c 5 00000002
010000f8 1 00000000
010000fc 2 ffffffff
01000108 4 00000002
0100010c 5 00000002
01000114 3 0000000b
01000118 4 00000000
0100011c 1 00000000
01000120 2 ffffffff
01000130 4 00000001
01000134 5 00000002
0100011c 1 00000000
01000120 2 ffffffff
01000130 4 00000002
01000134 5 00000002
0100013c 3 0000000c
01000140 4 00000000
01000144 1 00000000
0100014c 2 ffffffff
01000154 4 00000001
01000158 5 00000002
01000144 1 00000000
0100014c 2 ffffffff
01000154 4 00000002
01000158 5 00000002
01000160 3 0000000d
01000164 4 00000000
01000168 1 00000000
01000170 2 ffffffff
0100017c 4 00000001
01000180 5 00000002
01000168 1 00000000
01000170 2 ffffffff
0100017c 4 00000002
01000180 5 00000002
01000188 3 0000000e
0100018c 4 00000000
01000190 1 00000000
0100019c 2 ffffffff
010001a4 4 00000001
010001a8 5 00000002
01000190 1 00000000
0100019c 2 ffffffff
010001a4 4 00000002
010001a8 5 00000002
010001b0 3 0000000f
010001b4 4 00000000
010001b8 1 00000000
010001bc 2 ffffffff
010001c4 4 00000001
010001c8 5 00000002
010001b8 1 00000000
010001bc 2 ffffffff
010001c4 4 00000002
010001c8 5 00000002
010001d0 3 00000010
010001d4 4 00000000
010001d8 1 00000000
010001dc 2 ffffffff
010001e8 4 00000001
010001ec 5 00000002
010001d8 1 00000000
010001dc 2 ffffffff
010001e8 4 00000002
010001ec 5 00000002
010001f4 3 00000011
010001f8 4 00000000
010001fc 1 00000000
01000200 2 ffffffff
01000210 4 00000001
01000214 5 00000002
010001fc 1 00000000
01000200 2 ffffffff
01000210 4 00000002
01000214 5 00000002
0100021c 3 00000012
01000220 4 00000000
01000224 1 00000000
0100022c 2 ffffffff
01000234 4 00000001
01000238 5 00000002
01000224 1 00000000
0100022c 2 ffffffff
01000234 4 00000002
01000238 5 00000002
01000240 3 00000013
01000244 4 00000000
01000248 1 00000000
01000250 2 ffffffff
0100025c 4 00000001
01000260 5 00000002
01000248 1 00000000
01000250 2 ffffffff
0100025c 4 00000002
01000260 5 00000002
01000268 3 00000014
0100026c 4 00000000
01000270 1 00000000
0100027c 2 ffffffff
01000284 4 00000001
01000288 5 00000002
01000270 1 00000000
0100027c 2 ffffffff
01000284 4 00000002
01000288 5 00000002
01000290 1 00000001
010002a8 1 00000002
010002ac 1 00000003
010002b0 29 00000003
010002b4 3 00000015
010002e4 3 00000001
010002e8 5 010002e8
010002ec 5 01000300
