01000000 1 00000001
01000004 2 00000000
01000008 30 00000001
0100000c 29 00000001
01000010 3 00000002
01000018 1 00000001
0100001c 2 00000001
01000020 30 00000002
01000024 29 00000002
01000028 3 00000003
01000030 1 00000001
01000034 2 00000007
01000038 30 00000080
0100003c 29 00000080
01000040 3 00000004
01000048 1 00000001
0100004c 2 0000000e
01000050 30 00004000
01000054 29 00004000
01000058 3 00000005
01000060 1 00000001
01000064 2 0000001f
01000068 30 80000000
0100006c 29 80000000
01000070 3 00000006
01000078 1 ffffffff
0100007c 2 00000000
01000080 30 ffffffff
01000084 29 ffffffff
01000088 3 00000007
01000090 1 ffffffff
01000094 2 00000001
01000098 30 fffffffe
0100009c 29 fffffffe
010000a0 3 00000008
010000a8 1 ffffffff
010000ac 2 00000007
010000b0 30 ffffff80
010000b4 29 ffffff80
010000b8 3 00000009
010000c0 1 ffffffff
010000c4 2 0000000e
010000c8 30 ffffc000
010000cc 29 ffffc000
010000d0 3 0000000a
010000d8 1 ffffffff
010000dc 2 0000001f
010000e0 30 80000000
010000e4 29 80000000
010000e8 3 0000000b
010000f0 1 21212000
010000f4 1 21212121
010000f8 2 00000000
010000fc 30 21212121
01000100 29 21212000
01000104 29 21212121
01000108 3 0000000c
01000110 1 21212000
01000114 1 21212121
01000118 2 00000001
0100011c 30 42424242
01000120 29 42424000
01000124 29 42424242
01000128 3 0000000d
01000130 1 21212000
01000134 1 21212121
01000138 2 00000007
0100013c 30 90909080
01000140 29 90909000
01000144 29 90909080
01000148 3 0000000e
01000150 1 21212000
01000154 1 21212121
01000158 2 0000000e
0100015c 30 48484000
01000160 29 48484000
01000164 3 0000000f
0100016c 1 21212000
01000170 1 21212121
01000174 2 0000001f
01000178 30 80000000
0100017c 29 80000000
01000180 3 00000010
01000188 1 21212000
0100018c 1 21212121
01000190 2 ffffffc0
01000194 30 21212121
01000198 29 21212000
0100019c 29 21212121
010001a0 3 00000011
010001a8 1 21212000
010001ac 1 21212121
010001b0 2 ffffffc1
010001b4 30 42424242
010001b8 29 42424000
010001bc 29 42424242
010001c0 3 00000012
010001c8 1 21212000
010001cc 1 21212121
010001d0 2 ffffffc7
010001d4 30 90909080
010001d8 29 90909000
010001dc 29 90909080
010001e0 3 00000013
010001e8 1 21212000
010001ec 1 21212121
010001f0 2 ffffffce
010001f4 30 48484000
010001f8 29 48484000
010001fc 3 00000014
01000204 1 00000001
01000208 2 00000007
0100020c 1 00000080
01000210 29 00000080
01000214 3 00000016
0100021c 1 00000001
01000220 2 0000000e
01000224 2 00004000
01000228 29 00004000
0100022c 3 00000017
01000234 1 00000003
01000238 1 00000018
0100023c 29 00000018
01000240 3 00000018
01000248 4 00000000
0100024c 1 00000001
01000250 2 00000007
01000254 30 00000080
01000258 6 00000080
0100025c 4 00000001
01000260 5 00000002
0100024c 1 00000001
01000250 2 00000007
01000254 30 00000080
01000258 6 00000080
0100025c 4 00000002
01000260 5 00000002
01000268 29 00000080
0100026c 3 00000019
01000274 4 00000000
01000278 1 00000001
0100027c 2 0000000e
01000280 30 00004000
01000288 6 00004000
0100028c 4 00000001
01000290 5 00000002
01000278 1 00000001
0100027c 2 0000000e
01000280 30 00004000
01000288 6 00004000
0100028c 4 00000002
01000290 5 00000002
01000298 29 00004000
0100029c 3 0000001a
010002a4 4 00000000
010002a8 1 00000001
010002ac 2 0000001f
010002b0 30 80000000
010002bc 6 80000000
010002c0 4 00000001
010002c4 5 00000002
010002a8 1 00000001
010002ac 2 0000001f
010002b0 30 80000000
010002bc 6 80000000
010002c0 4 00000002
010002c4 5 00000002
010002cc 29 80000000
010002d0 3 0000001b
010002d8 4 00000000
010002dc 1 00000001
010002e0 2 00000007
010002e4 30 00000080
010002e8 4 00000001
010002ec 5 00000002
010002dc 1 00000001
010002e0 2 00000007
010002e4 30 00000080
010002e8 4 00000002
010002ec 5 00000002
010002f4 29 00000080
010002f8 3 0000001c
01000300 4 00000000
01000304 1 00000001
01000308 2 0000000e
01000310 30 00004000
01000314 4 00000001
01000318 5 00000002
01000304 1 00000001
01000308 2 0000000e
01000310 30 00004000
01000314 4 00000002
01000318 5 00000002
01000320 29 00004000
01000324 3 0000001d
0100032c 4 00000000
01000330 1 00000001
01000334 2 0000001f
01000340 30 80000000
01000344 4 00000001
01000348 5 00000002
01000330 1 00000001
01000334 2 0000001f
01000340 30 80000000
01000344 4 00000002
01000348 5 00000002
01000350 29 80000000
01000354 3 0000001e
0100035c 4 00000000
01000360 1 00000001
01000368 2 00000007
0100036c 30 00000080
01000370 4 00000001
01000374 5 00000002
01000360 1 00000001
01000368 2 00000007
0100036c 30 00000080
01000370 4 00000002
01000374 5 00000002
0100037c 29 00000080
01000380 3 0000001f
01000388 4 00000000
0100038c 1 00000001
01000394 2 0000000e
0100039c 30 00004000
010003a0 4 00000001
010003a4 5 00000002
0100038c 1 00000001
01000394 2 0000000e
0100039c 30 00004000
010003a0 4 00000002
010003a4 5 00000002
010003ac 29 00004000
010003b0 3 00000020
010003b8 4 00000000
010003bc 1 00000001
010003c8 2 0000001f
010003cc 30 80000000
010003d0 4 00000001
010003d4 5 00000002
010003bc 1 00000001
010003c8 2 0000001f
010003cc 30 80000000
010003d0 4 00000002
010003d4 5 00000002
010003dc 29 80000000
010003e0 3 00000021
010003e8 4 00000000
010003ec 2 00000007
010003f0 1 00000001
010003f4 30 00000080
010003f8 4 00000001
010003fc 5 00000002
010003ec 2 00000007
010003f0 1 00000001
010003f4 30 00000080
010003f8 4 00000002
010003fc 5 00000002
01000404 29 00000080
01000408 3 00000022
01000410 4 00000000
01000414 2 0000000e
01000418 1 00000001
01000420 30 00004000
01000424 4 00000001
01000428 5 00000002
01000414 2 0000000e
01000418 1 00000001
01000420 30 00004000
01000424 4 00000002
01000428 5 00000002
01000430 29 00004000
01000434 3 00000023
0100043c 4 00000000
01000440 2 0000001f
01000444 1 00000001
01000450 30 80000000
01000454 4 00000001
01000458 5 00000002
01000440 2 0000001f
01000444 1 00000001
01000450 30 80000000
01000454 4 00000002
01000458 5 00000002
01000460 29 80000000
01000464 3 00000024
0100046c 4 00000000
01000470 2 00000007
01000478 1 00000001
0100047c 30 00000080
01000480 4 00000001
01000484 5 00000002
01000470 2 00000007
01000478 1 00000001
0100047c 30 00000080
01000480 4 00000002
01000484 5 00000002
0100048c 29 00000080
01000490 3 00000025
01000498 4 00000000
0100049c 2 0000000e
010004a4 1 00000001
010004ac 30 00004000
010004b0 4 00000001
010004b4 5 00000002
0100049c 2 0000000e
010004a4 1 00000001
010004ac 30 00004000
010004b0 4 00000002
010004b4 5 00000002
010004bc 29 00004000
010004c0 3 00000026
010004c8 4 00000000
010004cc 2 0000001f
010004d8 1 00000001
010004dc 30 80000000
010004e0 4 00000001
010004e4 5 00000002
010004cc 2 0000001f
010004d8 1 00000001
010004dc 30 80000000
010004e0 4 00000002
010004e4 5 00000002
010004ec 29 80000000
010004f0 3 00000027
010004f8 1 0000000f
010004fc 2 00000000
01000500 29 00000000
01000504 3 00000028
0100050c 1 00000020
01000510 2 00000020
01000514 29 00000020
01000518 3 00000029
01000520 1 00000000
01000524 29 00000000
01000528 3 0000002a
01000530 1 00000400
01000534 2 00001000
01000538 2 00000800
01000540 29 00000000
01000544 3 0000002b
01000574 3 00000001
01000578 5 01000578
0100057c 5 01000590
