01000000 1 00000000
01000004 30 00000000
01000008 29 00000000
0100000c 3 00000002
01000014 1 80000000
01000018 30 c0000000
0100001c 29 c0000000
01000020 3 00000003
01000028 1 80000000
0100002c 30 ff000000
01000030 29 ff000000
01000034 3 00000004
0100003c 1 80000000
01000040 30 fffe0000
01000044 29 fffe0000
01000048 3 00000005
01000050 1 80000000
01000054 1 80000001
01000058 30 ffffffff
0100005c 29 ffffffff
01000060 3 00000006
01000068 1 80000000
0100006c 1 7fffffff
01000070 30 7fffffff
01000074 29 80000000
01000078 29 7fffffff
0100007c 3 00000007
01000084 1 80000000
01000088 1 7fffffff
0100008c 30 3fffffff
01000090 29 40000000
01000094 29 3fffffff
01000098 3 00000008
010000a0 1 80000000
010000a4 1 7fffffff
010000a8 30 00ffffff
010000ac 29 01000000
010000b0 29 00ffffff
010000b4 3 00000009
010000bc 1 80000000
010000c0 1 7fffffff
010000c4 30 0001ffff
010000c8 29 00020000
010000cc 29 0001ffff
010000d0 3 0000000a
010000d8 1 80000000
010000dc 1 7fffffff
010000e0 30 00000000
010000e4 29 00000000
010000e8 3 0000000b
010000f0 1 81818000
010000f4 1 81818181
010000f8 30 81818181
010000fc 29 81818000
01000100 29 81818181
01000104 3 0000000c
0100010c 1 81818000
01000110 1 81818181
01000114 30 c0c0c0c0
01000118 29 c0c0c000
0100011c 29 c0c0c0c0
01000120 3 0000000d
01000128 1 81818000
0100012c 1 81818181
01000130 30 ff030303
01000134 29 ff030000
01000138 29 ff030303
0100013c 3 0000000e
01000144 1 81818000
01000148 1 81818181
0100014c 30 fffe0606
01000150 29 fffe0000
01000154 29 fffe0606
01000158 3 0000000f
01000160 1 81818000
01000164 1 81818181
01000168 30 ffffffff
0100016c 29 ffffffff
01000170 3 00000010
01000178 1 80000000
0100017c 1 ff000000
01000180 29 ff000000
01000184 3 00000011
0100018c 4 00000000
01000190 1 80000000
01000194 30 ff000000
01000198 6 ff000000
0100019c 4 00000001
010001a0 5 00000002
01000190 1 80000000
01000194 30 ff000000
01000198 6 ff000000
0100019c 4 00000002
010001a0 5 00000002
010001a8 29 ff000000
010001ac 3 00000012
010001b4 4 00000000
010001b8 1 80000000
010001bc 30 fffe0000
010001c4 6 fffe0000
010001c8 4 00000001
010001cc 5 00000002
010001b8 1 80000000
010001bc 30 fffe0000
010001c4 6 fffe0000
010001c8 4 00000002
010001cc 5 00000002
010001d4 29 fffe0000
010001d8 3 00000013
010001e0 4 00000000
010001e4 1 80000000
010001e8 1 80000001
010001ec 30 ffffffff
010001f8 6 ffffffff
010001fc 4 00000001
01000200 5 00000002
010001e4 1 80000000
010001e8 1 80000001
010001ec 30 ffffffff
010001f8 6 ffffffff
010001fc 4 00000002
01000200 5 00000002
01000208 29 ffffffff
0100020c 3 00000014
01000214 4 00000000
01000218 1 80000000
0100021c 30 ff000000
01000220 4 00000001
01000224 5 00000002
01000218 1 80000000
0100021c 30 ff000000
01000220 4 00000002
01000224 5 00000002
0100022c 29 ff000000
01000230 3 00000015
01000238 4 00000000
0100023c 1 80000000
01000244 30 fffe0000
01000248 4 00000001
0100024c 5 00000002
0100023c 1 80000000
01000244 30 fffe0000
01000248 4 00000002
0100024c 5 00000002
01000254 29 fffe0000
01000258 3 00000016
01000260 4 00000000
01000264 1 80000000
01000268 1 80000001
01000274 30 ffffffff
01000278 4 00000001
0100027c 5 00000002
01000264 1 80000000
01000268 1 80000001
01000274 30 ffffffff
01000278 4 00000002
0100027c 5 00000002
01000284 29 ffffffff
01000288 3 00000017
01000290 1 00000000
01000294 29 00000000
01000298 3 00000018
010002a0 1 00000021
010002a8 29 00000000
010002ac 3 00000019
010002dc 3 00000001
010002e0 5 010002e0
010002e4 5 010002f8
