01000000 1 00000000
01000004 2 00000000
01000008 30 00000000
0100000c 29 00000000
01000010 3 00000002
01000018 1 00000001
0100001c 2 00000001
01000020 30 00000000
01000024 29 00000000
01000028 3 00000003
01000030 1 00000003
01000034 2 00000007
01000038 30 fffffffc
0100003c 29 fffffffc
01000040 3 00000004
01000048 1 00000000
0100004c 2 ffff8000
01000050 30 00008000
01000054 29 00008000
01000058 3 00000005
01000060 1 80000000
01000064 2 00000000
01000068 30 80000000
0100006c 29 80000000
01000070 3 00000006
01000078 1 80000000
0100007c 2 ffff8000
01000080 30 80008000
01000084 29 80008000
01000088 3 00000007
01000090 1 00000000
01000094 2 00008000
01000098 2 00007fff
0100009c 30 ffff8001
010000a0 29 ffff8000
010000a4 29 ffff8001
010000a8 3 00000008
010000b0 1 80000000
010000b4 1 7fffffff
010000b8 2 00000000
010000bc 30 7fffffff
010000c0 29 80000000
010000c4 29 7fffffff
010000c8 3 00000009
010000d0 1 80000000
010000d4 1 7fffffff
010000d8 2 00008000
010000dc 2 00007fff
010000e0 30 7fff8000
010000e4 29 7fff8000
010000e8 3 0000000a
010000f0 1 80000000
010000f4 2 00008000
010000f8 2 00007fff
010000fc 30 7fff8001
01000100 29 7fff8000
01000104 29 7fff8001
01000108 3 0000000b
01000110 1 80000000
01000114 1 7fffffff
01000118 2 ffff8000
0100011c 30 80007fff
01000120 29 80008000
01000124 29 80007fff
01000128 3 0000000c
01000130 1 00000000
01000134 2 ffffffff
01000138 30 00000001
0100013c 29 00000001
01000140 3 0000000d
01000148 1 ffffffff
0100014c 2 00000001
01000150 30 fffffffe
01000154 29 fffffffe
01000158 3 0000000e
01000160 1 ffffffff
01000164 2 ffffffff
01000168 30 00000000
0100016c 29 00000000
01000170 3 0000000f
01000178 1 0000000d
0100017c 2 0000000b
01000180 1 00000002
01000184 29 00000002
01000188 3 00000010
01000190 1 0000000e
01000194 2 0000000b
01000198 2 00000003
0100019c 29 00000003
010001a0 3 00000011
010001a8 1 0000000d
010001ac 1 00000000
010001b0 29 00000000
010001b4 3 00000012
010001bc 4 00000000
010001c0 1 0000000d
010001c4 2 0000000b
010001c8 30 00000002
010001cc 6 00000002
010001d0 4 00000001
010001d4 5 00000002
010001c0 1 0000000d
010001c4 2 0000000b
010001c8 30 00000002
010001cc 6 00000002
010001d0 4 00000002
010001d4 5 00000002
010001dc 29 00000002
010001e0 3 00000013
010001e8 4 00000000
010001ec 1 0000000e
010001f0 2 0000000b
010001f4 30 00000003
010001fc 6 00000003
01000200 4 00000001
01000204 5 00000002
010001ec 1 0000000e
010001f0 2 0000000b
010001f4 30 00000003
010001fc 6 00000003
01000200 4 00000002
01000204 5 00000002
0100020c 29 00000003
01000210 3 00000014
01000218 4 00000000
0100021c 1 0000000f
01000220 2 0000000b
01000224 30 00000004
01000230 6 00000004
01000234 4 00000001
01000238 5 00000002
0100021c 1 0000000f
01000220 2 0000000b
01000224 30 00000004
01000230 6 00000004
01000234 4 00000002
01000238 5 00000002
01000240 29 00000004
01000244 3 00000015
0100024c 4 00000000
01000250 1 0000000d
01000254 2 0000000b
01000258 30 00000002
0100025c 4 00000001
01000260 5 00000002
01000250 1 0000000d
01000254 2 0000000b
01000258 30 00000002
0100025c 4 00000002
01000260 5 00000002
01000268 29 00000002
0100026c 3 00000016
01000274 4 00000000
01000278 1 0000000e
0100027c 2 0000000b
01000284 30 00000003
01000288 4 00000001
0100028c 5 00000002
01000278 1 0000000e
0100027c 2 0000000b
01000284 30 00000003
01000288 4 00000002
0100028c 5 00000002
01000294 29 00000003
01000298 3 00000017
010002a0 4 00000000
010002a4 1 0000000f
010002a8 2 0000000b
010002b4 30 00000004
010002b8 4 00000001
010002bc 5 00000002
010002a4 1 0000000f
010002a8 2 0000000b
010002b4 30 00000004
010002b8 4 00000002
010002bc 5 00000002
010002c4 29 00000004
010002c8 3 00000018
010002d0 4 00000000
010002d4 1 0000000d
010002dc 2 0000000b
010002e0 30 00000002
010002e4 4 00000001
010002e8 5 00000002
010002d4 1 0000000d
010002dc 2 0000000b
010002e0 30 00000002
010002e4 4 00000002
010002e8 5 00000002
010002f0 29 00000002
010002f4 3 00000019
010002fc 4 00000000
01000300 1 0000000e
01000308 2 0000000b
01000310 30 00000003
01000314 4 00000001
01000318 5 00000002
01000300 1 0000000e
01000308 2 0000000b
01000310 30 00000003
01000314 4 00000002
01000318 5 00000002
01000320 29 00000003
01000324 3 0000001a
0100032c 4 00000000
01000330 1 0000000f
0100033c 2 0000000b
01000340 30 00000004
01000344 4 00000001
01000348 5 00000002
01000330 1 0000000f
0100033c 2 0000000b
01000340 30 00000004
01000344 4 00000002
01000348 5 00000002
01000350 29 00000004
01000354 3 0000001b
0100035c 4 00000000
01000360 2 0000000b
01000364 1 0000000d
01000368 30 00000002
0100036c 4 00000001
01000370 5 00000002
01000360 2 0000000b
01000364 1 0000000d
01000368 30 00000002
0100036c 4 00000002
01000370 5 00000002
01000378 29 00000002
0100037c 3 0000001c
01000384 4 00000000
01000388 2 0000000b
0100038c 1 0000000e
01000394 30 00000003
01000398 4 00000001
0100039c 5 00000002
01000388 2 0000000b
0100038c 1 0000000e
01000394 30 00000003
01000398 4 00000002
0100039c 5 00000002
010003a4 29 00000003
010003a8 3 0000001d
010003b0 4 00000000
010003b4 2 0000000b
010003b8 1 0000000f
010003c4 30 00000004
010003c8 4 00000001
010003cc 5 00000002
010003b4 2 0000000b
010003b8 1 0000000f
010003c4 30 00000004
010003c8 4 00000002
010003cc 5 00000002
010003d4 29 00000004
010003d8 3 0000001e
010003e0 4 00000000
010003e4 2 0000000b
010003ec 1 0000000d
010003f0 30 00000002
010003f4 4 00000001
010003f8 5 00000002
010003e4 2 0000000b
010003ec 1 0000000d
010003f0 30 00000002
010003f4 4 00000002
010003f8 5 00000002
01000400 29 00000002
01000404 3 0000001f
0100040c 4 00000000
01000410 2 0000000b
01000418 1 0000000e
01000420 30 00000003
01000424 4 00000001
01000428 5 00000002
01000410 2 0000000b
01000418 1 0000000e
01000420 30 00000003
01000424 4 00000002
01000428 5 00000002
01000430 29 00000003
01000434 3 00000020
0100043c 4 00000000
01000440 2 0000000b
0100044c 1 0000000f
01000450 30 00000004
01000454 4 00000001
01000458 5 00000002
01000440 2 0000000b
0100044c 1 0000000f
01000450 30 00000004
01000454 4 00000002
01000458 5 00000002
01000460 29 00000004
01000464 3 00000021
0100046c 1 fffffff1
01000470 2 0000000f
01000474 29 0000000f
01000478 3 00000022
01000480 1 00000020
01000484 2 00000020
01000488 29 00000020
0100048c 3 00000023
01000494 1 00000000
01000498 29 00000000
0100049c 3 00000024
010004a4 1 00000010
010004a8 2 0000001e
010004b0 29 00000000
010004b4 3 00000025
010004e4 3 00000001
010004e8 5 010004e8
010004ec 5 01000500
