01000000 1 00000014
01000004 2 00000005
01000008 30 00000004
0100000c 29 00000004
01000010 3 00000001
01000018 1 0000000f
0100001c 2 00000004
01000020 30 00000003
01000024 29 00000003
01000028 3 00000002
01000030 1 00000064
01000034 2 0000000a
01000038 30 0000000a
0100003c 29 0000000a
01000040 3 00000003
01000048 1 ffffffff
0100004c 2 00000002
01000050 30 7fffffff
01000054 29 80000000
01000058 29 7fffffff
0100005c 3 00000004
01000064 1 ffffffff
01000068 2 ffffffff
0100006c 30 00000001
01000070 29 00000001
01000074 3 00000005
0100007c 1 0000000f
01000080 2 00000000
01000084 30 ffffffff
01000088 29 ffffffff
0100008c 3 00000006
01000094 1 00000051
01000098 2 00000009
0100009c 5 00000009
010000a0 6 00000009
010000a4 29 00000009
010000a8 3 00000007
010000b0 1 00000040
010000b4 2 00000008
010000b8 1 00000008
010000bc 29 00000008
010000c0 3 00000008
010000c8 1 00000032
010000cc 2 00000005
010000d4 29 00000000
010000d8 3 00000009
01000108 3 00000001
0100010c 5 0100010c
01000110 5 01000120
