01000000 3 00000002
01000004 1 00000000
01000008 2 00000001
01000020 3 00000003
01000024 1 fffffffe
01000028 2 ffffffff
01000040 3 00000004
01000044 1 00000000
01000048 2 ffffffff
01000060 3 00000005
01000064 1 00000001
01000068 2 00000000
0100007c 3 00000006
01000080 1 ffffffff
01000084 2 fffffffe
01000098 3 00000007
0100009c 1 ffffffff
010000a0 2 00000000
010000b4 3 00000008
010000b8 1 80000000
010000bc 2 80000000
010000c0 2 7fffffff
010000d4 3 00000009
010000d8 4 00000000
010000dc 1 f0000000
010000e0 2 f0000000
010000e4 2 efffffff
010000ec 4 00000001
010000f0 5 00000002
010000dc 1 f0000000
010000e0 2 f0000000
010000e4 2 efffffff
010000ec 4 00000002
010000f0 5 00000002
010000f8 3 0000000a
010000fc 4 00000000
01000100 1 f0000000
01000104 2 f0000000
01000108 2 efffffff
01000114 4 00000001
01000118 5 00000002
01000100 1 f0000000
01000104 2 f0000000
01000108 2 efffffff
01000114 4 00000002
01000118 5 00000002
01000120 3 0000000b
01000124 4 00000000
01000128 1 f0000000
0100012c 2 f0000000
01000130 2 efffffff
01000140 4 00000001
01000144 5 00000002
01000128 1 f0000000
0100012c 2 f0000000
01000130 2 efffffff
01000140 4 00000002
01000144 5 00000002
0100014c 3 0000000c
01000150 4 00000000
01000154 1 f0000000
0100015c 2 f0000000
01000160 2 efffffff
01000168 4 00000001
0100016c 5 00000002
01000154 1 f0000000
0100015c 2 f0000000
01000160 2 efffffff
01000168 4 00000002
0100016c 5 00000002
01000174 3 0000000d
01000178 4 00000000
0100017c 1 f0000000
01000184 2 f0000000
01000188 2 efffffff
01000194 4 00000001
01000198 5 00000002
0100017c 1 f0000000
01000184 2 f0000000
01000188 2 efffffff
01000194 4 00000002
01000198 5 00000002
010001a0 3 0000000e
010001a4 4 00000000
010001a8 1 f0000000
010001b4 2 f0000000
010001b8 2 efffffff
010001c0 4 00000001
010001c4 5 00000002
010001a8 1 f0000000
010001b4 2 f0000000
010001b8 2 efffffff
010001c0 4 00000002
010001c4 5 00000002
010001cc 3 0000000f
010001d0 4 00000000
010001d4 1 f0000000
010001d8 2 f0000000
010001dc 2 efffffff
010001e4 4 00000001
010001e8 5 00000002
010001d4 1 f0000000
010001d8 2 f0000000
010001dc 2 efffffff
010001e4 4 00000002
010001e8 5 00000002
010001f0 3 00000010
010001f4 4 00000000
010001f8 1 f0000000
010001fc 2 f0000000
01000200 2 efffffff
0100020c 4 00000001
01000210 5 00000002
010001f8 1 f0000000
010001fc 2 f0000000
01000200 2 efffffff
0100020c 4 00000002
01000210 5 00000002
01000218 3 00000011
0100021c 4 00000000
01000220 1 f0000000
01000224 2 f0000000
01000228 2 efffffff
01000238 4 00000001
0100023c 5 00000002
01000220 1 f0000000
01000224 2 f0000000
01000228 2 efffffff
01000238 4 00000002
0100023c 5 00000002
01000244 3 00000012
01000248 4 00000000
0100024c 1 f0000000
01000254 2 f0000000
01000258 2 efffffff
01000260 4 00000001
01000264 5 00000002
0100024c 1 f0000000
01000254 2 f0000000
01000258 2 efffffff
01000260 4 00000002
01000264 5 00000002
0100026c 3 00000013
01000270 4 00000000
01000274 1 f0000000
0100027c 2 f0000000
01000280 2 efffffff
0100028c 4 00000001
01000290 5 00000002
01000274 1 f0000000
0100027c 2 f0000000
01000280 2 efffffff
0100028c 4 00000002
01000290 5 00000002
01000298 3 00000014
0100029c 4 00000000
010002a0 1 f0000000
010002ac 2 f0000000
010002b0 2 efffffff
010002b8 4 00000001
010002bc 5 00000002
010002a0 1 f0000000
010002ac 2 f0000000
010002b0 2 efffffff
010002b8 4 00000002
010002bc 5 00000002
010002c4 1 00000001
010002dc 1 00000002
010002e0 1 00000003
010002e4 29 00000003
010002e8 3 00000015
01000318 3 00000001
0100031c 5 0100031c
01000320 5 01000330
