01000000 1 01000000
01000004 1 01000280
01000008 30 00ff00ff
0100000c 29 00ff0000
01000010 29 00ff00ff
01000014 3 00000002
0100001c 1 0100001c
01000020 1 01000280
01000024 30 ff00ff00
01000028 29 ff010000
0100002c 29 ff00ff00
01000030 3 00000003
01000038 1 01000038
0100003c 1 01000280
01000040 30 0ff00ff0
01000044 29 0ff01000
01000048 29 0ff00ff0
0100004c 3 00000004
01000054 1 01000054
01000058 1 01000280
0100005c 30 f00ff00f
01000060 29 f00ff000
01000064 29 f00ff00f
01000068 3 00000005
01000070 1 01000070
01000074 1 01000280
01000078 1 0100028c
0100007c 30 00ff00ff
01000080 29 00ff0000
01000084 29 00ff00ff
01000088 3 00000006
01000090 1 01000090
01000094 1 01000280
01000098 1 0100028c
0100009c 30 ff00ff00
010000a0 29 ff010000
010000a4 29 ff00ff00
010000a8 3 00000007
010000b0 1 010000b0
010000b4 1 01000280
010000b8 1 0100028c
010000bc 30 0ff00ff0
010000c0 29 0ff01000
010000c4 29 0ff00ff0
010000c8 3 00000008
010000d0 1 010000d0
010000d4 1 01000280
010000d8 1 0100028c
010000dc 30 f00ff00f
010000e0 29 f00ff000
010000e4 29 f00ff00f
010000e8 3 00000009
010000f0 1 010000f0
010000f4 1 01000280
010000f8 1 01000260
010000fc 5 00ff00ff
01000100 29 00ff0000
01000104 29 00ff00ff
01000108 3 0000000a
01000110 1 01000110
01000114 1 01000280
01000118 1 0100027a
0100011c 5 ff00ff00
01000120 29 ff010000
01000124 29 ff00ff00
01000128 3 0000000b
01000130 1 01000130
01000134 1 01000280
0100013c 29 00000000
01000140 3 0000000c
01000148 4 01000148
0100014c 4 01000280
01000150 14 00ff00ff
01000154 7 00ff00ff
01000158 29 00ff0000
0100015c 29 00ff00ff
01000160 3 0000000d
01000168 4 01000168
0100016c 4 01000280
01000170 14 ff00ff00
01000178 7 ff00ff00
0100017c 29 ff010000
01000180 29 ff00ff00
01000184 3 0000000e
0100018c 4 0100018c
01000190 4 01000280
01000194 14 0ff00ff0
010001a0 7 0ff00ff0
010001a4 29 0ff01000
010001a8 29 0ff00ff0
010001ac 3 0000000f
010001b4 4 010001b4
010001b8 4 01000280
010001bc 1 00ff00ff
010001c0 29 00ff0000
010001c4 29 00ff00ff
010001c8 3 00000010
010001d0 4 010001d0
010001d4 4 01000280
010001d8 1 01000284
010001dc 5 ff00ff00
010001e0 29 ff010000
010001e4 29 ff00ff00
010001e8 3 00000011
010001f0 4 010001f0
010001f4 4 01000280
010001fc 1 01000288
01000200 5 0ff00ff0
01000204 29 0ff01000
01000208 29 0ff00ff0
0100020c 3 00000012
01000214 4 01000214
01000218 4 01000280
01000224 1 0100028c
01000228 5 f00ff00f
0100022c 29 f00ff000
01000230 29 f00ff00f
01000234 3 00000013
01000268 3 00000001
0100026c 5 0100026c
01000270 5 01000290
