01000000 1 0000000a
01000004 2 00000002
01000008 30 00000005
0100000c 29 00000005
01000010 3 00000001
01000018 1 00000007
0100001c 2 00000002
01000020 30 00000003
01000024 29 00000003
01000028 3 00000002
01000030 1 fffffff6
01000034 2 00000002
01000038 30 fffffffb
0100003c 29 fffffffb
01000040 3 00000003
01000048 1 0000000a
0100004c 2 fffffffe
01000050 30 fffffffb
01000054 29 fffffffb
01000058 3 00000004
01000060 1 fffffff6
01000064 2 fffffffe
01000068 30 00000005
0100006c 29 00000005
01000070 3 00000005
01000078 1 fffffff9
0100007c 2 00000002
01000080 30 fffffffd
01000084 29 fffffffd
01000088 3 00000006
01000090 1 0000000f
01000094 2 00000000
01000098 30 ffffffff
0100009c 29 ffffffff
010000a0 3 00000007
010000a8 1 80000000
010000ac 2 ffffffff
010000b0 30 80000000
010000b4 29 80000000
010000b8 3 00000008
010000c0 1 00000028
010000c4 2 00000005
010000c8 5 00000008
010000cc 6 00000009
010000d0 29 00000009
010000d4 3 00000009
010000dc 1 00000024
010000e0 2 00000006
010000e4 5 00000006
010000e8 29 00000006
010000ec 3 0000000a
010000f4 1 00000064
010000f8 2 0000000a
010000fc 1 0000000a
01000100 29 0000000a
01000104 3 0000000b
0100010c 1 00000064
01000110 2 0000000a
01000114 2 0000000a
01000118 29 0000000a
0100011c 3 0000000c
01000124 1 00000014
01000128 2 00000004
0100012c 1 00000028
01000130 5 0000000a
01000134 29 0000000a
01000138 3 0000000d
01000140 1 0000005a
01000144 2 00000003
01000148 2 00000009
0100014c 5 0000000a
01000150 29 0000000a
01000154 3 0000000e
0100015c 1 0000003c
01000160 2 00000003
01000164 1 0000005a
01000168 2 00000009
0100016c 5 0000000a
01000170 29 0000000a
01000174 3 0000000f
0100017c 1 00000064
01000180 2 0000000a
01000184 5 0000000a
01000188 6 00000001
0100018c 29 00000001
01000190 3 00000010
01000198 1 00000080
0100019c 2 00000002
010001a0 5 00000040
010001a4 5 00000020
010001a8 5 00000010
010001ac 5 00000008
010001b0 29 00000008
010001b4 3 00000011
010001bc 1 0000005a
010001c0 2 00000009
010001c4 5 0000000a
010001c8 6 0000000a
010001cc 7 0000000a
010001d0 29 0000000a
010001d4 3 00000012
010001e4 1 00000064
010001e8 2 0000000a
010001ec 5 0000000a
010001f0 5 00000063
010001f4 29 00000063
010001f8 3 00000013
01000200 1 00000064
01000204 2 0000000a
01000208 4 00000002
0100020c 5 0000000a
01000210 5 00000032
01000214 29 00000032
01000218 3 00000014
01000220 1 00000064
01000224 2 0000000a
01000228 5 0000000a
0100022c 1 0000004d
01000230 29 0000000a
01000234 3 00000015
0100023c 1 00000064
01000240 2 0000000a
01000244 5 0000000a
01000248 1 00000001
0100024c 2 00000001
01000250 29 0000000a
01000254 3 00000016
0100025c 1 00000078
01000260 2 0000000a
01000264 5 0000000c
01000268 1 00000007
0100026c 5 00000063
01000270 29 00000063
01000274 3 00000017
0100027c 1 00000090
01000280 2 0000000c
01000284 5 0000000c
01000288 6 0000002a
0100028c 7 00000063
01000290 29 0000000c
01000294 3 00000018
0100029c 29 0000002a
010002a4 29 00000063
010002ac 1 00000032
010002b0 2 00000005
010002b8 29 00000000
010002bc 3 00000013
010002ec 3 00000001
010002f0 5 010002f0
010002f4 5 01000308
