01000000 2 01100000
01000004 2 01100000
01000008 1 0100000c
0100003c 2 010fffd0
01000040 15 010fffd8
01000044 13 010fffd8
01000048 14 00000000
0100004c 12 0000000a
01000054 14 00000001
01000058 13 010fffdc
01000054 14 00000002
01000058 13 010fffe0
01000054 14 00000003
01000058 13 010fffe4
01000054 14 00000004
01000058 13 010fffe8
01000054 14 00000005
01000058 13 010fffec
01000054 14 00000006
01000058 13 010ffff0
01000054 14 00000007
01000058 13 010ffff4
01000054 14 00000008
01000058 13 010ffff8
01000054 14 00000009
01000058 13 010ffffc
01000054 14 0000000a
01000058 13 01100000
01000060 13 01100000
01000064 10 00000000
01000068 14 00000000
0100006c 15 010fffdc
01000070 10 00000000
01000068 14 00000001
0100006c 15 010fffe0
01000070 10 00000001
01000068 14 00000002
0100006c 15 010fffe4
01000070 10 00000003
01000068 14 00000003
0100006c 15 010fffe8
01000070 10 00000006
01000068 14 00000004
0100006c 15 010fffec
01000070 10 0000000a
01000068 14 00000005
0100006c 15 010ffff0
01000070 10 0000000f
01000068 14 00000006
0100006c 15 010ffff4
01000070 10 00000015
01000068 14 00000007
0100006c 15 010ffff8
01000070 10 0000001c
01000068 14 00000008
0100006c 15 010ffffc
01000070 10 00000024
01000068 14 00000009
0100006c 15 01100000
01000070 10 0000002d
01000078 10 00000000
0100007c 10 00000001
01000080 2 01100000
0100000c 5 0100000c
01000010 5 01000088
